kite@magi:~$ cd Dropbox/private/
kite@magi:~/Dropbox/private$ ls
AlgBaldeDeTinta.java     programacao
apostila                 programas
documentos               SurubaDeBruxa~
Home Broker BB_arquivos  teste
Home Broker BB.html      【東方ボーカル】 「絡繰りドール」 【SOUND HOLIC】.mp3
kite@magi:~/Dropbox/private$ cd programacao/
kite@magi:~/Dropbox/private/programacao$ ls
android      cuda      html   loza    processing     scala
c            fortran   java   matlab  prolog         scheme
c++          geogebra  julia  opencl  python         scilab
coisasDoAle  git       lisp   povray  pythonEclipse  ufabc
kite@magi:~/Dropbox/private/programacao$ cd ufabc/
kite@magi:~/Dropbox/private/programacao/ufabc$ ls
abV1.32.zip  alg1  ia
kite@magi:~/Dropbox/private/programacao/ufabc$ cd alg1/
kite@magi:~/Dropbox/private/programacao/ufabc/alg1$ ls
artigo  atv2         lista      pilha        trabalhoAlg1
atv1    estudoProva  ordenacao  splitString
kite@magi:~/Dropbox/private/programacao/ufabc/alg1$ cd ..
kite@magi:~/Dropbox/private/programacao/ufabc$ cd ia/
kite@magi:~/Dropbox/private/programacao/ufabc/ia$ ls
abV1.32.tar.gz                abV1.32TreinamentoDoAgente  LearnNeuralNetwork
abV1.32TesteComJogadasIguais  abV1.32.V0                  randomDataBase
kite@magi:~/Dropbox/private/programacao/ufabc/ia$ cd abV1.32
bash: cd: abV1.32: Arquivo ou diretório não encontrado
kite@magi:~/Dropbox/private/programacao/ufabc/ia$ cd abV1.32TesteComJogadasIguais/
kite@magi:~/Dropbox/private/programacao/ufabc/ia/abV1.32TesteComJogadasIguais$ ls
ABSoftware.jar                                    plugin
build.xml                                         randomDataBase
build.xml~                                        #Readme(Server_Client)#
Changelist                                        Readme(Server_Client)
doc                                               saidaProgram
external                                          SourceFilesDescription.txt
hs_err_pid11074.log                               src
hs_err_pid14131.log                               temp
hs_err_pid1689.log                                teste1
Leiame_Criado_Por_Anderson_Goncalves_Marco.html   text
Leiame_Criado_Por_Anderson_Goncalves_Marco.html~  tt
LICENSE                                           tt.csv
kite@magi:~/Dropbox/private/programacao/ufabc/ia/abV1.32TesteComJogadasIguais$ ls
ABSoftware.jar                                    plugin
build.xml                                         randomDataBase
build.xml~                                        #Readme(Server_Client)#
Changelist                                        Readme(Server_Client)
doc                                               saidaProgram
external                                          SourceFilesDescription.txt
hs_err_pid11074.log                               src
hs_err_pid14131.log                               temp
hs_err_pid1689.log                                teste1
Leiame_Criado_Por_Anderson_Goncalves_Marco.html   text
Leiame_Criado_Por_Anderson_Goncalves_Marco.html~  tt
LICENSE                                           tt.csv
kite@magi:~/Dropbox/private/programacao/ufabc/ia/abV1.32TesteComJogadasIguais$ cd ..
kite@magi:~/Dropbox/private/programacao/ufabc/ia$ ls
abV1.32.tar.gz                abV1.32TreinamentoDoAgente  LearnNeuralNetwork
abV1.32TesteComJogadasIguais  abV1.32.V0                  randomDataBase
kite@magi:~/Dropbox/private/programacao/ufabc/ia$ cd abV1.32.V0/
kite@magi:~/Dropbox/private/programacao/ufabc/ia/abV1.32.V0$ ls
ABServer.jar    doc       Readme(Server_Client)       src
ABSoftware.jar  external  saidaAqui
build.xml       LICENSE   saidaScore
Changelist      plugin    SourceFilesDescription.txt
kite@magi:~/Dropbox/private/programacao/ufabc/ia/abV1.32.V0$ emacs saidaScore 
kite@magi:~/Dropbox/private/programacao/ufabc/ia/abV1.32.V0$ cd ..
kite@magi:~/Dropbox/private/programacao/ufabc/ia$ cd abV1.32TreinamentoDoAgente/
kite@magi:~/Dropbox/private/programacao/ufabc/ia/abV1.32TreinamentoDoAgente$ ls
ABSoftware.jar                                    plugin
ABSoftware.jar.bak                                randomDataBase
artigo                                            randomDataBase~
build.xml                                         randomDataBase.csv
Changelist                                        Readme(Server_Client)
doc                                               saidaProgram
external                                          SourceFilesDescription.txt
gerarFormulasLibreOffice.py                       src
gerarFormulasLibreOffice.py~                      temp
hs_err_pid11074.log                               teste1
hs_err_pid14131.log                               teste2
hs_err_pid3034.log                                teste3
Leiame_Criado_Por_Anderson_Goncalves_Marco.html   text
Leiame_Criado_Por_Anderson_Goncalves_Marco.html~  tt
LICENSE                                           tt.csv
output
kite@magi:~/Dropbox/private/programacao/ufabc/ia/abV1.32TreinamentoDoAgente$ cd artigo/
kite@magi:~/Dropbox/private/programacao/ufabc/ia/abV1.32TreinamentoDoAgente/artigo$ ls
bibliografia.bib          _region_.prv           sumarioExecutivo.pdf
bibliografia.bib~         _region_.tex           sumarioExecutivo.synctex.gz
codigoFonte               sumarioExecutivo2.pdf  sumarioExecutivo.tex
imgs                      sumarioExecutivo.aux   sumarioExecutivo.tex~
prv_sumarioExecutivo.log  sumarioExecutivo.bbl   texput.log
prv_sumarioExecutivo.pdf  sumarioExecutivo.blg   video.webm
_region_.log              sumarioExecutivo.log
kite@magi:~/Dropbox/private/programacao/ufabc/ia/abV1.32TreinamentoDoAgente/artigo$ emacs sumarioExecutivo.tex
kite@magi:~/Dropbox/private/programacao/ufabc/ia/abV1.32TreinamentoDoAgente/artigo$ pdflatex sumarioExecutivo
This is pdfTeX, Version 3.1415926-2.4-1.40.13 (TeX Live 2012/Debian)
 restricted \write18 enabled.
entering extended mode
(./sumarioExecutivo.tex
LaTeX2e <2011/06/27>
Babel <v3.8m> and hyphenation patterns for english, dumylang, nohyphenation, po
rtuguese, loaded.
(/usr/share/texlive/texmf-dist/tex/latex/base/article.cls
Document Class: article 2007/10/19 v1.4h Standard LaTeX document class
(/usr/share/texlive/texmf-dist/tex/latex/base/size10.clo))
(/usr/share/texlive/texmf-dist/tex/generic/oberdiek/ifpdf.sty)
(/usr/share/texlive/texmf-dist/tex/latex/base/inputenc.sty
(/usr/share/texlive/texmf-dist/tex/latex/base/utf8.def
(/usr/share/texlive/texmf-dist/tex/latex/base/t1enc.dfu)
(/usr/share/texlive/texmf-dist/tex/latex/base/ot1enc.dfu)
(/usr/share/texlive/texmf-dist/tex/latex/base/omsenc.dfu)))
(/usr/share/texlive/texmf-dist/tex/generic/babel/babel.sty
(/usr/share/texlive/texmf-dist/tex/generic/babel/portuges.ldf
(/usr/share/texlive/texmf-dist/tex/generic/babel/babel.def)))
(/usr/share/texlive/texmf-dist/tex/latex/float/float.sty)
(/usr/share/texlive/texmf-dist/tex/latex/graphics/graphicx.sty
(/usr/share/texlive/texmf-dist/tex/latex/graphics/keyval.sty)
(/usr/share/texlive/texmf-dist/tex/latex/graphics/graphics.sty
(/usr/share/texlive/texmf-dist/tex/latex/graphics/trig.sty)
(/usr/share/texlive/texmf-dist/tex/latex/latexconfig/graphics.cfg)
(/usr/share/texlive/texmf-dist/tex/latex/pdftex-def/pdftex.def
(/usr/share/texlive/texmf-dist/tex/generic/oberdiek/infwarerr.sty)
(/usr/share/texlive/texmf-dist/tex/generic/oberdiek/ltxcmds.sty))))
(/usr/share/texlive/texmf-dist/tex/latex/tools/enumerate.sty)
(/usr/share/texlive/texmf-dist/tex/latex/url/url.sty)
(/usr/share/texlive/texmf-dist/tex/latex/geometry/geometry.sty
(/usr/share/texlive/texmf-dist/tex/generic/oberdiek/ifvtex.sty)
(/usr/share/texlive/texmf-dist/tex/generic/ifxetex/ifxetex.sty))
(/usr/share/texlive/texmf-dist/tex/latex/amsmath/amsmath.sty
For additional information on amsmath, use the `?' option.
(/usr/share/texlive/texmf-dist/tex/latex/amsmath/amstext.sty
(/usr/share/texlive/texmf-dist/tex/latex/amsmath/amsgen.sty))
(/usr/share/texlive/texmf-dist/tex/latex/amsmath/amsbsy.sty)
(/usr/share/texlive/texmf-dist/tex/latex/amsmath/amsopn.sty))
(./sumarioExecutivo.aux

LaTeX Warning: Label `fig:MostrandoOCruzamentoPorCorte' multiply defined.


LaTeX Warning: Label `fig:MostrandoOCruzamentoUniforme' multiply defined.


LaTeX Warning: Label `fig:MostrandoOCruzamentoUniforme' multiply defined.


LaTeX Warning: Label `fig:MostrandoOCruzamentoUniforme' multiply defined.

) (/usr/share/texlive/texmf-dist/tex/context/base/supp-pdf.mkii
[Loading MPS to PDF converter (version 2006.09.02).]
) (/usr/share/texlive/texmf-dist/tex/generic/oberdiek/pdftexcmds.sty
(/usr/share/texlive/texmf-dist/tex/generic/oberdiek/ifluatex.sty))
(/usr/share/texlive/texmf-dist/tex/latex/oberdiek/epstopdf-base.sty
(/usr/share/texlive/texmf-dist/tex/latex/oberdiek/grfext.sty
(/usr/share/texlive/texmf-dist/tex/generic/oberdiek/kvdefinekeys.sty))
(/usr/share/texlive/texmf-dist/tex/latex/oberdiek/kvoptions.sty
(/usr/share/texlive/texmf-dist/tex/generic/oberdiek/kvsetkeys.sty
(/usr/share/texlive/texmf-dist/tex/generic/oberdiek/etexcmds.sty)))
(/usr/share/texlive/texmf-dist/tex/latex/latexconfig/epstopdf-sys.cfg))
*geometry* driver: auto-detecting
*geometry* detected driver: pdftex

Underfull \hbox (badness 10000) in paragraph at lines 17--18


Underfull \hbox (badness 10000) in paragraph at lines 17--18


Underfull \hbox (badness 10000) in paragraph at lines 19--20


Underfull \hbox (badness 10000) in paragraph at lines 19--20


LaTeX Warning: Citation `aiBirds' on page 1 undefined on input line 22.


Underfull \hbox (badness 10000) in paragraph at lines 21--23


Underfull \hbox (badness 10000) in paragraph at lines 21--23


Underfull \hbox (badness 10000) in paragraph at lines 21--23


LaTeX Warning: Citation `primeiroAUsarAG' on page 1 undefined on input line 28.



Underfull \hbox (badness 10000) in paragraph at lines 28--29


Underfull \hbox (badness 10000) in paragraph at lines 28--29

<imgs/cachorroELobo.jpg, id=1, 552.0625pt x 344.28625pt>
<use imgs/cachorroELobo.jpg>
Underfull \hbox (badness 10000) in paragraph at lines 30--36


Underfull \hbox (badness 10000) in paragraph at lines 30--36


! LaTeX Error: There's no line here to end.

See the LaTeX manual or LaTeX Companion for explanation.
Type  H <return>  for immediate help.
 ...                                              
                                                  
l.36 \end{figure} \\ \\
                       
? quit
OK, entering \batchmode
SyncTeX written on sumarioExecutivo.synctex.gz.kite@magi:~/Dropbox/private/programacao/ufabc/ia/abV1.32TreinamentoDoAgente/artigo$ quit
bash: quit: comando não encontrado
kite@magi:~/Dropbox/private/programacao/ufabc/ia/abV1.32TreinamentoDoAgente/artigo$ pdflatex sumarioExecutivo
This is pdfTeX, Version 3.1415926-2.4-1.40.13 (TeX Live 2012/Debian)
 restricted \write18 enabled.
entering extended mode
(./sumarioExecutivo.tex
LaTeX2e <2011/06/27>
Babel <v3.8m> and hyphenation patterns for english, dumylang, nohyphenation, po
rtuguese, loaded.
(/usr/share/texlive/texmf-dist/tex/latex/base/article.cls
Document Class: article 2007/10/19 v1.4h Standard LaTeX document class
(/usr/share/texlive/texmf-dist/tex/latex/base/size10.clo))
(/usr/share/texlive/texmf-dist/tex/generic/oberdiek/ifpdf.sty)
(/usr/share/texlive/texmf-dist/tex/latex/base/inputenc.sty
(/usr/share/texlive/texmf-dist/tex/latex/base/utf8.def
(/usr/share/texlive/texmf-dist/tex/latex/base/t1enc.dfu)
(/usr/share/texlive/texmf-dist/tex/latex/base/ot1enc.dfu)
(/usr/share/texlive/texmf-dist/tex/latex/base/omsenc.dfu)))
(/usr/share/texlive/texmf-dist/tex/generic/babel/babel.sty
(/usr/share/texlive/texmf-dist/tex/generic/babel/portuges.ldf
(/usr/share/texlive/texmf-dist/tex/generic/babel/babel.def)))
(/usr/share/texlive/texmf-dist/tex/latex/float/float.sty)
(/usr/share/texlive/texmf-dist/tex/latex/graphics/graphicx.sty
(/usr/share/texlive/texmf-dist/tex/latex/graphics/keyval.sty)
(/usr/share/texlive/texmf-dist/tex/latex/graphics/graphics.sty
(/usr/share/texlive/texmf-dist/tex/latex/graphics/trig.sty)
(/usr/share/texlive/texmf-dist/tex/latex/latexconfig/graphics.cfg)
(/usr/share/texlive/texmf-dist/tex/latex/pdftex-def/pdftex.def
(/usr/share/texlive/texmf-dist/tex/generic/oberdiek/infwarerr.sty)
(/usr/share/texlive/texmf-dist/tex/generic/oberdiek/ltxcmds.sty))))
(/usr/share/texlive/texmf-dist/tex/latex/tools/enumerate.sty)
(/usr/share/texlive/texmf-dist/tex/latex/url/url.sty)
(/usr/share/texlive/texmf-dist/tex/latex/geometry/geometry.sty
(/usr/share/texlive/texmf-dist/tex/generic/oberdiek/ifvtex.sty)
(/usr/share/texlive/texmf-dist/tex/generic/ifxetex/ifxetex.sty))
(/usr/share/texlive/texmf-dist/tex/latex/amsmath/amsmath.sty
For additional information on amsmath, use the `?' option.
(/usr/share/texlive/texmf-dist/tex/latex/amsmath/amstext.sty
(/usr/share/texlive/texmf-dist/tex/latex/amsmath/amsgen.sty))
(/usr/share/texlive/texmf-dist/tex/latex/amsmath/amsbsy.sty)
(/usr/share/texlive/texmf-dist/tex/latex/amsmath/amsopn.sty))
(./sumarioExecutivo.aux

LaTeX Warning: Label `fig:MostrandoOCruzamentoPorCorte' multiply defined.


LaTeX Warning: Label `fig:MostrandoOCruzamentoUniforme' multiply defined.


LaTeX Warning: Label `fig:MostrandoOCruzamentoUniforme' multiply defined.


LaTeX Warning: Label `fig:MostrandoOCruzamentoUniforme' multiply defined.

) (/usr/share/texlive/texmf-dist/tex/context/base/supp-pdf.mkii
[Loading MPS to PDF converter (version 2006.09.02).]
) (/usr/share/texlive/texmf-dist/tex/generic/oberdiek/pdftexcmds.sty
(/usr/share/texlive/texmf-dist/tex/generic/oberdiek/ifluatex.sty))
(/usr/share/texlive/texmf-dist/tex/latex/oberdiek/epstopdf-base.sty
(/usr/share/texlive/texmf-dist/tex/latex/oberdiek/grfext.sty
(/usr/share/texlive/texmf-dist/tex/generic/oberdiek/kvdefinekeys.sty))
(/usr/share/texlive/texmf-dist/tex/latex/oberdiek/kvoptions.sty
(/usr/share/texlive/texmf-dist/tex/generic/oberdiek/kvsetkeys.sty
(/usr/share/texlive/texmf-dist/tex/generic/oberdiek/etexcmds.sty)))
(/usr/share/texlive/texmf-dist/tex/latex/latexconfig/epstopdf-sys.cfg))
*geometry* driver: auto-detecting
*geometry* detected driver: pdftex

Underfull \hbox (badness 10000) in paragraph at lines 17--18


Underfull \hbox (badness 10000) in paragraph at lines 17--18


Underfull \hbox (badness 10000) in paragraph at lines 19--20


Underfull \hbox (badness 10000) in paragraph at lines 19--20


LaTeX Warning: Citation `aiBirds' on page 1 undefined on input line 22.


Underfull \hbox (badness 10000) in paragraph at lines 21--23


Underfull \hbox (badness 10000) in paragraph at lines 21--23


Underfull \hbox (badness 10000) in paragraph at lines 21--23


LaTeX Warning: Citation `primeiroAUsarAG' on page 1 undefined on input line 28.



Underfull \hbox (badness 10000) in paragraph at lines 28--29


Underfull \hbox (badness 10000) in paragraph at lines 28--29

<imgs/cachorroELobo.jpg, id=1, 552.0625pt x 344.28625pt>
<use imgs/cachorroELobo.jpg>
Underfull \hbox (badness 10000) in paragraph at lines 30--36


Underfull \hbox (badness 10000) in paragraph at lines 30--36


! LaTeX Error: There's no line here to end.

See the LaTeX manual or LaTeX Companion for explanation.
Type  H <return>  for immediate help.
 ...                                              
                                                  
l.37 
     
? quit
OK, entering \batchmode
SyncTeX written on sumarioExecutivo.synctex.gz.kite@magi:~/Dropbox/private/programacao/ufabc/ia/abV1.32TreinamentoDoAgente/artigo$ pdflatex sumarioExecutivo
This is pdfTeX, Version 3.1415926-2.4-1.40.13 (TeX Live 2012/Debian)
 restricted \write18 enabled.
entering extended mode
(./sumarioExecutivo.tex
LaTeX2e <2011/06/27>
Babel <v3.8m> and hyphenation patterns for english, dumylang, nohyphenation, po
rtuguese, loaded.
(/usr/share/texlive/texmf-dist/tex/latex/base/article.cls
Document Class: article 2007/10/19 v1.4h Standard LaTeX document class
(/usr/share/texlive/texmf-dist/tex/latex/base/size10.clo))
(/usr/share/texlive/texmf-dist/tex/generic/oberdiek/ifpdf.sty)
(/usr/share/texlive/texmf-dist/tex/latex/base/inputenc.sty
(/usr/share/texlive/texmf-dist/tex/latex/base/utf8.def
(/usr/share/texlive/texmf-dist/tex/latex/base/t1enc.dfu)
(/usr/share/texlive/texmf-dist/tex/latex/base/ot1enc.dfu)
(/usr/share/texlive/texmf-dist/tex/latex/base/omsenc.dfu)))
(/usr/share/texlive/texmf-dist/tex/generic/babel/babel.sty
(/usr/share/texlive/texmf-dist/tex/generic/babel/portuges.ldf
(/usr/share/texlive/texmf-dist/tex/generic/babel/babel.def)))
(/usr/share/texlive/texmf-dist/tex/latex/float/float.sty)
(/usr/share/texlive/texmf-dist/tex/latex/graphics/graphicx.sty
(/usr/share/texlive/texmf-dist/tex/latex/graphics/keyval.sty)
(/usr/share/texlive/texmf-dist/tex/latex/graphics/graphics.sty
(/usr/share/texlive/texmf-dist/tex/latex/graphics/trig.sty)
(/usr/share/texlive/texmf-dist/tex/latex/latexconfig/graphics.cfg)
(/usr/share/texlive/texmf-dist/tex/latex/pdftex-def/pdftex.def
(/usr/share/texlive/texmf-dist/tex/generic/oberdiek/infwarerr.sty)
(/usr/share/texlive/texmf-dist/tex/generic/oberdiek/ltxcmds.sty))))
(/usr/share/texlive/texmf-dist/tex/latex/tools/enumerate.sty)
(/usr/share/texlive/texmf-dist/tex/latex/url/url.sty)
(/usr/share/texlive/texmf-dist/tex/latex/geometry/geometry.sty
(/usr/share/texlive/texmf-dist/tex/generic/oberdiek/ifvtex.sty)
(/usr/share/texlive/texmf-dist/tex/generic/ifxetex/ifxetex.sty))
(/usr/share/texlive/texmf-dist/tex/latex/amsmath/amsmath.sty
For additional information on amsmath, use the `?' option.
(/usr/share/texlive/texmf-dist/tex/latex/amsmath/amstext.sty
(/usr/share/texlive/texmf-dist/tex/latex/amsmath/amsgen.sty))
(/usr/share/texlive/texmf-dist/tex/latex/amsmath/amsbsy.sty)
(/usr/share/texlive/texmf-dist/tex/latex/amsmath/amsopn.sty))
(./sumarioExecutivo.aux

LaTeX Warning: Label `fig:MostrandoOCruzamentoPorCorte' multiply defined.


LaTeX Warning: Label `fig:MostrandoOCruzamentoUniforme' multiply defined.


LaTeX Warning: Label `fig:MostrandoOCruzamentoUniforme' multiply defined.


LaTeX Warning: Label `fig:MostrandoOCruzamentoUniforme' multiply defined.

) (/usr/share/texlive/texmf-dist/tex/context/base/supp-pdf.mkii
[Loading MPS to PDF converter (version 2006.09.02).]
) (/usr/share/texlive/texmf-dist/tex/generic/oberdiek/pdftexcmds.sty
(/usr/share/texlive/texmf-dist/tex/generic/oberdiek/ifluatex.sty))
(/usr/share/texlive/texmf-dist/tex/latex/oberdiek/epstopdf-base.sty
(/usr/share/texlive/texmf-dist/tex/latex/oberdiek/grfext.sty
(/usr/share/texlive/texmf-dist/tex/generic/oberdiek/kvdefinekeys.sty))
(/usr/share/texlive/texmf-dist/tex/latex/oberdiek/kvoptions.sty
(/usr/share/texlive/texmf-dist/tex/generic/oberdiek/kvsetkeys.sty
(/usr/share/texlive/texmf-dist/tex/generic/oberdiek/etexcmds.sty)))
(/usr/share/texlive/texmf-dist/tex/latex/latexconfig/epstopdf-sys.cfg))
*geometry* driver: auto-detecting
*geometry* detected driver: pdftex

Underfull \hbox (badness 10000) in paragraph at lines 17--18


Underfull \hbox (badness 10000) in paragraph at lines 17--18


Underfull \hbox (badness 10000) in paragraph at lines 19--20


Underfull \hbox (badness 10000) in paragraph at lines 19--20


LaTeX Warning: Citation `aiBirds' on page 1 undefined on input line 22.


Underfull \hbox (badness 10000) in paragraph at lines 21--23


Underfull \hbox (badness 10000) in paragraph at lines 21--23


Underfull \hbox (badness 10000) in paragraph at lines 21--23


LaTeX Warning: Citation `primeiroAUsarAG' on page 1 undefined on input line 28.



Underfull \hbox (badness 10000) in paragraph at lines 28--29


Underfull \hbox (badness 10000) in paragraph at lines 28--29

<imgs/cachorroELobo.jpg, id=1, 552.0625pt x 344.28625pt>
<use imgs/cachorroELobo.jpg>
Underfull \hbox (badness 10000) in paragraph at lines 30--36


Underfull \hbox (badness 10000) in paragraph at lines 30--36

[1{/var/lib/texmf/fonts/map/pdftex/updmap/pdftex.map}]
<imgs/tiposDeCromossomo.pdf, id=12, 762.31706pt x 200.75pt>
<use imgs/tiposDeCromossomo.pdf>
Underfull \hbox (badness 10000) in paragraph at lines 38--44


Underfull \hbox (badness 10000) in paragraph at lines 38--44


LaTeX Warning: Citation `UFRGS-Apostila-GA' on page 2 undefined on input line 4
6.


LaTeX Warning: Citation `Livro-De-IA' on page 2 undefined on input line 46.


LaTeX Warning: Citation `Livro-De-IA' on page 2 undefined on input line 46.

<imgs/diagramaCorte.pdf, id=13, 482.60298pt x 292.03165pt>
<use imgs/diagramaCorte.pdf>
Underfull \hbox (badness 10000) in paragraph at lines 46--56


Underfull \hbox (badness 10000) in paragraph at lines 46--56


Underfull \hbox (badness 10000) in paragraph at lines 46--56


Underfull \hbox (badness 10000) in paragraph at lines 46--56


Underfull \hbox (badness 10000) in paragraph at lines 46--56


Underfull \hbox (badness 10000) in paragraph at lines 46--56

[2 <./imgs/cachorroELobo.jpg> <./imgs/tiposDeCromossomo.pdf>]

! LaTeX Error: There's no line here to end.

See the LaTeX manual or LaTeX Companion for explanation.
Type  H <return>  for immediate help.
 ...                                              
                                                  
l.56 \end{figure} \\ \\
                       
? quit
OK, entering \batchmode
SyncTeX written on sumarioExecutivo.synctex.gz.kite@magi:~/Dropbox/private/programacao/ufabc/ia/abV1.32TreinamentoDoAgente/artigo$ pdflatex sumarioExecutivo
This is pdfTeX, Version 3.1415926-2.4-1.40.13 (TeX Live 2012/Debian)
 restricted \write18 enabled.
entering extended mode
(./sumarioExecutivo.tex
LaTeX2e <2011/06/27>
Babel <v3.8m> and hyphenation patterns for english, dumylang, nohyphenation, po
rtuguese, loaded.
(/usr/share/texlive/texmf-dist/tex/latex/base/article.cls
Document Class: article 2007/10/19 v1.4h Standard LaTeX document class
(/usr/share/texlive/texmf-dist/tex/latex/base/size10.clo))
(/usr/share/texlive/texmf-dist/tex/generic/oberdiek/ifpdf.sty)
(/usr/share/texlive/texmf-dist/tex/latex/base/inputenc.sty
(/usr/share/texlive/texmf-dist/tex/latex/base/utf8.def
(/usr/share/texlive/texmf-dist/tex/latex/base/t1enc.dfu)
(/usr/share/texlive/texmf-dist/tex/latex/base/ot1enc.dfu)
(/usr/share/texlive/texmf-dist/tex/latex/base/omsenc.dfu)))
(/usr/share/texlive/texmf-dist/tex/generic/babel/babel.sty
(/usr/share/texlive/texmf-dist/tex/generic/babel/portuges.ldf
(/usr/share/texlive/texmf-dist/tex/generic/babel/babel.def)))
(/usr/share/texlive/texmf-dist/tex/latex/float/float.sty)
(/usr/share/texlive/texmf-dist/tex/latex/graphics/graphicx.sty
(/usr/share/texlive/texmf-dist/tex/latex/graphics/keyval.sty)
(/usr/share/texlive/texmf-dist/tex/latex/graphics/graphics.sty
(/usr/share/texlive/texmf-dist/tex/latex/graphics/trig.sty)
(/usr/share/texlive/texmf-dist/tex/latex/latexconfig/graphics.cfg)
(/usr/share/texlive/texmf-dist/tex/latex/pdftex-def/pdftex.def
(/usr/share/texlive/texmf-dist/tex/generic/oberdiek/infwarerr.sty)
(/usr/share/texlive/texmf-dist/tex/generic/oberdiek/ltxcmds.sty))))
(/usr/share/texlive/texmf-dist/tex/latex/tools/enumerate.sty)
(/usr/share/texlive/texmf-dist/tex/latex/url/url.sty)
(/usr/share/texlive/texmf-dist/tex/latex/geometry/geometry.sty
(/usr/share/texlive/texmf-dist/tex/generic/oberdiek/ifvtex.sty)
(/usr/share/texlive/texmf-dist/tex/generic/ifxetex/ifxetex.sty))
(/usr/share/texlive/texmf-dist/tex/latex/amsmath/amsmath.sty
For additional information on amsmath, use the `?' option.
(/usr/share/texlive/texmf-dist/tex/latex/amsmath/amstext.sty
(/usr/share/texlive/texmf-dist/tex/latex/amsmath/amsgen.sty))
(/usr/share/texlive/texmf-dist/tex/latex/amsmath/amsbsy.sty)
(/usr/share/texlive/texmf-dist/tex/latex/amsmath/amsopn.sty))
(./sumarioExecutivo.aux

LaTeX Warning: Label `fig:MostrandoOCruzamentoPorCorte' multiply defined.


LaTeX Warning: Label `fig:MostrandoOCruzamentoUniforme' multiply defined.


LaTeX Warning: Label `fig:MostrandoOCruzamentoUniforme' multiply defined.


LaTeX Warning: Label `fig:MostrandoOCruzamentoUniforme' multiply defined.

) (/usr/share/texlive/texmf-dist/tex/context/base/supp-pdf.mkii
[Loading MPS to PDF converter (version 2006.09.02).]
) (/usr/share/texlive/texmf-dist/tex/generic/oberdiek/pdftexcmds.sty
(/usr/share/texlive/texmf-dist/tex/generic/oberdiek/ifluatex.sty))
(/usr/share/texlive/texmf-dist/tex/latex/oberdiek/epstopdf-base.sty
(/usr/share/texlive/texmf-dist/tex/latex/oberdiek/grfext.sty
(/usr/share/texlive/texmf-dist/tex/generic/oberdiek/kvdefinekeys.sty))
(/usr/share/texlive/texmf-dist/tex/latex/oberdiek/kvoptions.sty
(/usr/share/texlive/texmf-dist/tex/generic/oberdiek/kvsetkeys.sty
(/usr/share/texlive/texmf-dist/tex/generic/oberdiek/etexcmds.sty)))
(/usr/share/texlive/texmf-dist/tex/latex/latexconfig/epstopdf-sys.cfg))
*geometry* driver: auto-detecting
*geometry* detected driver: pdftex

Underfull \hbox (badness 10000) in paragraph at lines 17--18


Underfull \hbox (badness 10000) in paragraph at lines 17--18


Underfull \hbox (badness 10000) in paragraph at lines 19--20


Underfull \hbox (badness 10000) in paragraph at lines 19--20


LaTeX Warning: Citation `aiBirds' on page 1 undefined on input line 22.


Underfull \hbox (badness 10000) in paragraph at lines 21--23


Underfull \hbox (badness 10000) in paragraph at lines 21--23


Underfull \hbox (badness 10000) in paragraph at lines 21--23


LaTeX Warning: Citation `primeiroAUsarAG' on page 1 undefined on input line 28.



Underfull \hbox (badness 10000) in paragraph at lines 28--29


Underfull \hbox (badness 10000) in paragraph at lines 28--29

<imgs/cachorroELobo.jpg, id=1, 552.0625pt x 344.28625pt>
<use imgs/cachorroELobo.jpg>
Underfull \hbox (badness 10000) in paragraph at lines 30--36

[1{/var/lib/texmf/fonts/map/pdftex/updmap/pdftex.map}]
<imgs/tiposDeCromossomo.pdf, id=12, 762.31706pt x 200.75pt>
<use imgs/tiposDeCromossomo.pdf>
Underfull \hbox (badness 10000) in paragraph at lines 38--44


Underfull \hbox (badness 10000) in paragraph at lines 38--44


LaTeX Warning: Citation `UFRGS-Apostila-GA' on page 2 undefined on input line 4
6.


LaTeX Warning: Citation `Livro-De-IA' on page 2 undefined on input line 46.


LaTeX Warning: Citation `Livro-De-IA' on page 2 undefined on input line 46.

<imgs/diagramaCorte.pdf, id=13, 482.60298pt x 292.03165pt>
<use imgs/diagramaCorte.pdf>
Underfull \hbox (badness 10000) in paragraph at lines 46--56


Underfull \hbox (badness 10000) in paragraph at lines 46--56


Underfull \hbox (badness 10000) in paragraph at lines 46--56


Underfull \hbox (badness 10000) in paragraph at lines 46--56


Underfull \hbox (badness 10000) in paragraph at lines 46--56

[2 <./imgs/cachorroELobo.jpg> <./imgs/tiposDeCromossomo.pdf>]
<imgs/diagramaMascara.pdf, id=178, 482.60298pt x 276.26418pt>
<use imgs/diagramaMascara.pdf>
Underfull \hbox (badness 10000) in paragraph at lines 58--64


Underfull \hbox (badness 10000) in paragraph at lines 58--64


! LaTeX Error: There's no line here to end.

See the LaTeX manual or LaTeX Companion for explanation.
Type  H <return>  for immediate help.
 ...                                              
                                                  
l.64 \end{figure} \\ \\
                       
? quit
OK, entering \batchmode
SyncTeX written on sumarioExecutivo.synctex.gz.kite@magi:~/Dropbox/private/programacao/ufabc/ia/abV1.32TreinamentoDoAgente/artigo$ pdflatex sumarioExecutivo
This is pdfTeX, Version 3.1415926-2.4-1.40.13 (TeX Live 2012/Debian)
 restricted \write18 enabled.
entering extended mode
(./sumarioExecutivo.tex
LaTeX2e <2011/06/27>
Babel <v3.8m> and hyphenation patterns for english, dumylang, nohyphenation, po
rtuguese, loaded.
(/usr/share/texlive/texmf-dist/tex/latex/base/article.cls
Document Class: article 2007/10/19 v1.4h Standard LaTeX document class
(/usr/share/texlive/texmf-dist/tex/latex/base/size10.clo))
(/usr/share/texlive/texmf-dist/tex/generic/oberdiek/ifpdf.sty)
(/usr/share/texlive/texmf-dist/tex/latex/base/inputenc.sty
(/usr/share/texlive/texmf-dist/tex/latex/base/utf8.def
(/usr/share/texlive/texmf-dist/tex/latex/base/t1enc.dfu)
(/usr/share/texlive/texmf-dist/tex/latex/base/ot1enc.dfu)
(/usr/share/texlive/texmf-dist/tex/latex/base/omsenc.dfu)))
(/usr/share/texlive/texmf-dist/tex/generic/babel/babel.sty
(/usr/share/texlive/texmf-dist/tex/generic/babel/portuges.ldf
(/usr/share/texlive/texmf-dist/tex/generic/babel/babel.def)))
(/usr/share/texlive/texmf-dist/tex/latex/float/float.sty)
(/usr/share/texlive/texmf-dist/tex/latex/graphics/graphicx.sty
(/usr/share/texlive/texmf-dist/tex/latex/graphics/keyval.sty)
(/usr/share/texlive/texmf-dist/tex/latex/graphics/graphics.sty
(/usr/share/texlive/texmf-dist/tex/latex/graphics/trig.sty)
(/usr/share/texlive/texmf-dist/tex/latex/latexconfig/graphics.cfg)
(/usr/share/texlive/texmf-dist/tex/latex/pdftex-def/pdftex.def
(/usr/share/texlive/texmf-dist/tex/generic/oberdiek/infwarerr.sty)
(/usr/share/texlive/texmf-dist/tex/generic/oberdiek/ltxcmds.sty))))
(/usr/share/texlive/texmf-dist/tex/latex/tools/enumerate.sty)
(/usr/share/texlive/texmf-dist/tex/latex/url/url.sty)
(/usr/share/texlive/texmf-dist/tex/latex/geometry/geometry.sty
(/usr/share/texlive/texmf-dist/tex/generic/oberdiek/ifvtex.sty)
(/usr/share/texlive/texmf-dist/tex/generic/ifxetex/ifxetex.sty))
(/usr/share/texlive/texmf-dist/tex/latex/amsmath/amsmath.sty
For additional information on amsmath, use the `?' option.
(/usr/share/texlive/texmf-dist/tex/latex/amsmath/amstext.sty
(/usr/share/texlive/texmf-dist/tex/latex/amsmath/amsgen.sty))
(/usr/share/texlive/texmf-dist/tex/latex/amsmath/amsbsy.sty)
(/usr/share/texlive/texmf-dist/tex/latex/amsmath/amsopn.sty))
(./sumarioExecutivo.aux

LaTeX Warning: Label `fig:MostrandoOCruzamentoPorCorte' multiply defined.


LaTeX Warning: Label `fig:MostrandoOCruzamentoUniforme' multiply defined.


LaTeX Warning: Label `fig:MostrandoOCruzamentoUniforme' multiply defined.


LaTeX Warning: Label `fig:MostrandoOCruzamentoUniforme' multiply defined.

) (/usr/share/texlive/texmf-dist/tex/context/base/supp-pdf.mkii
[Loading MPS to PDF converter (version 2006.09.02).]
) (/usr/share/texlive/texmf-dist/tex/generic/oberdiek/pdftexcmds.sty
(/usr/share/texlive/texmf-dist/tex/generic/oberdiek/ifluatex.sty))
(/usr/share/texlive/texmf-dist/tex/latex/oberdiek/epstopdf-base.sty
(/usr/share/texlive/texmf-dist/tex/latex/oberdiek/grfext.sty
(/usr/share/texlive/texmf-dist/tex/generic/oberdiek/kvdefinekeys.sty))
(/usr/share/texlive/texmf-dist/tex/latex/oberdiek/kvoptions.sty
(/usr/share/texlive/texmf-dist/tex/generic/oberdiek/kvsetkeys.sty
(/usr/share/texlive/texmf-dist/tex/generic/oberdiek/etexcmds.sty)))
(/usr/share/texlive/texmf-dist/tex/latex/latexconfig/epstopdf-sys.cfg))
*geometry* driver: auto-detecting
*geometry* detected driver: pdftex

Underfull \hbox (badness 10000) in paragraph at lines 17--18


Underfull \hbox (badness 10000) in paragraph at lines 17--18


Underfull \hbox (badness 10000) in paragraph at lines 19--20


Underfull \hbox (badness 10000) in paragraph at lines 19--20


LaTeX Warning: Citation `aiBirds' on page 1 undefined on input line 22.


Underfull \hbox (badness 10000) in paragraph at lines 21--23


Underfull \hbox (badness 10000) in paragraph at lines 21--23


Underfull \hbox (badness 10000) in paragraph at lines 21--23


LaTeX Warning: Citation `primeiroAUsarAG' on page 1 undefined on input line 28.



Underfull \hbox (badness 10000) in paragraph at lines 28--29


Underfull \hbox (badness 10000) in paragraph at lines 28--29

<imgs/cachorroELobo.jpg, id=1, 552.0625pt x 344.28625pt>
<use imgs/cachorroELobo.jpg>
Underfull \hbox (badness 10000) in paragraph at lines 30--36

[1{/var/lib/texmf/fonts/map/pdftex/updmap/pdftex.map}]
<imgs/tiposDeCromossomo.pdf, id=12, 762.31706pt x 200.75pt>
<use imgs/tiposDeCromossomo.pdf>
Underfull \hbox (badness 10000) in paragraph at lines 38--44


Underfull \hbox (badness 10000) in paragraph at lines 38--44


LaTeX Warning: Citation `UFRGS-Apostila-GA' on page 2 undefined on input line 4
6.


LaTeX Warning: Citation `Livro-De-IA' on page 2 undefined on input line 46.


LaTeX Warning: Citation `Livro-De-IA' on page 2 undefined on input line 46.

<imgs/diagramaCorte.pdf, id=13, 482.60298pt x 292.03165pt>
<use imgs/diagramaCorte.pdf>
Underfull \hbox (badness 10000) in paragraph at lines 46--56


Underfull \hbox (badness 10000) in paragraph at lines 46--56


Underfull \hbox (badness 10000) in paragraph at lines 46--56


Underfull \hbox (badness 10000) in paragraph at lines 46--56


Underfull \hbox (badness 10000) in paragraph at lines 46--56

[2 <./imgs/cachorroELobo.jpg> <./imgs/tiposDeCromossomo.pdf>]
<imgs/diagramaMascara.pdf, id=178, 482.60298pt x 276.26418pt>
<use imgs/diagramaMascara.pdf>
Underfull \hbox (badness 10000) in paragraph at lines 58--64


Underfull \hbox (badness 10000) in paragraph at lines 58--64


LaTeX Warning: Reference `fig:DiagramaAG' on page 3 undefined on input line 66.


<imgs/diagramaAG.pdf, id=179, 566.115pt x 528.97626pt>
<use imgs/diagramaAG.pdf>
Underfull \hbox (badness 10000) in paragraph at lines 64--72

[3 <./imgs/diagramaCorte.pdf> <./imgs/diagramaMascara.pdf

pdfTeX warning: pdflatex (file ./imgs/diagramaMascara.pdf): PDF inclusion: mult
iple pdfs with page group included in a single page
>]

LaTeX Warning: Reference `fig:AngryBirds' on page 4 undefined on input line 75.



Underfull \hbox (badness 10000) in paragraph at lines 75--77

(/usr/share/texlive/texmf-dist/tex/latex/base/omscmr.fd)

LaTeX Warning: Citation `videoMostrandoQueOjogoNaoEDeterministico' on page 4 un
defined on input line 79.

[4 <./imgs/diagramaAG.pdf>]
Underfull \hbox (badness 10000) in paragraph at lines 93--96


Underfull \hbox (badness 10000) in paragraph at lines 93--96


Underfull \hbox (badness 10000) in paragraph at lines 97--98


Underfull \hbox (badness 10000) in paragraph at lines 97--98


LaTeX Warning: Reference `fig:taxaAprendizagemTorneio' on page 5 undefined on i
nput line 101.


LaTeX Warning: Reference `fig:taxaAprendizagem2Torneio' on page 5 undefined on 
input line 101.


LaTeX Warning: Reference `fig:taxaAprendizagemRoleta' on page 5 undefined on in
put line 101.


LaTeX Warning: Reference `fig:taxaAprendizagem2Roleta' on page 5 undefined on i
nput line 101.

<use imgs/diagramaAG.pdf>
Underfull \hbox (badness 10000) in paragraph at lines 99--107


Underfull \hbox (badness 10000) in paragraph at lines 99--107


Underfull \hbox (badness 10000) in paragraph at lines 99--107


Underfull \hbox (badness 10000) in paragraph at lines 99--107

<use imgs/diagramaAG.pdf> [5] [6]

LaTeX Warning: Reference `tab:comparacao' on page 7 undefined on input line 119
.

! Extra alignment tab has been changed to \cr.
<recently read> \endtemplate 
                             
l.124     \textbf{} & \textbf{Média} &
                                        \textbf{Desvio Padrão} & \textbf{Ma...

? quit
OK, entering \batchmode
SyncTeX written on sumarioExecutivo.synctex.gz.kite@magi:~/Dropbox/private/programacao/ufabc/ia/abV1.32TreinamentoDoAgente/artigo$ pdflatex sumarioExecutivo
This is pdfTeX, Version 3.1415926-2.4-1.40.13 (TeX Live 2012/Debian)
 restricted \write18 enabled.
entering extended mode
(./sumarioExecutivo.tex
LaTeX2e <2011/06/27>
Babel <v3.8m> and hyphenation patterns for english, dumylang, nohyphenation, po
rtuguese, loaded.
(/usr/share/texlive/texmf-dist/tex/latex/base/article.cls
Document Class: article 2007/10/19 v1.4h Standard LaTeX document class
(/usr/share/texlive/texmf-dist/tex/latex/base/size10.clo))
(/usr/share/texlive/texmf-dist/tex/generic/oberdiek/ifpdf.sty)
(/usr/share/texlive/texmf-dist/tex/latex/base/inputenc.sty
(/usr/share/texlive/texmf-dist/tex/latex/base/utf8.def
(/usr/share/texlive/texmf-dist/tex/latex/base/t1enc.dfu)
(/usr/share/texlive/texmf-dist/tex/latex/base/ot1enc.dfu)
(/usr/share/texlive/texmf-dist/tex/latex/base/omsenc.dfu)))
(/usr/share/texlive/texmf-dist/tex/generic/babel/babel.sty
(/usr/share/texlive/texmf-dist/tex/generic/babel/portuges.ldf
(/usr/share/texlive/texmf-dist/tex/generic/babel/babel.def)))
(/usr/share/texlive/texmf-dist/tex/latex/float/float.sty)
(/usr/share/texlive/texmf-dist/tex/latex/graphics/graphicx.sty
(/usr/share/texlive/texmf-dist/tex/latex/graphics/keyval.sty)
(/usr/share/texlive/texmf-dist/tex/latex/graphics/graphics.sty
(/usr/share/texlive/texmf-dist/tex/latex/graphics/trig.sty)
(/usr/share/texlive/texmf-dist/tex/latex/latexconfig/graphics.cfg)
(/usr/share/texlive/texmf-dist/tex/latex/pdftex-def/pdftex.def
(/usr/share/texlive/texmf-dist/tex/generic/oberdiek/infwarerr.sty)
(/usr/share/texlive/texmf-dist/tex/generic/oberdiek/ltxcmds.sty))))
(/usr/share/texlive/texmf-dist/tex/latex/tools/enumerate.sty)
(/usr/share/texlive/texmf-dist/tex/latex/url/url.sty)
(/usr/share/texlive/texmf-dist/tex/latex/geometry/geometry.sty
(/usr/share/texlive/texmf-dist/tex/generic/oberdiek/ifvtex.sty)
(/usr/share/texlive/texmf-dist/tex/generic/ifxetex/ifxetex.sty))
(/usr/share/texlive/texmf-dist/tex/latex/amsmath/amsmath.sty
For additional information on amsmath, use the `?' option.
(/usr/share/texlive/texmf-dist/tex/latex/amsmath/amstext.sty
(/usr/share/texlive/texmf-dist/tex/latex/amsmath/amsgen.sty))
(/usr/share/texlive/texmf-dist/tex/latex/amsmath/amsbsy.sty)
(/usr/share/texlive/texmf-dist/tex/latex/amsmath/amsopn.sty))
(./sumarioExecutivo.aux

LaTeX Warning: Label `fig:MostrandoOCruzamentoPorCorte' multiply defined.


LaTeX Warning: Label `fig:MostrandoOCruzamentoUniforme' multiply defined.


LaTeX Warning: Label `fig:MostrandoOCruzamentoUniforme' multiply defined.


LaTeX Warning: Label `fig:MostrandoOCruzamentoUniforme' multiply defined.

) (/usr/share/texlive/texmf-dist/tex/context/base/supp-pdf.mkii
[Loading MPS to PDF converter (version 2006.09.02).]
) (/usr/share/texlive/texmf-dist/tex/generic/oberdiek/pdftexcmds.sty
(/usr/share/texlive/texmf-dist/tex/generic/oberdiek/ifluatex.sty))
(/usr/share/texlive/texmf-dist/tex/latex/oberdiek/epstopdf-base.sty
(/usr/share/texlive/texmf-dist/tex/latex/oberdiek/grfext.sty
(/usr/share/texlive/texmf-dist/tex/generic/oberdiek/kvdefinekeys.sty))
(/usr/share/texlive/texmf-dist/tex/latex/oberdiek/kvoptions.sty
(/usr/share/texlive/texmf-dist/tex/generic/oberdiek/kvsetkeys.sty
(/usr/share/texlive/texmf-dist/tex/generic/oberdiek/etexcmds.sty)))
(/usr/share/texlive/texmf-dist/tex/latex/latexconfig/epstopdf-sys.cfg))
*geometry* driver: auto-detecting
*geometry* detected driver: pdftex

Underfull \hbox (badness 10000) in paragraph at lines 17--18


Underfull \hbox (badness 10000) in paragraph at lines 17--18


Underfull \hbox (badness 10000) in paragraph at lines 19--20


Underfull \hbox (badness 10000) in paragraph at lines 19--20


LaTeX Warning: Citation `aiBirds' on page 1 undefined on input line 22.


Underfull \hbox (badness 10000) in paragraph at lines 21--23


Underfull \hbox (badness 10000) in paragraph at lines 21--23


Underfull \hbox (badness 10000) in paragraph at lines 21--23


LaTeX Warning: Citation `primeiroAUsarAG' on page 1 undefined on input line 28.



Underfull \hbox (badness 10000) in paragraph at lines 28--29


Underfull \hbox (badness 10000) in paragraph at lines 28--29

<imgs/cachorroELobo.jpg, id=1, 552.0625pt x 344.28625pt>
<use imgs/cachorroELobo.jpg>
Underfull \hbox (badness 10000) in paragraph at lines 30--36

[1{/var/lib/texmf/fonts/map/pdftex/updmap/pdftex.map}]
<imgs/tiposDeCromossomo.pdf, id=12, 762.31706pt x 200.75pt>
<use imgs/tiposDeCromossomo.pdf>
Underfull \hbox (badness 10000) in paragraph at lines 38--44


Underfull \hbox (badness 10000) in paragraph at lines 38--44


LaTeX Warning: Citation `UFRGS-Apostila-GA' on page 2 undefined on input line 4
6.


LaTeX Warning: Citation `Livro-De-IA' on page 2 undefined on input line 46.


LaTeX Warning: Citation `Livro-De-IA' on page 2 undefined on input line 46.

<imgs/diagramaCorte.pdf, id=13, 482.60298pt x 292.03165pt>
<use imgs/diagramaCorte.pdf>
Underfull \hbox (badness 10000) in paragraph at lines 46--56


Underfull \hbox (badness 10000) in paragraph at lines 46--56


Underfull \hbox (badness 10000) in paragraph at lines 46--56


Underfull \hbox (badness 10000) in paragraph at lines 46--56


Underfull \hbox (badness 10000) in paragraph at lines 46--56

[2 <./imgs/cachorroELobo.jpg> <./imgs/tiposDeCromossomo.pdf>]
<imgs/diagramaMascara.pdf, id=178, 482.60298pt x 276.26418pt>
<use imgs/diagramaMascara.pdf>
Underfull \hbox (badness 10000) in paragraph at lines 58--64


Underfull \hbox (badness 10000) in paragraph at lines 58--64


LaTeX Warning: Reference `fig:DiagramaAG' on page 3 undefined on input line 66.


<imgs/diagramaAG.pdf, id=179, 566.115pt x 528.97626pt>
<use imgs/diagramaAG.pdf>
Underfull \hbox (badness 10000) in paragraph at lines 64--72

[3 <./imgs/diagramaCorte.pdf> <./imgs/diagramaMascara.pdf

pdfTeX warning: pdflatex (file ./imgs/diagramaMascara.pdf): PDF inclusion: mult
iple pdfs with page group included in a single page
>]

LaTeX Warning: Reference `fig:AngryBirds' on page 4 undefined on input line 75.



Underfull \hbox (badness 10000) in paragraph at lines 75--77

(/usr/share/texlive/texmf-dist/tex/latex/base/omscmr.fd)

LaTeX Warning: Citation `videoMostrandoQueOjogoNaoEDeterministico' on page 4 un
defined on input line 79.

[4 <./imgs/diagramaAG.pdf>]
Underfull \hbox (badness 10000) in paragraph at lines 93--96


Underfull \hbox (badness 10000) in paragraph at lines 93--96


Underfull \hbox (badness 10000) in paragraph at lines 97--98


Underfull \hbox (badness 10000) in paragraph at lines 97--98


LaTeX Warning: Reference `fig:taxaAprendizagemTorneio' on page 5 undefined on i
nput line 101.


LaTeX Warning: Reference `fig:taxaAprendizagem2Torneio' on page 5 undefined on 
input line 101.


LaTeX Warning: Reference `fig:taxaAprendizagemRoleta' on page 5 undefined on in
put line 101.


LaTeX Warning: Reference `fig:taxaAprendizagem2Roleta' on page 5 undefined on i
nput line 101.

<use imgs/diagramaAG.pdf>
Underfull \hbox (badness 10000) in paragraph at lines 99--107


Underfull \hbox (badness 10000) in paragraph at lines 99--107


Underfull \hbox (badness 10000) in paragraph at lines 99--107


Underfull \hbox (badness 10000) in paragraph at lines 99--107

<use imgs/diagramaAG.pdf> [5] [6]

LaTeX Warning: Reference `tab:comparacao' on page 7 undefined on input line 119
.


Overfull \hbox (0.96686pt too wide) in paragraph at lines 122--129
[][] 

Underfull \hbox (badness 10000) in paragraph at lines 116--132


Underfull \hbox (badness 10000) in paragraph at lines 116--132

(./sumarioExecutivo.bbl
Underfull \hbox (badness 1231) in paragraph at lines 4--9
[]\OT1/cmr/m/n/10 Diogo C. Lu-cas.  Al-go-rit-mos gen^^Seticos: uma in-trodu^^X
c~ao.  $\OT1/cmtt/m/n/10 http : / / www . inf . ufrgs . br / []alvares /
) [7] (./sumarioExecutivo.aux)

LaTeX Warning: There were undefined references.


LaTeX Warning: There were multiply-defined labels.

 )
(see the transcript file for additional information)</usr/share/texlive/texmf-d
ist/fonts/type1/public/amsfonts/cm/cmbx10.pfb></usr/share/texlive/texmf-dist/fo
nts/type1/public/amsfonts/cm/cmbx12.pfb></usr/share/texlive/texmf-dist/fonts/ty
pe1/public/amsfonts/cm/cmbx9.pfb></usr/share/texlive/texmf-dist/fonts/type1/pub
lic/amsfonts/cm/cmex10.pfb></usr/share/texlive/texmf-dist/fonts/type1/public/am
sfonts/cmextra/cmex7.pfb></usr/share/texlive/texmf-dist/fonts/type1/public/amsf
onts/cm/cmmi10.pfb></usr/share/texlive/texmf-dist/fonts/type1/public/amsfonts/c
m/cmmi5.pfb></usr/share/texlive/texmf-dist/fonts/type1/public/amsfonts/cm/cmmi7
.pfb></usr/share/texlive/texmf-dist/fonts/type1/public/amsfonts/cm/cmr10.pfb></
usr/share/texlive/texmf-dist/fonts/type1/public/amsfonts/cm/cmr12.pfb></usr/sha
re/texlive/texmf-dist/fonts/type1/public/amsfonts/cm/cmr17.pfb></usr/share/texl
ive/texmf-dist/fonts/type1/public/amsfonts/cm/cmr5.pfb></usr/share/texlive/texm
f-dist/fonts/type1/public/amsfonts/cm/cmr7.pfb></usr/share/texlive/texmf-dist/f
onts/type1/public/amsfonts/cm/cmr9.pfb></usr/share/texlive/texmf-dist/fonts/typ
e1/public/amsfonts/cm/cmsy10.pfb></usr/share/texlive/texmf-dist/fonts/type1/pub
lic/amsfonts/cm/cmtt10.pfb>
Output written on sumarioExecutivo.pdf (7 pages, 373388 bytes).
SyncTeX written on sumarioExecutivo.synctex.gz.
Transcript written on sumarioExecutivo.log.
kite@magi:~/Dropbox/private/programacao/ufabc/ia/abV1.32TreinamentoDoAgente/artigo$ pdflatex sumarioExecutivo
This is pdfTeX, Version 3.1415926-2.4-1.40.13 (TeX Live 2012/Debian)
 restricted \write18 enabled.
entering extended mode
(./sumarioExecutivo.tex
LaTeX2e <2011/06/27>
Babel <v3.8m> and hyphenation patterns for english, dumylang, nohyphenation, po
rtuguese, loaded.
(/usr/share/texlive/texmf-dist/tex/latex/base/article.cls
Document Class: article 2007/10/19 v1.4h Standard LaTeX document class
(/usr/share/texlive/texmf-dist/tex/latex/base/size10.clo))
(/usr/share/texlive/texmf-dist/tex/generic/oberdiek/ifpdf.sty)
(/usr/share/texlive/texmf-dist/tex/latex/base/inputenc.sty
(/usr/share/texlive/texmf-dist/tex/latex/base/utf8.def
(/usr/share/texlive/texmf-dist/tex/latex/base/t1enc.dfu)
(/usr/share/texlive/texmf-dist/tex/latex/base/ot1enc.dfu)
(/usr/share/texlive/texmf-dist/tex/latex/base/omsenc.dfu)))
(/usr/share/texlive/texmf-dist/tex/generic/babel/babel.sty
(/usr/share/texlive/texmf-dist/tex/generic/babel/portuges.ldf
(/usr/share/texlive/texmf-dist/tex/generic/babel/babel.def)))
(/usr/share/texlive/texmf-dist/tex/latex/float/float.sty)
(/usr/share/texlive/texmf-dist/tex/latex/graphics/graphicx.sty
(/usr/share/texlive/texmf-dist/tex/latex/graphics/keyval.sty)
(/usr/share/texlive/texmf-dist/tex/latex/graphics/graphics.sty
(/usr/share/texlive/texmf-dist/tex/latex/graphics/trig.sty)
(/usr/share/texlive/texmf-dist/tex/latex/latexconfig/graphics.cfg)
(/usr/share/texlive/texmf-dist/tex/latex/pdftex-def/pdftex.def
(/usr/share/texlive/texmf-dist/tex/generic/oberdiek/infwarerr.sty)
(/usr/share/texlive/texmf-dist/tex/generic/oberdiek/ltxcmds.sty))))
(/usr/share/texlive/texmf-dist/tex/latex/tools/enumerate.sty)
(/usr/share/texlive/texmf-dist/tex/latex/url/url.sty)
(/usr/share/texlive/texmf-dist/tex/latex/geometry/geometry.sty
(/usr/share/texlive/texmf-dist/tex/generic/oberdiek/ifvtex.sty)
(/usr/share/texlive/texmf-dist/tex/generic/ifxetex/ifxetex.sty))
(/usr/share/texlive/texmf-dist/tex/latex/amsmath/amsmath.sty
For additional information on amsmath, use the `?' option.
(/usr/share/texlive/texmf-dist/tex/latex/amsmath/amstext.sty
(/usr/share/texlive/texmf-dist/tex/latex/amsmath/amsgen.sty))
(/usr/share/texlive/texmf-dist/tex/latex/amsmath/amsbsy.sty)
(/usr/share/texlive/texmf-dist/tex/latex/amsmath/amsopn.sty))
(./sumarioExecutivo.aux

LaTeX Warning: Label `fig:MostrandoOCruzamentoPorCorte' multiply defined.


LaTeX Warning: Label `fig:MostrandoOCruzamentoUniforme' multiply defined.


LaTeX Warning: Label `fig:MostrandoOCruzamentoUniforme' multiply defined.


LaTeX Warning: Label `fig:MostrandoOCruzamentoUniforme' multiply defined.

) (/usr/share/texlive/texmf-dist/tex/context/base/supp-pdf.mkii
[Loading MPS to PDF converter (version 2006.09.02).]
) (/usr/share/texlive/texmf-dist/tex/generic/oberdiek/pdftexcmds.sty
(/usr/share/texlive/texmf-dist/tex/generic/oberdiek/ifluatex.sty))
(/usr/share/texlive/texmf-dist/tex/latex/oberdiek/epstopdf-base.sty
(/usr/share/texlive/texmf-dist/tex/latex/oberdiek/grfext.sty
(/usr/share/texlive/texmf-dist/tex/generic/oberdiek/kvdefinekeys.sty))
(/usr/share/texlive/texmf-dist/tex/latex/oberdiek/kvoptions.sty
(/usr/share/texlive/texmf-dist/tex/generic/oberdiek/kvsetkeys.sty
(/usr/share/texlive/texmf-dist/tex/generic/oberdiek/etexcmds.sty)))
(/usr/share/texlive/texmf-dist/tex/latex/latexconfig/epstopdf-sys.cfg))
*geometry* driver: auto-detecting
*geometry* detected driver: pdftex

Underfull \hbox (badness 10000) in paragraph at lines 17--18


Underfull \hbox (badness 10000) in paragraph at lines 17--18


Underfull \hbox (badness 10000) in paragraph at lines 19--20


Underfull \hbox (badness 10000) in paragraph at lines 19--20


LaTeX Warning: Citation `aiBirds' on page 1 undefined on input line 22.


Underfull \hbox (badness 10000) in paragraph at lines 21--23


Underfull \hbox (badness 10000) in paragraph at lines 21--23


Underfull \hbox (badness 10000) in paragraph at lines 21--23


LaTeX Warning: Citation `primeiroAUsarAG' on page 1 undefined on input line 28.



Underfull \hbox (badness 10000) in paragraph at lines 28--29


Underfull \hbox (badness 10000) in paragraph at lines 28--29

<imgs/cachorroELobo.jpg, id=1, 552.0625pt x 344.28625pt>
<use imgs/cachorroELobo.jpg>
Underfull \hbox (badness 10000) in paragraph at lines 30--36

[1{/var/lib/texmf/fonts/map/pdftex/updmap/pdftex.map}]
<imgs/tiposDeCromossomo.pdf, id=12, 762.31706pt x 200.75pt>
<use imgs/tiposDeCromossomo.pdf>
Underfull \hbox (badness 10000) in paragraph at lines 38--44


Underfull \hbox (badness 10000) in paragraph at lines 38--44


LaTeX Warning: Citation `UFRGS-Apostila-GA' on page 2 undefined on input line 4
6.


LaTeX Warning: Citation `Livro-De-IA' on page 2 undefined on input line 46.


LaTeX Warning: Citation `Livro-De-IA' on page 2 undefined on input line 46.

<imgs/diagramaCorte.pdf, id=13, 482.60298pt x 292.03165pt>
<use imgs/diagramaCorte.pdf>
Underfull \hbox (badness 10000) in paragraph at lines 46--56


Underfull \hbox (badness 10000) in paragraph at lines 46--56


Underfull \hbox (badness 10000) in paragraph at lines 46--56


Underfull \hbox (badness 10000) in paragraph at lines 46--56


Underfull \hbox (badness 10000) in paragraph at lines 46--56

[2 <./imgs/cachorroELobo.jpg> <./imgs/tiposDeCromossomo.pdf>]
<imgs/diagramaMascara.pdf, id=178, 482.60298pt x 276.26418pt>
<use imgs/diagramaMascara.pdf>
Underfull \hbox (badness 10000) in paragraph at lines 58--64


Underfull \hbox (badness 10000) in paragraph at lines 58--64


LaTeX Warning: Reference `fig:DiagramaAG' on page 3 undefined on input line 66.


<imgs/diagramaAG.pdf, id=179, 566.115pt x 528.97626pt>
<use imgs/diagramaAG.pdf>
Underfull \hbox (badness 10000) in paragraph at lines 64--72

[3 <./imgs/diagramaCorte.pdf> <./imgs/diagramaMascara.pdf

pdfTeX warning: pdflatex (file ./imgs/diagramaMascara.pdf): PDF inclusion: mult
iple pdfs with page group included in a single page
>]

LaTeX Warning: Reference `fig:AngryBirds' on page 4 undefined on input line 75.



Underfull \hbox (badness 10000) in paragraph at lines 75--77

(/usr/share/texlive/texmf-dist/tex/latex/base/omscmr.fd)

LaTeX Warning: Citation `videoMostrandoQueOjogoNaoEDeterministico' on page 4 un
defined on input line 79.

[4 <./imgs/diagramaAG.pdf>]
Underfull \hbox (badness 10000) in paragraph at lines 93--96


Underfull \hbox (badness 10000) in paragraph at lines 93--96


Underfull \hbox (badness 10000) in paragraph at lines 97--98


Underfull \hbox (badness 10000) in paragraph at lines 97--98


LaTeX Warning: Reference `fig:taxaAprendizagemTorneio' on page 5 undefined on i
nput line 101.


LaTeX Warning: Reference `fig:taxaAprendizagem2Torneio' on page 5 undefined on 
input line 101.


LaTeX Warning: Reference `fig:taxaAprendizagemRoleta' on page 5 undefined on in
put line 101.


LaTeX Warning: Reference `fig:taxaAprendizagem2Roleta' on page 5 undefined on i
nput line 101.

<use imgs/diagramaAG.pdf>
Underfull \hbox (badness 10000) in paragraph at lines 99--107


Underfull \hbox (badness 10000) in paragraph at lines 99--107


Underfull \hbox (badness 10000) in paragraph at lines 99--107


Underfull \hbox (badness 10000) in paragraph at lines 99--107

<use imgs/diagramaAG.pdf> [5] [6]

LaTeX Warning: Reference `tab:comparacao' on page 7 undefined on input line 119
.


Overfull \hbox (0.96686pt too wide) in paragraph at lines 122--129
[][] 

Underfull \hbox (badness 10000) in paragraph at lines 116--132


Underfull \hbox (badness 10000) in paragraph at lines 116--132

(./sumarioExecutivo.bbl
Underfull \hbox (badness 1231) in paragraph at lines 4--9
[]\OT1/cmr/m/n/10 Diogo C. Lu-cas.  Al-go-rit-mos gen^^Seticos: uma in-trodu^^X
c~ao.  $\OT1/cmtt/m/n/10 http : / / www . inf . ufrgs . br / []alvares /
) [7] (./sumarioExecutivo.aux)

LaTeX Warning: There were undefined references.


LaTeX Warning: There were multiply-defined labels.

 )
(see the transcript file for additional information)</usr/share/texlive/texmf-d
ist/fonts/type1/public/amsfonts/cm/cmbx10.pfb></usr/share/texlive/texmf-dist/fo
nts/type1/public/amsfonts/cm/cmbx12.pfb></usr/share/texlive/texmf-dist/fonts/ty
pe1/public/amsfonts/cm/cmbx9.pfb></usr/share/texlive/texmf-dist/fonts/type1/pub
lic/amsfonts/cm/cmex10.pfb></usr/share/texlive/texmf-dist/fonts/type1/public/am
sfonts/cmextra/cmex7.pfb></usr/share/texlive/texmf-dist/fonts/type1/public/amsf
onts/cm/cmmi10.pfb></usr/share/texlive/texmf-dist/fonts/type1/public/amsfonts/c
m/cmmi5.pfb></usr/share/texlive/texmf-dist/fonts/type1/public/amsfonts/cm/cmmi7
.pfb></usr/share/texlive/texmf-dist/fonts/type1/public/amsfonts/cm/cmr10.pfb></
usr/share/texlive/texmf-dist/fonts/type1/public/amsfonts/cm/cmr12.pfb></usr/sha
re/texlive/texmf-dist/fonts/type1/public/amsfonts/cm/cmr17.pfb></usr/share/texl
ive/texmf-dist/fonts/type1/public/amsfonts/cm/cmr5.pfb></usr/share/texlive/texm
f-dist/fonts/type1/public/amsfonts/cm/cmr7.pfb></usr/share/texlive/texmf-dist/f
onts/type1/public/amsfonts/cm/cmr9.pfb></usr/share/texlive/texmf-dist/fonts/typ
e1/public/amsfonts/cm/cmsy10.pfb></usr/share/texlive/texmf-dist/fonts/type1/pub
lic/amsfonts/cm/cmtt10.pfb>
Output written on sumarioExecutivo.pdf (7 pages, 373388 bytes).
SyncTeX written on sumarioExecutivo.synctex.gz.
Transcript written on sumarioExecutivo.log.
kite@magi:~/Dropbox/private/programacao/ufabc/ia/abV1.32TreinamentoDoAgente/artigo$ evince sumarioExecutivo.pdf 
kite@magi:~/Dropbox/private/programacao/ufabc/ia/abV1.32TreinamentoDoAgente/artigo$ pdflatex sumarioExecutivo
This is pdfTeX, Version 3.1415926-2.4-1.40.13 (TeX Live 2012/Debian)
 restricted \write18 enabled.
entering extended mode
(./sumarioExecutivo.tex
LaTeX2e <2011/06/27>
Babel <v3.8m> and hyphenation patterns for english, dumylang, nohyphenation, po
rtuguese, loaded.
(/usr/share/texlive/texmf-dist/tex/latex/base/article.cls
Document Class: article 2007/10/19 v1.4h Standard LaTeX document class
(/usr/share/texlive/texmf-dist/tex/latex/base/size10.clo))
(/usr/share/texlive/texmf-dist/tex/generic/oberdiek/ifpdf.sty)
(/usr/share/texlive/texmf-dist/tex/latex/base/inputenc.sty
(/usr/share/texlive/texmf-dist/tex/latex/base/utf8.def
(/usr/share/texlive/texmf-dist/tex/latex/base/t1enc.dfu)
(/usr/share/texlive/texmf-dist/tex/latex/base/ot1enc.dfu)
(/usr/share/texlive/texmf-dist/tex/latex/base/omsenc.dfu)))
(/usr/share/texlive/texmf-dist/tex/generic/babel/babel.sty
(/usr/share/texlive/texmf-dist/tex/generic/babel/portuges.ldf
(/usr/share/texlive/texmf-dist/tex/generic/babel/babel.def)))
(/usr/share/texlive/texmf-dist/tex/latex/float/float.sty)
(/usr/share/texlive/texmf-dist/tex/latex/graphics/graphicx.sty
(/usr/share/texlive/texmf-dist/tex/latex/graphics/keyval.sty)
(/usr/share/texlive/texmf-dist/tex/latex/graphics/graphics.sty
(/usr/share/texlive/texmf-dist/tex/latex/graphics/trig.sty)
(/usr/share/texlive/texmf-dist/tex/latex/latexconfig/graphics.cfg)
(/usr/share/texlive/texmf-dist/tex/latex/pdftex-def/pdftex.def
(/usr/share/texlive/texmf-dist/tex/generic/oberdiek/infwarerr.sty)
(/usr/share/texlive/texmf-dist/tex/generic/oberdiek/ltxcmds.sty))))
(/usr/share/texlive/texmf-dist/tex/latex/tools/enumerate.sty)
(/usr/share/texlive/texmf-dist/tex/latex/url/url.sty)
(/usr/share/texlive/texmf-dist/tex/latex/geometry/geometry.sty
(/usr/share/texlive/texmf-dist/tex/generic/oberdiek/ifvtex.sty)
(/usr/share/texlive/texmf-dist/tex/generic/ifxetex/ifxetex.sty))
(/usr/share/texlive/texmf-dist/tex/latex/amsmath/amsmath.sty
For additional information on amsmath, use the `?' option.
(/usr/share/texlive/texmf-dist/tex/latex/amsmath/amstext.sty
(/usr/share/texlive/texmf-dist/tex/latex/amsmath/amsgen.sty))
(/usr/share/texlive/texmf-dist/tex/latex/amsmath/amsbsy.sty)
(/usr/share/texlive/texmf-dist/tex/latex/amsmath/amsopn.sty))
(./sumarioExecutivo.aux

LaTeX Warning: Label `fig:MostrandoOCruzamentoPorCorte' multiply defined.


LaTeX Warning: Label `fig:MostrandoOCruzamentoUniforme' multiply defined.


LaTeX Warning: Label `fig:MostrandoOCruzamentoUniforme' multiply defined.


LaTeX Warning: Label `fig:MostrandoOCruzamentoUniforme' multiply defined.

) (/usr/share/texlive/texmf-dist/tex/context/base/supp-pdf.mkii
[Loading MPS to PDF converter (version 2006.09.02).]
) (/usr/share/texlive/texmf-dist/tex/generic/oberdiek/pdftexcmds.sty
(/usr/share/texlive/texmf-dist/tex/generic/oberdiek/ifluatex.sty))
(/usr/share/texlive/texmf-dist/tex/latex/oberdiek/epstopdf-base.sty
(/usr/share/texlive/texmf-dist/tex/latex/oberdiek/grfext.sty
(/usr/share/texlive/texmf-dist/tex/generic/oberdiek/kvdefinekeys.sty))
(/usr/share/texlive/texmf-dist/tex/latex/oberdiek/kvoptions.sty
(/usr/share/texlive/texmf-dist/tex/generic/oberdiek/kvsetkeys.sty
(/usr/share/texlive/texmf-dist/tex/generic/oberdiek/etexcmds.sty)))
(/usr/share/texlive/texmf-dist/tex/latex/latexconfig/epstopdf-sys.cfg))
*geometry* driver: auto-detecting
*geometry* detected driver: pdftex

Underfull \hbox (badness 10000) in paragraph at lines 17--18


Underfull \hbox (badness 10000) in paragraph at lines 17--18


Underfull \hbox (badness 10000) in paragraph at lines 19--20


Underfull \hbox (badness 10000) in paragraph at lines 19--20


LaTeX Warning: Citation `aiBirds' on page 1 undefined on input line 22.


Underfull \hbox (badness 10000) in paragraph at lines 21--23


Underfull \hbox (badness 10000) in paragraph at lines 21--23


Underfull \hbox (badness 10000) in paragraph at lines 21--23


LaTeX Warning: Citation `primeiroAUsarAG' on page 1 undefined on input line 28.



Underfull \hbox (badness 10000) in paragraph at lines 28--29


Underfull \hbox (badness 10000) in paragraph at lines 28--29

<imgs/cachorroELobo.jpg, id=1, 552.0625pt x 344.28625pt>
<use imgs/cachorroELobo.jpg>
Underfull \hbox (badness 10000) in paragraph at lines 30--36

[1{/var/lib/texmf/fonts/map/pdftex/updmap/pdftex.map}]
<imgs/tiposDeCromossomo.pdf, id=12, 762.31706pt x 200.75pt>
<use imgs/tiposDeCromossomo.pdf>
Underfull \hbox (badness 10000) in paragraph at lines 38--44


Underfull \hbox (badness 10000) in paragraph at lines 38--44


LaTeX Warning: Citation `UFRGS-Apostila-GA' on page 2 undefined on input line 4
6.


LaTeX Warning: Citation `Livro-De-IA' on page 2 undefined on input line 46.


LaTeX Warning: Citation `Livro-De-IA' on page 2 undefined on input line 46.

<imgs/diagramaCorte.pdf, id=13, 482.60298pt x 292.03165pt>
<use imgs/diagramaCorte.pdf>
Underfull \hbox (badness 10000) in paragraph at lines 46--56


Underfull \hbox (badness 10000) in paragraph at lines 46--56


Underfull \hbox (badness 10000) in paragraph at lines 46--56


Underfull \hbox (badness 10000) in paragraph at lines 46--56


Underfull \hbox (badness 10000) in paragraph at lines 46--56

[2 <./imgs/cachorroELobo.jpg> <./imgs/tiposDeCromossomo.pdf>]
<imgs/diagramaMascara.pdf, id=178, 482.60298pt x 276.26418pt>
<use imgs/diagramaMascara.pdf>
Underfull \hbox (badness 10000) in paragraph at lines 58--64


Underfull \hbox (badness 10000) in paragraph at lines 58--64


LaTeX Warning: Reference `fig:DiagramaAG' on page 3 undefined on input line 66.


<imgs/diagramaAG.pdf, id=179, 566.115pt x 528.97626pt>
<use imgs/diagramaAG.pdf>
Underfull \hbox (badness 10000) in paragraph at lines 64--72

[3 <./imgs/diagramaCorte.pdf> <./imgs/diagramaMascara.pdf

pdfTeX warning: pdflatex (file ./imgs/diagramaMascara.pdf): PDF inclusion: mult
iple pdfs with page group included in a single page
>]

LaTeX Warning: Reference `fig:AngryBirds' on page 4 undefined on input line 75.



Underfull \hbox (badness 10000) in paragraph at lines 75--77

(/usr/share/texlive/texmf-dist/tex/latex/base/omscmr.fd)

LaTeX Warning: Citation `videoMostrandoQueOjogoNaoEDeterministico' on page 4 un
defined on input line 79.

[4 <./imgs/diagramaAG.pdf>]
Underfull \hbox (badness 10000) in paragraph at lines 93--96


Underfull \hbox (badness 10000) in paragraph at lines 93--96


Underfull \hbox (badness 10000) in paragraph at lines 97--98


Underfull \hbox (badness 10000) in paragraph at lines 97--98


LaTeX Warning: Reference `fig:taxaAprendizagemTorneio' on page 5 undefined on i
nput line 101.


LaTeX Warning: Reference `fig:taxaAprendizagem2Torneio' on page 5 undefined on 
input line 101.


LaTeX Warning: Reference `fig:taxaAprendizagemRoleta' on page 5 undefined on in
put line 101.


LaTeX Warning: Reference `fig:taxaAprendizagem2Roleta' on page 5 undefined on i
nput line 101.

<use imgs/diagramaAG.pdf>
Underfull \hbox (badness 10000) in paragraph at lines 99--107


Underfull \hbox (badness 10000) in paragraph at lines 99--107


Underfull \hbox (badness 10000) in paragraph at lines 99--107


Underfull \hbox (badness 10000) in paragraph at lines 99--107

<use imgs/diagramaAG.pdf> [5] [6]

LaTeX Warning: Reference `tab:comparacao' on page 7 undefined on input line 119
.


! LaTeX Error: Illegal character in array arg.

See the LaTeX manual or LaTeX Companion for explanation.
Type  H <return>  for immediate help.
 ...                                              
                                                  
l.122   \begin{tabular}{|l{2cm}|l|l|l|l|}
                                         %
? quit
OK, entering \batchmode
SyncTeX written on sumarioExecutivo.synctex.gz.kite@magi:~/Dropbox/private/programacao/ufabc/ia/abV1.32TreinamentoDoAgente/artigo$ pdflatex sumarioExecutivo
This is pdfTeX, Version 3.1415926-2.4-1.40.13 (TeX Live 2012/Debian)
 restricted \write18 enabled.
entering extended mode
(./sumarioExecutivo.tex
LaTeX2e <2011/06/27>
Babel <v3.8m> and hyphenation patterns for english, dumylang, nohyphenation, po
rtuguese, loaded.
(/usr/share/texlive/texmf-dist/tex/latex/base/article.cls
Document Class: article 2007/10/19 v1.4h Standard LaTeX document class
(/usr/share/texlive/texmf-dist/tex/latex/base/size10.clo))
(/usr/share/texlive/texmf-dist/tex/generic/oberdiek/ifpdf.sty)
(/usr/share/texlive/texmf-dist/tex/latex/base/inputenc.sty
(/usr/share/texlive/texmf-dist/tex/latex/base/utf8.def
(/usr/share/texlive/texmf-dist/tex/latex/base/t1enc.dfu)
(/usr/share/texlive/texmf-dist/tex/latex/base/ot1enc.dfu)
(/usr/share/texlive/texmf-dist/tex/latex/base/omsenc.dfu)))
(/usr/share/texlive/texmf-dist/tex/generic/babel/babel.sty
(/usr/share/texlive/texmf-dist/tex/generic/babel/portuges.ldf
(/usr/share/texlive/texmf-dist/tex/generic/babel/babel.def)))
(/usr/share/texlive/texmf-dist/tex/latex/float/float.sty)
(/usr/share/texlive/texmf-dist/tex/latex/graphics/graphicx.sty
(/usr/share/texlive/texmf-dist/tex/latex/graphics/keyval.sty)
(/usr/share/texlive/texmf-dist/tex/latex/graphics/graphics.sty
(/usr/share/texlive/texmf-dist/tex/latex/graphics/trig.sty)
(/usr/share/texlive/texmf-dist/tex/latex/latexconfig/graphics.cfg)
(/usr/share/texlive/texmf-dist/tex/latex/pdftex-def/pdftex.def
(/usr/share/texlive/texmf-dist/tex/generic/oberdiek/infwarerr.sty)
(/usr/share/texlive/texmf-dist/tex/generic/oberdiek/ltxcmds.sty))))
(/usr/share/texlive/texmf-dist/tex/latex/tools/enumerate.sty)
(/usr/share/texlive/texmf-dist/tex/latex/url/url.sty)
(/usr/share/texlive/texmf-dist/tex/latex/geometry/geometry.sty
(/usr/share/texlive/texmf-dist/tex/generic/oberdiek/ifvtex.sty)
(/usr/share/texlive/texmf-dist/tex/generic/ifxetex/ifxetex.sty))
(/usr/share/texlive/texmf-dist/tex/latex/amsmath/amsmath.sty
For additional information on amsmath, use the `?' option.
(/usr/share/texlive/texmf-dist/tex/latex/amsmath/amstext.sty
(/usr/share/texlive/texmf-dist/tex/latex/amsmath/amsgen.sty))
(/usr/share/texlive/texmf-dist/tex/latex/amsmath/amsbsy.sty)
(/usr/share/texlive/texmf-dist/tex/latex/amsmath/amsopn.sty))
(./sumarioExecutivo.aux

LaTeX Warning: Label `fig:MostrandoOCruzamentoPorCorte' multiply defined.


LaTeX Warning: Label `fig:MostrandoOCruzamentoUniforme' multiply defined.


LaTeX Warning: Label `fig:MostrandoOCruzamentoUniforme' multiply defined.


LaTeX Warning: Label `fig:MostrandoOCruzamentoUniforme' multiply defined.

) (/usr/share/texlive/texmf-dist/tex/context/base/supp-pdf.mkii
[Loading MPS to PDF converter (version 2006.09.02).]
) (/usr/share/texlive/texmf-dist/tex/generic/oberdiek/pdftexcmds.sty
(/usr/share/texlive/texmf-dist/tex/generic/oberdiek/ifluatex.sty))
(/usr/share/texlive/texmf-dist/tex/latex/oberdiek/epstopdf-base.sty
(/usr/share/texlive/texmf-dist/tex/latex/oberdiek/grfext.sty
(/usr/share/texlive/texmf-dist/tex/generic/oberdiek/kvdefinekeys.sty))
(/usr/share/texlive/texmf-dist/tex/latex/oberdiek/kvoptions.sty
(/usr/share/texlive/texmf-dist/tex/generic/oberdiek/kvsetkeys.sty
(/usr/share/texlive/texmf-dist/tex/generic/oberdiek/etexcmds.sty)))
(/usr/share/texlive/texmf-dist/tex/latex/latexconfig/epstopdf-sys.cfg))
*geometry* driver: auto-detecting
*geometry* detected driver: pdftex

Underfull \hbox (badness 10000) in paragraph at lines 17--18


Underfull \hbox (badness 10000) in paragraph at lines 17--18


Underfull \hbox (badness 10000) in paragraph at lines 19--20


Underfull \hbox (badness 10000) in paragraph at lines 19--20


LaTeX Warning: Citation `aiBirds' on page 1 undefined on input line 22.


Underfull \hbox (badness 10000) in paragraph at lines 21--23


Underfull \hbox (badness 10000) in paragraph at lines 21--23


Underfull \hbox (badness 10000) in paragraph at lines 21--23


LaTeX Warning: Citation `primeiroAUsarAG' on page 1 undefined on input line 28.



Underfull \hbox (badness 10000) in paragraph at lines 28--29


Underfull \hbox (badness 10000) in paragraph at lines 28--29

<imgs/cachorroELobo.jpg, id=1, 552.0625pt x 344.28625pt>
<use imgs/cachorroELobo.jpg>
Underfull \hbox (badness 10000) in paragraph at lines 30--36

[1{/var/lib/texmf/fonts/map/pdftex/updmap/pdftex.map}]
<imgs/tiposDeCromossomo.pdf, id=12, 762.31706pt x 200.75pt>
<use imgs/tiposDeCromossomo.pdf>
Underfull \hbox (badness 10000) in paragraph at lines 38--44


Underfull \hbox (badness 10000) in paragraph at lines 38--44


LaTeX Warning: Citation `UFRGS-Apostila-GA' on page 2 undefined on input line 4
6.


LaTeX Warning: Citation `Livro-De-IA' on page 2 undefined on input line 46.


LaTeX Warning: Citation `Livro-De-IA' on page 2 undefined on input line 46.

<imgs/diagramaCorte.pdf, id=13, 482.60298pt x 292.03165pt>
<use imgs/diagramaCorte.pdf>
Underfull \hbox (badness 10000) in paragraph at lines 46--56


Underfull \hbox (badness 10000) in paragraph at lines 46--56


Underfull \hbox (badness 10000) in paragraph at lines 46--56


Underfull \hbox (badness 10000) in paragraph at lines 46--56


Underfull \hbox (badness 10000) in paragraph at lines 46--56

[2 <./imgs/cachorroELobo.jpg> <./imgs/tiposDeCromossomo.pdf>]
<imgs/diagramaMascara.pdf, id=178, 482.60298pt x 276.26418pt>
<use imgs/diagramaMascara.pdf>
Underfull \hbox (badness 10000) in paragraph at lines 58--64


Underfull \hbox (badness 10000) in paragraph at lines 58--64


LaTeX Warning: Reference `fig:DiagramaAG' on page 3 undefined on input line 66.


<imgs/diagramaAG.pdf, id=179, 566.115pt x 528.97626pt>
<use imgs/diagramaAG.pdf>
Underfull \hbox (badness 10000) in paragraph at lines 64--72

[3 <./imgs/diagramaCorte.pdf> <./imgs/diagramaMascara.pdf

pdfTeX warning: pdflatex (file ./imgs/diagramaMascara.pdf): PDF inclusion: mult
iple pdfs with page group included in a single page
>]

LaTeX Warning: Reference `fig:AngryBirds' on page 4 undefined on input line 75.



Underfull \hbox (badness 10000) in paragraph at lines 75--77

(/usr/share/texlive/texmf-dist/tex/latex/base/omscmr.fd)

LaTeX Warning: Citation `videoMostrandoQueOjogoNaoEDeterministico' on page 4 un
defined on input line 79.

[4 <./imgs/diagramaAG.pdf>]
Underfull \hbox (badness 10000) in paragraph at lines 93--96


Underfull \hbox (badness 10000) in paragraph at lines 93--96


Underfull \hbox (badness 10000) in paragraph at lines 97--98


Underfull \hbox (badness 10000) in paragraph at lines 97--98


LaTeX Warning: Reference `fig:taxaAprendizagemTorneio' on page 5 undefined on i
nput line 101.


LaTeX Warning: Reference `fig:taxaAprendizagem2Torneio' on page 5 undefined on 
input line 101.


LaTeX Warning: Reference `fig:taxaAprendizagemRoleta' on page 5 undefined on in
put line 101.


LaTeX Warning: Reference `fig:taxaAprendizagem2Roleta' on page 5 undefined on i
nput line 101.

<use imgs/diagramaAG.pdf>
Underfull \hbox (badness 10000) in paragraph at lines 99--107


Underfull \hbox (badness 10000) in paragraph at lines 99--107


Underfull \hbox (badness 10000) in paragraph at lines 99--107


Underfull \hbox (badness 10000) in paragraph at lines 99--107

<use imgs/diagramaAG.pdf> [5] [6]

LaTeX Warning: Reference `tab:comparacao' on page 7 undefined on input line 119
.


Overfull \hbox (28.83939pt too wide) in paragraph at lines 122--129
[][] 

Underfull \hbox (badness 10000) in paragraph at lines 116--132


Underfull \hbox (badness 10000) in paragraph at lines 116--132

(./sumarioExecutivo.bbl
Underfull \hbox (badness 1231) in paragraph at lines 4--9
[]\OT1/cmr/m/n/10 Diogo C. Lu-cas.  Al-go-rit-mos gen^^Seticos: uma in-trodu^^X
c~ao.  $\OT1/cmtt/m/n/10 http : / / www . inf . ufrgs . br / []alvares /
) [7] (./sumarioExecutivo.aux)

LaTeX Warning: There were undefined references.


LaTeX Warning: There were multiply-defined labels.

 )
(see the transcript file for additional information)</usr/share/texlive/texmf-d
ist/fonts/type1/public/amsfonts/cm/cmbx10.pfb></usr/share/texlive/texmf-dist/fo
nts/type1/public/amsfonts/cm/cmbx12.pfb></usr/share/texlive/texmf-dist/fonts/ty
pe1/public/amsfonts/cm/cmbx9.pfb></usr/share/texlive/texmf-dist/fonts/type1/pub
lic/amsfonts/cm/cmex10.pfb></usr/share/texlive/texmf-dist/fonts/type1/public/am
sfonts/cmextra/cmex7.pfb></usr/share/texlive/texmf-dist/fonts/type1/public/amsf
onts/cm/cmmi10.pfb></usr/share/texlive/texmf-dist/fonts/type1/public/amsfonts/c
m/cmmi5.pfb></usr/share/texlive/texmf-dist/fonts/type1/public/amsfonts/cm/cmmi7
.pfb></usr/share/texlive/texmf-dist/fonts/type1/public/amsfonts/cm/cmr10.pfb></
usr/share/texlive/texmf-dist/fonts/type1/public/amsfonts/cm/cmr12.pfb></usr/sha
re/texlive/texmf-dist/fonts/type1/public/amsfonts/cm/cmr17.pfb></usr/share/texl
ive/texmf-dist/fonts/type1/public/amsfonts/cm/cmr5.pfb></usr/share/texlive/texm
f-dist/fonts/type1/public/amsfonts/cm/cmr7.pfb></usr/share/texlive/texmf-dist/f
onts/type1/public/amsfonts/cm/cmr9.pfb></usr/share/texlive/texmf-dist/fonts/typ
e1/public/amsfonts/cm/cmsy10.pfb></usr/share/texlive/texmf-dist/fonts/type1/pub
lic/amsfonts/cm/cmtt10.pfb>
Output written on sumarioExecutivo.pdf (7 pages, 373404 bytes).
SyncTeX written on sumarioExecutivo.synctex.gz.
Transcript written on sumarioExecutivo.log.
kite@magi:~/Dropbox/private/programacao/ufabc/ia/abV1.32TreinamentoDoAgente/artigo$ pdflatex sumarioExecutivo
This is pdfTeX, Version 3.1415926-2.4-1.40.13 (TeX Live 2012/Debian)
 restricted \write18 enabled.
entering extended mode
(./sumarioExecutivo.tex
LaTeX2e <2011/06/27>
Babel <v3.8m> and hyphenation patterns for english, dumylang, nohyphenation, po
rtuguese, loaded.
(/usr/share/texlive/texmf-dist/tex/latex/base/article.cls
Document Class: article 2007/10/19 v1.4h Standard LaTeX document class
(/usr/share/texlive/texmf-dist/tex/latex/base/size10.clo))
(/usr/share/texlive/texmf-dist/tex/generic/oberdiek/ifpdf.sty)
(/usr/share/texlive/texmf-dist/tex/latex/base/inputenc.sty
(/usr/share/texlive/texmf-dist/tex/latex/base/utf8.def
(/usr/share/texlive/texmf-dist/tex/latex/base/t1enc.dfu)
(/usr/share/texlive/texmf-dist/tex/latex/base/ot1enc.dfu)
(/usr/share/texlive/texmf-dist/tex/latex/base/omsenc.dfu)))
(/usr/share/texlive/texmf-dist/tex/generic/babel/babel.sty
(/usr/share/texlive/texmf-dist/tex/generic/babel/portuges.ldf
(/usr/share/texlive/texmf-dist/tex/generic/babel/babel.def)))
(/usr/share/texlive/texmf-dist/tex/latex/float/float.sty)
(/usr/share/texlive/texmf-dist/tex/latex/graphics/graphicx.sty
(/usr/share/texlive/texmf-dist/tex/latex/graphics/keyval.sty)
(/usr/share/texlive/texmf-dist/tex/latex/graphics/graphics.sty
(/usr/share/texlive/texmf-dist/tex/latex/graphics/trig.sty)
(/usr/share/texlive/texmf-dist/tex/latex/latexconfig/graphics.cfg)
(/usr/share/texlive/texmf-dist/tex/latex/pdftex-def/pdftex.def
(/usr/share/texlive/texmf-dist/tex/generic/oberdiek/infwarerr.sty)
(/usr/share/texlive/texmf-dist/tex/generic/oberdiek/ltxcmds.sty))))
(/usr/share/texlive/texmf-dist/tex/latex/tools/enumerate.sty)
(/usr/share/texlive/texmf-dist/tex/latex/url/url.sty)
(/usr/share/texlive/texmf-dist/tex/latex/geometry/geometry.sty
(/usr/share/texlive/texmf-dist/tex/generic/oberdiek/ifvtex.sty)
(/usr/share/texlive/texmf-dist/tex/generic/ifxetex/ifxetex.sty))
(/usr/share/texlive/texmf-dist/tex/latex/amsmath/amsmath.sty
For additional information on amsmath, use the `?' option.
(/usr/share/texlive/texmf-dist/tex/latex/amsmath/amstext.sty
(/usr/share/texlive/texmf-dist/tex/latex/amsmath/amsgen.sty))
(/usr/share/texlive/texmf-dist/tex/latex/amsmath/amsbsy.sty)
(/usr/share/texlive/texmf-dist/tex/latex/amsmath/amsopn.sty))
(./sumarioExecutivo.aux

LaTeX Warning: Label `fig:MostrandoOCruzamentoPorCorte' multiply defined.


LaTeX Warning: Label `fig:MostrandoOCruzamentoUniforme' multiply defined.


LaTeX Warning: Label `fig:MostrandoOCruzamentoUniforme' multiply defined.


LaTeX Warning: Label `fig:MostrandoOCruzamentoUniforme' multiply defined.

) (/usr/share/texlive/texmf-dist/tex/context/base/supp-pdf.mkii
[Loading MPS to PDF converter (version 2006.09.02).]
) (/usr/share/texlive/texmf-dist/tex/generic/oberdiek/pdftexcmds.sty
(/usr/share/texlive/texmf-dist/tex/generic/oberdiek/ifluatex.sty))
(/usr/share/texlive/texmf-dist/tex/latex/oberdiek/epstopdf-base.sty
(/usr/share/texlive/texmf-dist/tex/latex/oberdiek/grfext.sty
(/usr/share/texlive/texmf-dist/tex/generic/oberdiek/kvdefinekeys.sty))
(/usr/share/texlive/texmf-dist/tex/latex/oberdiek/kvoptions.sty
(/usr/share/texlive/texmf-dist/tex/generic/oberdiek/kvsetkeys.sty
(/usr/share/texlive/texmf-dist/tex/generic/oberdiek/etexcmds.sty)))
(/usr/share/texlive/texmf-dist/tex/latex/latexconfig/epstopdf-sys.cfg))
*geometry* driver: auto-detecting
*geometry* detected driver: pdftex

Underfull \hbox (badness 10000) in paragraph at lines 17--18


Underfull \hbox (badness 10000) in paragraph at lines 17--18


Underfull \hbox (badness 10000) in paragraph at lines 19--20


Underfull \hbox (badness 10000) in paragraph at lines 19--20


LaTeX Warning: Citation `aiBirds' on page 1 undefined on input line 22.


Underfull \hbox (badness 10000) in paragraph at lines 21--23


Underfull \hbox (badness 10000) in paragraph at lines 21--23


Underfull \hbox (badness 10000) in paragraph at lines 21--23


LaTeX Warning: Citation `primeiroAUsarAG' on page 1 undefined on input line 28.



Underfull \hbox (badness 10000) in paragraph at lines 28--29


Underfull \hbox (badness 10000) in paragraph at lines 28--29

<imgs/cachorroELobo.jpg, id=1, 552.0625pt x 344.28625pt>
<use imgs/cachorroELobo.jpg>
Underfull \hbox (badness 10000) in paragraph at lines 30--36

[1{/var/lib/texmf/fonts/map/pdftex/updmap/pdftex.map}]
<imgs/tiposDeCromossomo.pdf, id=12, 762.31706pt x 200.75pt>
<use imgs/tiposDeCromossomo.pdf>
Underfull \hbox (badness 10000) in paragraph at lines 38--44


Underfull \hbox (badness 10000) in paragraph at lines 38--44


LaTeX Warning: Citation `UFRGS-Apostila-GA' on page 2 undefined on input line 4
6.


LaTeX Warning: Citation `Livro-De-IA' on page 2 undefined on input line 46.


LaTeX Warning: Citation `Livro-De-IA' on page 2 undefined on input line 46.

<imgs/diagramaCorte.pdf, id=13, 482.60298pt x 292.03165pt>
<use imgs/diagramaCorte.pdf>
Underfull \hbox (badness 10000) in paragraph at lines 46--56


Underfull \hbox (badness 10000) in paragraph at lines 46--56


Underfull \hbox (badness 10000) in paragraph at lines 46--56


Underfull \hbox (badness 10000) in paragraph at lines 46--56


Underfull \hbox (badness 10000) in paragraph at lines 46--56

[2 <./imgs/cachorroELobo.jpg> <./imgs/tiposDeCromossomo.pdf>]
<imgs/diagramaMascara.pdf, id=178, 482.60298pt x 276.26418pt>
<use imgs/diagramaMascara.pdf>
Underfull \hbox (badness 10000) in paragraph at lines 58--64


Underfull \hbox (badness 10000) in paragraph at lines 58--64


LaTeX Warning: Reference `fig:DiagramaAG' on page 3 undefined on input line 66.


<imgs/diagramaAG.pdf, id=179, 566.115pt x 528.97626pt>
<use imgs/diagramaAG.pdf>
Underfull \hbox (badness 10000) in paragraph at lines 64--72

[3 <./imgs/diagramaCorte.pdf> <./imgs/diagramaMascara.pdf

pdfTeX warning: pdflatex (file ./imgs/diagramaMascara.pdf): PDF inclusion: mult
iple pdfs with page group included in a single page
>]

LaTeX Warning: Reference `fig:AngryBirds' on page 4 undefined on input line 75.



Underfull \hbox (badness 10000) in paragraph at lines 75--77

(/usr/share/texlive/texmf-dist/tex/latex/base/omscmr.fd)

LaTeX Warning: Citation `videoMostrandoQueOjogoNaoEDeterministico' on page 4 un
defined on input line 79.

[4 <./imgs/diagramaAG.pdf>]
Underfull \hbox (badness 10000) in paragraph at lines 93--96


Underfull \hbox (badness 10000) in paragraph at lines 93--96


Underfull \hbox (badness 10000) in paragraph at lines 97--98


Underfull \hbox (badness 10000) in paragraph at lines 97--98


LaTeX Warning: Reference `fig:taxaAprendizagemTorneio' on page 5 undefined on i
nput line 101.


LaTeX Warning: Reference `fig:taxaAprendizagem2Torneio' on page 5 undefined on 
input line 101.


LaTeX Warning: Reference `fig:taxaAprendizagemRoleta' on page 5 undefined on in
put line 101.


LaTeX Warning: Reference `fig:taxaAprendizagem2Roleta' on page 5 undefined on i
nput line 101.

<use imgs/diagramaAG.pdf>
Underfull \hbox (badness 10000) in paragraph at lines 99--107


Underfull \hbox (badness 10000) in paragraph at lines 99--107


Underfull \hbox (badness 10000) in paragraph at lines 99--107


Underfull \hbox (badness 10000) in paragraph at lines 99--107

<use imgs/diagramaAG.pdf> [5] [6]

LaTeX Warning: Reference `tab:comparacao' on page 7 undefined on input line 119
.


Overfull \hbox (28.83939pt too wide) in paragraph at lines 122--129
[][] 

Underfull \hbox (badness 10000) in paragraph at lines 116--132


Underfull \hbox (badness 10000) in paragraph at lines 116--132

(./sumarioExecutivo.bbl
Underfull \hbox (badness 1231) in paragraph at lines 4--9
[]\OT1/cmr/m/n/10 Diogo C. Lu-cas.  Al-go-rit-mos gen^^Seticos: uma in-trodu^^X
c~ao.  $\OT1/cmtt/m/n/10 http : / / www . inf . ufrgs . br / []alvares /
) [7] (./sumarioExecutivo.aux)

LaTeX Warning: There were undefined references.


LaTeX Warning: There were multiply-defined labels.

 )
(see the transcript file for additional information)</usr/share/texlive/texmf-d
ist/fonts/type1/public/amsfonts/cm/cmbx10.pfb></usr/share/texlive/texmf-dist/fo
nts/type1/public/amsfonts/cm/cmbx12.pfb></usr/share/texlive/texmf-dist/fonts/ty
pe1/public/amsfonts/cm/cmbx9.pfb></usr/share/texlive/texmf-dist/fonts/type1/pub
lic/amsfonts/cm/cmex10.pfb></usr/share/texlive/texmf-dist/fonts/type1/public/am
sfonts/cmextra/cmex7.pfb></usr/share/texlive/texmf-dist/fonts/type1/public/amsf
onts/cm/cmmi10.pfb></usr/share/texlive/texmf-dist/fonts/type1/public/amsfonts/c
m/cmmi5.pfb></usr/share/texlive/texmf-dist/fonts/type1/public/amsfonts/cm/cmmi7
.pfb></usr/share/texlive/texmf-dist/fonts/type1/public/amsfonts/cm/cmr10.pfb></
usr/share/texlive/texmf-dist/fonts/type1/public/amsfonts/cm/cmr12.pfb></usr/sha
re/texlive/texmf-dist/fonts/type1/public/amsfonts/cm/cmr17.pfb></usr/share/texl
ive/texmf-dist/fonts/type1/public/amsfonts/cm/cmr5.pfb></usr/share/texlive/texm
f-dist/fonts/type1/public/amsfonts/cm/cmr7.pfb></usr/share/texlive/texmf-dist/f
onts/type1/public/amsfonts/cm/cmr9.pfb></usr/share/texlive/texmf-dist/fonts/typ
e1/public/amsfonts/cm/cmsy10.pfb></usr/share/texlive/texmf-dist/fonts/type1/pub
lic/amsfonts/cm/cmtt10.pfb>
Output written on sumarioExecutivo.pdf (7 pages, 373404 bytes).
SyncTeX written on sumarioExecutivo.synctex.gz.
Transcript written on sumarioExecutivo.log.
kite@magi:~/Dropbox/private/programacao/ufabc/ia/abV1.32TreinamentoDoAgente/artigo$ emacs sumarioExecutivo.pdf 
kite@magi:~/Dropbox/private/programacao/ufabc/ia/abV1.32TreinamentoDoAgente/artigo$ pdflatex sumarioExecutivo
This is pdfTeX, Version 3.1415926-2.4-1.40.13 (TeX Live 2012/Debian)
 restricted \write18 enabled.
entering extended mode
(./sumarioExecutivo.tex
LaTeX2e <2011/06/27>
Babel <v3.8m> and hyphenation patterns for english, dumylang, nohyphenation, po
rtuguese, loaded.
(/usr/share/texlive/texmf-dist/tex/latex/base/article.cls
Document Class: article 2007/10/19 v1.4h Standard LaTeX document class
(/usr/share/texlive/texmf-dist/tex/latex/base/size10.clo))
(/usr/share/texlive/texmf-dist/tex/generic/oberdiek/ifpdf.sty)
(/usr/share/texlive/texmf-dist/tex/latex/base/inputenc.sty
(/usr/share/texlive/texmf-dist/tex/latex/base/utf8.def
(/usr/share/texlive/texmf-dist/tex/latex/base/t1enc.dfu)
(/usr/share/texlive/texmf-dist/tex/latex/base/ot1enc.dfu)
(/usr/share/texlive/texmf-dist/tex/latex/base/omsenc.dfu)))
(/usr/share/texlive/texmf-dist/tex/generic/babel/babel.sty
(/usr/share/texlive/texmf-dist/tex/generic/babel/portuges.ldf
(/usr/share/texlive/texmf-dist/tex/generic/babel/babel.def)))
(/usr/share/texlive/texmf-dist/tex/latex/float/float.sty)
(/usr/share/texlive/texmf-dist/tex/latex/graphics/graphicx.sty
(/usr/share/texlive/texmf-dist/tex/latex/graphics/keyval.sty)
(/usr/share/texlive/texmf-dist/tex/latex/graphics/graphics.sty
(/usr/share/texlive/texmf-dist/tex/latex/graphics/trig.sty)
(/usr/share/texlive/texmf-dist/tex/latex/latexconfig/graphics.cfg)
(/usr/share/texlive/texmf-dist/tex/latex/pdftex-def/pdftex.def
(/usr/share/texlive/texmf-dist/tex/generic/oberdiek/infwarerr.sty)
(/usr/share/texlive/texmf-dist/tex/generic/oberdiek/ltxcmds.sty))))
(/usr/share/texlive/texmf-dist/tex/latex/tools/enumerate.sty)
(/usr/share/texlive/texmf-dist/tex/latex/url/url.sty)
(/usr/share/texlive/texmf-dist/tex/latex/geometry/geometry.sty
(/usr/share/texlive/texmf-dist/tex/generic/oberdiek/ifvtex.sty)
(/usr/share/texlive/texmf-dist/tex/generic/ifxetex/ifxetex.sty))
(/usr/share/texlive/texmf-dist/tex/latex/amsmath/amsmath.sty
For additional information on amsmath, use the `?' option.
(/usr/share/texlive/texmf-dist/tex/latex/amsmath/amstext.sty
(/usr/share/texlive/texmf-dist/tex/latex/amsmath/amsgen.sty))
(/usr/share/texlive/texmf-dist/tex/latex/amsmath/amsbsy.sty)
(/usr/share/texlive/texmf-dist/tex/latex/amsmath/amsopn.sty))
(./sumarioExecutivo.aux

LaTeX Warning: Label `fig:MostrandoOCruzamentoPorCorte' multiply defined.


LaTeX Warning: Label `fig:MostrandoOCruzamentoUniforme' multiply defined.


LaTeX Warning: Label `fig:MostrandoOCruzamentoUniforme' multiply defined.


LaTeX Warning: Label `fig:MostrandoOCruzamentoUniforme' multiply defined.

) (/usr/share/texlive/texmf-dist/tex/context/base/supp-pdf.mkii
[Loading MPS to PDF converter (version 2006.09.02).]
) (/usr/share/texlive/texmf-dist/tex/generic/oberdiek/pdftexcmds.sty
(/usr/share/texlive/texmf-dist/tex/generic/oberdiek/ifluatex.sty))
(/usr/share/texlive/texmf-dist/tex/latex/oberdiek/epstopdf-base.sty
(/usr/share/texlive/texmf-dist/tex/latex/oberdiek/grfext.sty
(/usr/share/texlive/texmf-dist/tex/generic/oberdiek/kvdefinekeys.sty))
(/usr/share/texlive/texmf-dist/tex/latex/oberdiek/kvoptions.sty
(/usr/share/texlive/texmf-dist/tex/generic/oberdiek/kvsetkeys.sty
(/usr/share/texlive/texmf-dist/tex/generic/oberdiek/etexcmds.sty)))
(/usr/share/texlive/texmf-dist/tex/latex/latexconfig/epstopdf-sys.cfg))
*geometry* driver: auto-detecting
*geometry* detected driver: pdftex

Underfull \hbox (badness 10000) in paragraph at lines 17--18


Underfull \hbox (badness 10000) in paragraph at lines 17--18


Underfull \hbox (badness 10000) in paragraph at lines 19--20


Underfull \hbox (badness 10000) in paragraph at lines 19--20


LaTeX Warning: Citation `aiBirds' on page 1 undefined on input line 22.


Underfull \hbox (badness 10000) in paragraph at lines 21--23


Underfull \hbox (badness 10000) in paragraph at lines 21--23


Underfull \hbox (badness 10000) in paragraph at lines 21--23


LaTeX Warning: Citation `primeiroAUsarAG' on page 1 undefined on input line 28.



Underfull \hbox (badness 10000) in paragraph at lines 28--29


Underfull \hbox (badness 10000) in paragraph at lines 28--29

<imgs/cachorroELobo.jpg, id=1, 552.0625pt x 344.28625pt>
<use imgs/cachorroELobo.jpg>
Underfull \hbox (badness 10000) in paragraph at lines 30--36

[1{/var/lib/texmf/fonts/map/pdftex/updmap/pdftex.map}]
<imgs/tiposDeCromossomo.pdf, id=12, 762.31706pt x 200.75pt>
<use imgs/tiposDeCromossomo.pdf>
Underfull \hbox (badness 10000) in paragraph at lines 38--44


Underfull \hbox (badness 10000) in paragraph at lines 38--44


LaTeX Warning: Citation `UFRGS-Apostila-GA' on page 2 undefined on input line 4
6.


LaTeX Warning: Citation `Livro-De-IA' on page 2 undefined on input line 46.


LaTeX Warning: Citation `Livro-De-IA' on page 2 undefined on input line 46.

<imgs/diagramaCorte.pdf, id=13, 482.60298pt x 292.03165pt>
<use imgs/diagramaCorte.pdf>
Underfull \hbox (badness 10000) in paragraph at lines 46--56


Underfull \hbox (badness 10000) in paragraph at lines 46--56


Underfull \hbox (badness 10000) in paragraph at lines 46--56


Underfull \hbox (badness 10000) in paragraph at lines 46--56


Underfull \hbox (badness 10000) in paragraph at lines 46--56

[2 <./imgs/cachorroELobo.jpg> <./imgs/tiposDeCromossomo.pdf>]
<imgs/diagramaMascara.pdf, id=178, 482.60298pt x 276.26418pt>
<use imgs/diagramaMascara.pdf>
Underfull \hbox (badness 10000) in paragraph at lines 58--64


Underfull \hbox (badness 10000) in paragraph at lines 58--64


LaTeX Warning: Reference `fig:DiagramaAG' on page 3 undefined on input line 66.


<imgs/diagramaAG.pdf, id=179, 566.115pt x 528.97626pt>
<use imgs/diagramaAG.pdf>
Underfull \hbox (badness 10000) in paragraph at lines 64--72

[3 <./imgs/diagramaCorte.pdf> <./imgs/diagramaMascara.pdf

pdfTeX warning: pdflatex (file ./imgs/diagramaMascara.pdf): PDF inclusion: mult
iple pdfs with page group included in a single page
>]

LaTeX Warning: Reference `fig:AngryBirds' on page 4 undefined on input line 75.



Underfull \hbox (badness 10000) in paragraph at lines 75--77

(/usr/share/texlive/texmf-dist/tex/latex/base/omscmr.fd)

LaTeX Warning: Citation `videoMostrandoQueOjogoNaoEDeterministico' on page 4 un
defined on input line 79.

[4 <./imgs/diagramaAG.pdf>]
Underfull \hbox (badness 10000) in paragraph at lines 93--96


Underfull \hbox (badness 10000) in paragraph at lines 93--96


Underfull \hbox (badness 10000) in paragraph at lines 97--98


Underfull \hbox (badness 10000) in paragraph at lines 97--98


LaTeX Warning: Reference `fig:taxaAprendizagemTorneio' on page 5 undefined on i
nput line 101.


LaTeX Warning: Reference `fig:taxaAprendizagem2Torneio' on page 5 undefined on 
input line 101.


LaTeX Warning: Reference `fig:taxaAprendizagemRoleta' on page 5 undefined on in
put line 101.


LaTeX Warning: Reference `fig:taxaAprendizagem2Roleta' on page 5 undefined on i
nput line 101.

<use imgs/diagramaAG.pdf>
Underfull \hbox (badness 10000) in paragraph at lines 99--107


Underfull \hbox (badness 10000) in paragraph at lines 99--107


Underfull \hbox (badness 10000) in paragraph at lines 99--107


Underfull \hbox (badness 10000) in paragraph at lines 99--107

<use imgs/diagramaAG.pdf> [5] [6]

LaTeX Warning: Reference `tab:comparacao' on page 7 undefined on input line 119
.


Overfull \hbox (28.83939pt too wide) in paragraph at lines 122--129
[][] 

Underfull \hbox (badness 10000) in paragraph at lines 116--132


Underfull \hbox (badness 10000) in paragraph at lines 116--132

(./sumarioExecutivo.bbl
Underfull \hbox (badness 1231) in paragraph at lines 4--9
[]\OT1/cmr/m/n/10 Diogo C. Lu-cas.  Al-go-rit-mos gen^^Seticos: uma in-trodu^^X
c~ao.  $\OT1/cmtt/m/n/10 http : / / www . inf . ufrgs . br / []alvares /
) [7] (./sumarioExecutivo.aux)

LaTeX Warning: There were undefined references.


LaTeX Warning: There were multiply-defined labels.

 )
(see the transcript file for additional information)</usr/share/texlive/texmf-d
ist/fonts/type1/public/amsfonts/cm/cmbx10.pfb></usr/share/texlive/texmf-dist/fo
nts/type1/public/amsfonts/cm/cmbx12.pfb></usr/share/texlive/texmf-dist/fonts/ty
pe1/public/amsfonts/cm/cmbx9.pfb></usr/share/texlive/texmf-dist/fonts/type1/pub
lic/amsfonts/cm/cmex10.pfb></usr/share/texlive/texmf-dist/fonts/type1/public/am
sfonts/cmextra/cmex7.pfb></usr/share/texlive/texmf-dist/fonts/type1/public/amsf
onts/cm/cmmi10.pfb></usr/share/texlive/texmf-dist/fonts/type1/public/amsfonts/c
m/cmmi5.pfb></usr/share/texlive/texmf-dist/fonts/type1/public/amsfonts/cm/cmmi7
.pfb></usr/share/texlive/texmf-dist/fonts/type1/public/amsfonts/cm/cmr10.pfb></
usr/share/texlive/texmf-dist/fonts/type1/public/amsfonts/cm/cmr12.pfb></usr/sha
re/texlive/texmf-dist/fonts/type1/public/amsfonts/cm/cmr17.pfb></usr/share/texl
ive/texmf-dist/fonts/type1/public/amsfonts/cm/cmr5.pfb></usr/share/texlive/texm
f-dist/fonts/type1/public/amsfonts/cm/cmr7.pfb></usr/share/texlive/texmf-dist/f
onts/type1/public/amsfonts/cm/cmr9.pfb></usr/share/texlive/texmf-dist/fonts/typ
e1/public/amsfonts/cm/cmsy10.pfb></usr/share/texlive/texmf-dist/fonts/type1/pub
lic/amsfonts/cm/cmtt10.pfb>
Output written on sumarioExecutivo.pdf (7 pages, 373359 bytes).
SyncTeX written on sumarioExecutivo.synctex.gz.
Transcript written on sumarioExecutivo.log.
kite@magi:~/Dropbox/private/programacao/ufabc/ia/abV1.32TreinamentoDoAgente/artigo$ pdflatex sumarioExecutivo
This is pdfTeX, Version 3.1415926-2.4-1.40.13 (TeX Live 2012/Debian)
 restricted \write18 enabled.
entering extended mode
(./sumarioExecutivo.tex
LaTeX2e <2011/06/27>
Babel <v3.8m> and hyphenation patterns for english, dumylang, nohyphenation, po
rtuguese, loaded.
(/usr/share/texlive/texmf-dist/tex/latex/base/article.cls
Document Class: article 2007/10/19 v1.4h Standard LaTeX document class
(/usr/share/texlive/texmf-dist/tex/latex/base/size10.clo))
(/usr/share/texlive/texmf-dist/tex/generic/oberdiek/ifpdf.sty)
(/usr/share/texlive/texmf-dist/tex/latex/base/inputenc.sty
(/usr/share/texlive/texmf-dist/tex/latex/base/utf8.def
(/usr/share/texlive/texmf-dist/tex/latex/base/t1enc.dfu)
(/usr/share/texlive/texmf-dist/tex/latex/base/ot1enc.dfu)
(/usr/share/texlive/texmf-dist/tex/latex/base/omsenc.dfu)))
(/usr/share/texlive/texmf-dist/tex/generic/babel/babel.sty
(/usr/share/texlive/texmf-dist/tex/generic/babel/portuges.ldf
(/usr/share/texlive/texmf-dist/tex/generic/babel/babel.def)))
(/usr/share/texlive/texmf-dist/tex/latex/float/float.sty)
(/usr/share/texlive/texmf-dist/tex/latex/graphics/graphicx.sty
(/usr/share/texlive/texmf-dist/tex/latex/graphics/keyval.sty)
(/usr/share/texlive/texmf-dist/tex/latex/graphics/graphics.sty
(/usr/share/texlive/texmf-dist/tex/latex/graphics/trig.sty)
(/usr/share/texlive/texmf-dist/tex/latex/latexconfig/graphics.cfg)
(/usr/share/texlive/texmf-dist/tex/latex/pdftex-def/pdftex.def
(/usr/share/texlive/texmf-dist/tex/generic/oberdiek/infwarerr.sty)
(/usr/share/texlive/texmf-dist/tex/generic/oberdiek/ltxcmds.sty))))
(/usr/share/texlive/texmf-dist/tex/latex/tools/enumerate.sty)
(/usr/share/texlive/texmf-dist/tex/latex/url/url.sty)
(/usr/share/texlive/texmf-dist/tex/latex/geometry/geometry.sty
(/usr/share/texlive/texmf-dist/tex/generic/oberdiek/ifvtex.sty)
(/usr/share/texlive/texmf-dist/tex/generic/ifxetex/ifxetex.sty))
(/usr/share/texlive/texmf-dist/tex/latex/amsmath/amsmath.sty
For additional information on amsmath, use the `?' option.
(/usr/share/texlive/texmf-dist/tex/latex/amsmath/amstext.sty
(/usr/share/texlive/texmf-dist/tex/latex/amsmath/amsgen.sty))
(/usr/share/texlive/texmf-dist/tex/latex/amsmath/amsbsy.sty)
(/usr/share/texlive/texmf-dist/tex/latex/amsmath/amsopn.sty))
(./sumarioExecutivo.aux

LaTeX Warning: Label `fig:MostrandoOCruzamentoPorCorte' multiply defined.


LaTeX Warning: Label `fig:MostrandoOCruzamentoUniforme' multiply defined.


LaTeX Warning: Label `fig:MostrandoOCruzamentoUniforme' multiply defined.


LaTeX Warning: Label `fig:MostrandoOCruzamentoUniforme' multiply defined.

) (/usr/share/texlive/texmf-dist/tex/context/base/supp-pdf.mkii
[Loading MPS to PDF converter (version 2006.09.02).]
) (/usr/share/texlive/texmf-dist/tex/generic/oberdiek/pdftexcmds.sty
(/usr/share/texlive/texmf-dist/tex/generic/oberdiek/ifluatex.sty))
(/usr/share/texlive/texmf-dist/tex/latex/oberdiek/epstopdf-base.sty
(/usr/share/texlive/texmf-dist/tex/latex/oberdiek/grfext.sty
(/usr/share/texlive/texmf-dist/tex/generic/oberdiek/kvdefinekeys.sty))
(/usr/share/texlive/texmf-dist/tex/latex/oberdiek/kvoptions.sty
(/usr/share/texlive/texmf-dist/tex/generic/oberdiek/kvsetkeys.sty
(/usr/share/texlive/texmf-dist/tex/generic/oberdiek/etexcmds.sty)))
(/usr/share/texlive/texmf-dist/tex/latex/latexconfig/epstopdf-sys.cfg))
*geometry* driver: auto-detecting
*geometry* detected driver: pdftex

Underfull \hbox (badness 10000) in paragraph at lines 17--18


Underfull \hbox (badness 10000) in paragraph at lines 17--18


Underfull \hbox (badness 10000) in paragraph at lines 19--20


Underfull \hbox (badness 10000) in paragraph at lines 19--20


LaTeX Warning: Citation `aiBirds' on page 1 undefined on input line 22.


Underfull \hbox (badness 10000) in paragraph at lines 21--23


Underfull \hbox (badness 10000) in paragraph at lines 21--23


Underfull \hbox (badness 10000) in paragraph at lines 21--23


LaTeX Warning: Citation `primeiroAUsarAG' on page 1 undefined on input line 28.



Underfull \hbox (badness 10000) in paragraph at lines 28--29


Underfull \hbox (badness 10000) in paragraph at lines 28--29

<imgs/cachorroELobo.jpg, id=1, 552.0625pt x 344.28625pt>
<use imgs/cachorroELobo.jpg>
Underfull \hbox (badness 10000) in paragraph at lines 30--36

[1{/var/lib/texmf/fonts/map/pdftex/updmap/pdftex.map}]
<imgs/tiposDeCromossomo.pdf, id=12, 762.31706pt x 200.75pt>
<use imgs/tiposDeCromossomo.pdf>
Underfull \hbox (badness 10000) in paragraph at lines 38--44


Underfull \hbox (badness 10000) in paragraph at lines 38--44


LaTeX Warning: Citation `UFRGS-Apostila-GA' on page 2 undefined on input line 4
6.


LaTeX Warning: Citation `Livro-De-IA' on page 2 undefined on input line 46.


LaTeX Warning: Citation `Livro-De-IA' on page 2 undefined on input line 46.

<imgs/diagramaCorte.pdf, id=13, 482.60298pt x 292.03165pt>
<use imgs/diagramaCorte.pdf>
Underfull \hbox (badness 10000) in paragraph at lines 46--56


Underfull \hbox (badness 10000) in paragraph at lines 46--56


Underfull \hbox (badness 10000) in paragraph at lines 46--56


Underfull \hbox (badness 10000) in paragraph at lines 46--56


Underfull \hbox (badness 10000) in paragraph at lines 46--56

[2 <./imgs/cachorroELobo.jpg> <./imgs/tiposDeCromossomo.pdf>]
<imgs/diagramaMascara.pdf, id=178, 482.60298pt x 276.26418pt>
<use imgs/diagramaMascara.pdf>
Underfull \hbox (badness 10000) in paragraph at lines 58--64


Underfull \hbox (badness 10000) in paragraph at lines 58--64


LaTeX Warning: Reference `fig:DiagramaAG' on page 3 undefined on input line 66.


<imgs/diagramaAG.pdf, id=179, 566.115pt x 528.97626pt>
<use imgs/diagramaAG.pdf>
Underfull \hbox (badness 10000) in paragraph at lines 64--72

[3 <./imgs/diagramaCorte.pdf> <./imgs/diagramaMascara.pdf

pdfTeX warning: pdflatex (file ./imgs/diagramaMascara.pdf): PDF inclusion: mult
iple pdfs with page group included in a single page
>]

LaTeX Warning: Reference `fig:AngryBirds' on page 4 undefined on input line 75.



Underfull \hbox (badness 10000) in paragraph at lines 75--77

(/usr/share/texlive/texmf-dist/tex/latex/base/omscmr.fd)

LaTeX Warning: Citation `videoMostrandoQueOjogoNaoEDeterministico' on page 4 un
defined on input line 79.

[4 <./imgs/diagramaAG.pdf>]
Underfull \hbox (badness 10000) in paragraph at lines 93--96


Underfull \hbox (badness 10000) in paragraph at lines 93--96


Underfull \hbox (badness 10000) in paragraph at lines 97--98


Underfull \hbox (badness 10000) in paragraph at lines 97--98


LaTeX Warning: Reference `fig:taxaAprendizagemTorneio' on page 5 undefined on i
nput line 101.


LaTeX Warning: Reference `fig:taxaAprendizagem2Torneio' on page 5 undefined on 
input line 101.


LaTeX Warning: Reference `fig:taxaAprendizagemRoleta' on page 5 undefined on in
put line 101.


LaTeX Warning: Reference `fig:taxaAprendizagem2Roleta' on page 5 undefined on i
nput line 101.

<use imgs/diagramaAG.pdf>
Underfull \hbox (badness 10000) in paragraph at lines 99--107


Underfull \hbox (badness 10000) in paragraph at lines 99--107


Underfull \hbox (badness 10000) in paragraph at lines 99--107


Underfull \hbox (badness 10000) in paragraph at lines 99--107

<use imgs/diagramaAG.pdf> [5] [6]

LaTeX Warning: Reference `tab:comparacao' on page 7 undefined on input line 119
.


! LaTeX Error: Illegal character in array arg.

See the LaTeX manual or LaTeX Companion for explanation.
Type  H <return>  for immediate help.
 ...                                              
                                                  
l.122   \begin{tabular}{|L{2cm}|l|l|l|l|}
                                         %
? quit
OK, entering \batchmode
SyncTeX written on sumarioExecutivo.synctex.gz.kite@magi:~/Dropbox/private/programacao/ufabc/ia/abV1.32TreinamentoDoAgente/artigo$ pdflatex sumarioExecutivo
This is pdfTeX, Version 3.1415926-2.4-1.40.13 (TeX Live 2012/Debian)
 restricted \write18 enabled.
entering extended mode
(./sumarioExecutivo.tex
LaTeX2e <2011/06/27>
Babel <v3.8m> and hyphenation patterns for english, dumylang, nohyphenation, po
rtuguese, loaded.
(/usr/share/texlive/texmf-dist/tex/latex/base/article.cls
Document Class: article 2007/10/19 v1.4h Standard LaTeX document class
(/usr/share/texlive/texmf-dist/tex/latex/base/size10.clo))
(/usr/share/texlive/texmf-dist/tex/generic/oberdiek/ifpdf.sty)
(/usr/share/texlive/texmf-dist/tex/latex/base/inputenc.sty
(/usr/share/texlive/texmf-dist/tex/latex/base/utf8.def
(/usr/share/texlive/texmf-dist/tex/latex/base/t1enc.dfu)
(/usr/share/texlive/texmf-dist/tex/latex/base/ot1enc.dfu)
(/usr/share/texlive/texmf-dist/tex/latex/base/omsenc.dfu)))
(/usr/share/texlive/texmf-dist/tex/generic/babel/babel.sty
(/usr/share/texlive/texmf-dist/tex/generic/babel/portuges.ldf
(/usr/share/texlive/texmf-dist/tex/generic/babel/babel.def)))
(/usr/share/texlive/texmf-dist/tex/latex/float/float.sty)
(/usr/share/texlive/texmf-dist/tex/latex/graphics/graphicx.sty
(/usr/share/texlive/texmf-dist/tex/latex/graphics/keyval.sty)
(/usr/share/texlive/texmf-dist/tex/latex/graphics/graphics.sty
(/usr/share/texlive/texmf-dist/tex/latex/graphics/trig.sty)
(/usr/share/texlive/texmf-dist/tex/latex/latexconfig/graphics.cfg)
(/usr/share/texlive/texmf-dist/tex/latex/pdftex-def/pdftex.def
(/usr/share/texlive/texmf-dist/tex/generic/oberdiek/infwarerr.sty)
(/usr/share/texlive/texmf-dist/tex/generic/oberdiek/ltxcmds.sty))))
(/usr/share/texlive/texmf-dist/tex/latex/tools/enumerate.sty)
(/usr/share/texlive/texmf-dist/tex/latex/url/url.sty)
(/usr/share/texlive/texmf-dist/tex/latex/geometry/geometry.sty
(/usr/share/texlive/texmf-dist/tex/generic/oberdiek/ifvtex.sty)
(/usr/share/texlive/texmf-dist/tex/generic/ifxetex/ifxetex.sty))
(/usr/share/texlive/texmf-dist/tex/latex/amsmath/amsmath.sty
For additional information on amsmath, use the `?' option.
(/usr/share/texlive/texmf-dist/tex/latex/amsmath/amstext.sty
(/usr/share/texlive/texmf-dist/tex/latex/amsmath/amsgen.sty))
(/usr/share/texlive/texmf-dist/tex/latex/amsmath/amsbsy.sty)
(/usr/share/texlive/texmf-dist/tex/latex/amsmath/amsopn.sty))
(./sumarioExecutivo.aux

LaTeX Warning: Label `fig:MostrandoOCruzamentoPorCorte' multiply defined.


LaTeX Warning: Label `fig:MostrandoOCruzamentoUniforme' multiply defined.


LaTeX Warning: Label `fig:MostrandoOCruzamentoUniforme' multiply defined.


LaTeX Warning: Label `fig:MostrandoOCruzamentoUniforme' multiply defined.

) (/usr/share/texlive/texmf-dist/tex/context/base/supp-pdf.mkii
[Loading MPS to PDF converter (version 2006.09.02).]
) (/usr/share/texlive/texmf-dist/tex/generic/oberdiek/pdftexcmds.sty
(/usr/share/texlive/texmf-dist/tex/generic/oberdiek/ifluatex.sty))
(/usr/share/texlive/texmf-dist/tex/latex/oberdiek/epstopdf-base.sty
(/usr/share/texlive/texmf-dist/tex/latex/oberdiek/grfext.sty
(/usr/share/texlive/texmf-dist/tex/generic/oberdiek/kvdefinekeys.sty))
(/usr/share/texlive/texmf-dist/tex/latex/oberdiek/kvoptions.sty
(/usr/share/texlive/texmf-dist/tex/generic/oberdiek/kvsetkeys.sty
(/usr/share/texlive/texmf-dist/tex/generic/oberdiek/etexcmds.sty)))
(/usr/share/texlive/texmf-dist/tex/latex/latexconfig/epstopdf-sys.cfg))
*geometry* driver: auto-detecting
*geometry* detected driver: pdftex

Underfull \hbox (badness 10000) in paragraph at lines 17--18


Underfull \hbox (badness 10000) in paragraph at lines 17--18


Underfull \hbox (badness 10000) in paragraph at lines 19--20


Underfull \hbox (badness 10000) in paragraph at lines 19--20


LaTeX Warning: Citation `aiBirds' on page 1 undefined on input line 22.


Underfull \hbox (badness 10000) in paragraph at lines 21--23


Underfull \hbox (badness 10000) in paragraph at lines 21--23


Underfull \hbox (badness 10000) in paragraph at lines 21--23


LaTeX Warning: Citation `primeiroAUsarAG' on page 1 undefined on input line 28.



Underfull \hbox (badness 10000) in paragraph at lines 28--29


Underfull \hbox (badness 10000) in paragraph at lines 28--29

<imgs/cachorroELobo.jpg, id=1, 552.0625pt x 344.28625pt>
<use imgs/cachorroELobo.jpg>
Underfull \hbox (badness 10000) in paragraph at lines 30--36

[1{/var/lib/texmf/fonts/map/pdftex/updmap/pdftex.map}]
<imgs/tiposDeCromossomo.pdf, id=12, 762.31706pt x 200.75pt>
<use imgs/tiposDeCromossomo.pdf>
Underfull \hbox (badness 10000) in paragraph at lines 38--44


Underfull \hbox (badness 10000) in paragraph at lines 38--44


LaTeX Warning: Citation `UFRGS-Apostila-GA' on page 2 undefined on input line 4
6.


LaTeX Warning: Citation `Livro-De-IA' on page 2 undefined on input line 46.


LaTeX Warning: Citation `Livro-De-IA' on page 2 undefined on input line 46.

<imgs/diagramaCorte.pdf, id=13, 482.60298pt x 292.03165pt>
<use imgs/diagramaCorte.pdf>
Underfull \hbox (badness 10000) in paragraph at lines 46--56


Underfull \hbox (badness 10000) in paragraph at lines 46--56


Underfull \hbox (badness 10000) in paragraph at lines 46--56


Underfull \hbox (badness 10000) in paragraph at lines 46--56


Underfull \hbox (badness 10000) in paragraph at lines 46--56

[2 <./imgs/cachorroELobo.jpg> <./imgs/tiposDeCromossomo.pdf>]
<imgs/diagramaMascara.pdf, id=178, 482.60298pt x 276.26418pt>
<use imgs/diagramaMascara.pdf>
Underfull \hbox (badness 10000) in paragraph at lines 58--64


Underfull \hbox (badness 10000) in paragraph at lines 58--64


LaTeX Warning: Reference `fig:DiagramaAG' on page 3 undefined on input line 66.


<imgs/diagramaAG.pdf, id=179, 566.115pt x 528.97626pt>
<use imgs/diagramaAG.pdf>
Underfull \hbox (badness 10000) in paragraph at lines 64--72

[3 <./imgs/diagramaCorte.pdf> <./imgs/diagramaMascara.pdf

pdfTeX warning: pdflatex (file ./imgs/diagramaMascara.pdf): PDF inclusion: mult
iple pdfs with page group included in a single page
>]

LaTeX Warning: Reference `fig:AngryBirds' on page 4 undefined on input line 75.



Underfull \hbox (badness 10000) in paragraph at lines 75--77

(/usr/share/texlive/texmf-dist/tex/latex/base/omscmr.fd)

LaTeX Warning: Citation `videoMostrandoQueOjogoNaoEDeterministico' on page 4 un
defined on input line 79.

[4 <./imgs/diagramaAG.pdf>]
Underfull \hbox (badness 10000) in paragraph at lines 93--96


Underfull \hbox (badness 10000) in paragraph at lines 93--96


Underfull \hbox (badness 10000) in paragraph at lines 97--98


Underfull \hbox (badness 10000) in paragraph at lines 97--98


LaTeX Warning: Reference `fig:taxaAprendizagemTorneio' on page 5 undefined on i
nput line 101.


LaTeX Warning: Reference `fig:taxaAprendizagem2Torneio' on page 5 undefined on 
input line 101.


LaTeX Warning: Reference `fig:taxaAprendizagemRoleta' on page 5 undefined on in
put line 101.


LaTeX Warning: Reference `fig:taxaAprendizagem2Roleta' on page 5 undefined on i
nput line 101.

<use imgs/diagramaAG.pdf>
Underfull \hbox (badness 10000) in paragraph at lines 99--107


Underfull \hbox (badness 10000) in paragraph at lines 99--107


Underfull \hbox (badness 10000) in paragraph at lines 99--107


Underfull \hbox (badness 10000) in paragraph at lines 99--107

<use imgs/diagramaAG.pdf> [5] [6]

LaTeX Warning: Reference `tab:comparacao' on page 7 undefined on input line 119
.


! LaTeX Error: Illegal character in array arg.

See the LaTeX manual or LaTeX Companion for explanation.
Type  H <return>  for immediate help.
 ...                                              
                                                  
l.122   \begin{tabular}{|m{2cm}|l|l|l|l|}
                                         %
? quit
OK, entering \batchmode
SyncTeX written on sumarioExecutivo.synctex.gz.kite@magi:~/Dropbox/private/programacao/ufabc/ia/abV1.32TreinamentoDoAgente/artigo$ pdflatex sumarioExecutivo
This is pdfTeX, Version 3.1415926-2.4-1.40.13 (TeX Live 2012/Debian)
 restricted \write18 enabled.
entering extended mode
(./sumarioExecutivo.tex
LaTeX2e <2011/06/27>
Babel <v3.8m> and hyphenation patterns for english, dumylang, nohyphenation, po
rtuguese, loaded.
(/usr/share/texlive/texmf-dist/tex/latex/base/article.cls
Document Class: article 2007/10/19 v1.4h Standard LaTeX document class
(/usr/share/texlive/texmf-dist/tex/latex/base/size10.clo))
(/usr/share/texlive/texmf-dist/tex/generic/oberdiek/ifpdf.sty)
(/usr/share/texlive/texmf-dist/tex/latex/base/inputenc.sty
(/usr/share/texlive/texmf-dist/tex/latex/base/utf8.def
(/usr/share/texlive/texmf-dist/tex/latex/base/t1enc.dfu)
(/usr/share/texlive/texmf-dist/tex/latex/base/ot1enc.dfu)
(/usr/share/texlive/texmf-dist/tex/latex/base/omsenc.dfu)))
(/usr/share/texlive/texmf-dist/tex/generic/babel/babel.sty
(/usr/share/texlive/texmf-dist/tex/generic/babel/portuges.ldf
(/usr/share/texlive/texmf-dist/tex/generic/babel/babel.def)))
(/usr/share/texlive/texmf-dist/tex/latex/float/float.sty)
(/usr/share/texlive/texmf-dist/tex/latex/graphics/graphicx.sty
(/usr/share/texlive/texmf-dist/tex/latex/graphics/keyval.sty)
(/usr/share/texlive/texmf-dist/tex/latex/graphics/graphics.sty
(/usr/share/texlive/texmf-dist/tex/latex/graphics/trig.sty)
(/usr/share/texlive/texmf-dist/tex/latex/latexconfig/graphics.cfg)
(/usr/share/texlive/texmf-dist/tex/latex/pdftex-def/pdftex.def
(/usr/share/texlive/texmf-dist/tex/generic/oberdiek/infwarerr.sty)
(/usr/share/texlive/texmf-dist/tex/generic/oberdiek/ltxcmds.sty))))
(/usr/share/texlive/texmf-dist/tex/latex/tools/enumerate.sty)
(/usr/share/texlive/texmf-dist/tex/latex/url/url.sty)
(/usr/share/texlive/texmf-dist/tex/latex/geometry/geometry.sty
(/usr/share/texlive/texmf-dist/tex/generic/oberdiek/ifvtex.sty)
(/usr/share/texlive/texmf-dist/tex/generic/ifxetex/ifxetex.sty))
(/usr/share/texlive/texmf-dist/tex/latex/amsmath/amsmath.sty
For additional information on amsmath, use the `?' option.
(/usr/share/texlive/texmf-dist/tex/latex/amsmath/amstext.sty
(/usr/share/texlive/texmf-dist/tex/latex/amsmath/amsgen.sty))
(/usr/share/texlive/texmf-dist/tex/latex/amsmath/amsbsy.sty)
(/usr/share/texlive/texmf-dist/tex/latex/amsmath/amsopn.sty))
(/usr/share/texlive/texmf-dist/tex/latex/tools/array.sty)
(./sumarioExecutivo.aux

LaTeX Warning: Label `fig:MostrandoOCruzamentoPorCorte' multiply defined.


LaTeX Warning: Label `fig:MostrandoOCruzamentoUniforme' multiply defined.


LaTeX Warning: Label `fig:MostrandoOCruzamentoUniforme' multiply defined.


LaTeX Warning: Label `fig:MostrandoOCruzamentoUniforme' multiply defined.

) (/usr/share/texlive/texmf-dist/tex/context/base/supp-pdf.mkii
[Loading MPS to PDF converter (version 2006.09.02).]
) (/usr/share/texlive/texmf-dist/tex/generic/oberdiek/pdftexcmds.sty
(/usr/share/texlive/texmf-dist/tex/generic/oberdiek/ifluatex.sty))
(/usr/share/texlive/texmf-dist/tex/latex/oberdiek/epstopdf-base.sty
(/usr/share/texlive/texmf-dist/tex/latex/oberdiek/grfext.sty
(/usr/share/texlive/texmf-dist/tex/generic/oberdiek/kvdefinekeys.sty))
(/usr/share/texlive/texmf-dist/tex/latex/oberdiek/kvoptions.sty
(/usr/share/texlive/texmf-dist/tex/generic/oberdiek/kvsetkeys.sty
(/usr/share/texlive/texmf-dist/tex/generic/oberdiek/etexcmds.sty)))
(/usr/share/texlive/texmf-dist/tex/latex/latexconfig/epstopdf-sys.cfg))
*geometry* driver: auto-detecting
*geometry* detected driver: pdftex

Underfull \hbox (badness 10000) in paragraph at lines 23--24


Underfull \hbox (badness 10000) in paragraph at lines 23--24


Underfull \hbox (badness 10000) in paragraph at lines 25--26


Underfull \hbox (badness 10000) in paragraph at lines 25--26


LaTeX Warning: Citation `aiBirds' on page 1 undefined on input line 28.


Underfull \hbox (badness 10000) in paragraph at lines 27--29


Underfull \hbox (badness 10000) in paragraph at lines 27--29


Underfull \hbox (badness 10000) in paragraph at lines 27--29


LaTeX Warning: Citation `primeiroAUsarAG' on page 1 undefined on input line 34.



Underfull \hbox (badness 10000) in paragraph at lines 34--35


Underfull \hbox (badness 10000) in paragraph at lines 34--35

<imgs/cachorroELobo.jpg, id=1, 552.0625pt x 344.28625pt>
<use imgs/cachorroELobo.jpg>
Underfull \hbox (badness 10000) in paragraph at lines 36--42

[1{/var/lib/texmf/fonts/map/pdftex/updmap/pdftex.map}]
<imgs/tiposDeCromossomo.pdf, id=12, 762.31706pt x 200.75pt>
<use imgs/tiposDeCromossomo.pdf>
Underfull \hbox (badness 10000) in paragraph at lines 44--50


Underfull \hbox (badness 10000) in paragraph at lines 44--50


LaTeX Warning: Citation `UFRGS-Apostila-GA' on page 2 undefined on input line 5
2.


LaTeX Warning: Citation `Livro-De-IA' on page 2 undefined on input line 52.


LaTeX Warning: Citation `Livro-De-IA' on page 2 undefined on input line 52.

<imgs/diagramaCorte.pdf, id=13, 482.60298pt x 292.03165pt>
<use imgs/diagramaCorte.pdf>
Underfull \hbox (badness 10000) in paragraph at lines 52--62


Underfull \hbox (badness 10000) in paragraph at lines 52--62


Underfull \hbox (badness 10000) in paragraph at lines 52--62


Underfull \hbox (badness 10000) in paragraph at lines 52--62


Underfull \hbox (badness 10000) in paragraph at lines 52--62

[2 <./imgs/cachorroELobo.jpg> <./imgs/tiposDeCromossomo.pdf>]
<imgs/diagramaMascara.pdf, id=178, 482.60298pt x 276.26418pt>
<use imgs/diagramaMascara.pdf>
Underfull \hbox (badness 10000) in paragraph at lines 64--70


Underfull \hbox (badness 10000) in paragraph at lines 64--70


LaTeX Warning: Reference `fig:DiagramaAG' on page 3 undefined on input line 72.


<imgs/diagramaAG.pdf, id=179, 566.115pt x 528.97626pt>
<use imgs/diagramaAG.pdf>
Underfull \hbox (badness 10000) in paragraph at lines 70--78

[3 <./imgs/diagramaCorte.pdf> <./imgs/diagramaMascara.pdf

pdfTeX warning: pdflatex (file ./imgs/diagramaMascara.pdf): PDF inclusion: mult
iple pdfs with page group included in a single page
>]

LaTeX Warning: Reference `fig:AngryBirds' on page 4 undefined on input line 81.



Underfull \hbox (badness 10000) in paragraph at lines 81--83

(/usr/share/texlive/texmf-dist/tex/latex/base/omscmr.fd)

LaTeX Warning: Citation `videoMostrandoQueOjogoNaoEDeterministico' on page 4 un
defined on input line 85.

[4 <./imgs/diagramaAG.pdf>]
Underfull \hbox (badness 10000) in paragraph at lines 99--102


Underfull \hbox (badness 10000) in paragraph at lines 99--102


Underfull \hbox (badness 10000) in paragraph at lines 103--104


Underfull \hbox (badness 10000) in paragraph at lines 103--104


LaTeX Warning: Reference `fig:taxaAprendizagemTorneio' on page 5 undefined on i
nput line 107.


LaTeX Warning: Reference `fig:taxaAprendizagem2Torneio' on page 5 undefined on 
input line 107.


LaTeX Warning: Reference `fig:taxaAprendizagemRoleta' on page 5 undefined on in
put line 107.


LaTeX Warning: Reference `fig:taxaAprendizagem2Roleta' on page 5 undefined on i
nput line 107.

<use imgs/diagramaAG.pdf>
Underfull \hbox (badness 10000) in paragraph at lines 105--113


Underfull \hbox (badness 10000) in paragraph at lines 105--113


Underfull \hbox (badness 10000) in paragraph at lines 105--113


Underfull \hbox (badness 10000) in paragraph at lines 105--113

<use imgs/diagramaAG.pdf> [5] [6]

LaTeX Warning: Reference `tab:comparacao' on page 7 undefined on input line 125
.


Underfull \hbox (badness 10000) in paragraph at lines 122--138


Underfull \hbox (badness 10000) in paragraph at lines 122--138

(./sumarioExecutivo.bbl
Underfull \hbox (badness 1231) in paragraph at lines 4--9
[]\OT1/cmr/m/n/10 Diogo C. Lu-cas.  Al-go-rit-mos gen^^Seticos: uma in-trodu^^X
c~ao.  $\OT1/cmtt/m/n/10 http : / / www . inf . ufrgs . br / []alvares /
) [7] (./sumarioExecutivo.aux)

LaTeX Warning: There were undefined references.


LaTeX Warning: There were multiply-defined labels.

 )
(see the transcript file for additional information)</usr/share/texlive/texmf-d
ist/fonts/type1/public/amsfonts/cm/cmbx10.pfb></usr/share/texlive/texmf-dist/fo
nts/type1/public/amsfonts/cm/cmbx12.pfb></usr/share/texlive/texmf-dist/fonts/ty
pe1/public/amsfonts/cm/cmbx9.pfb></usr/share/texlive/texmf-dist/fonts/type1/pub
lic/amsfonts/cm/cmex10.pfb></usr/share/texlive/texmf-dist/fonts/type1/public/am
sfonts/cmextra/cmex7.pfb></usr/share/texlive/texmf-dist/fonts/type1/public/amsf
onts/cm/cmmi10.pfb></usr/share/texlive/texmf-dist/fonts/type1/public/amsfonts/c
m/cmmi5.pfb></usr/share/texlive/texmf-dist/fonts/type1/public/amsfonts/cm/cmmi7
.pfb></usr/share/texlive/texmf-dist/fonts/type1/public/amsfonts/cm/cmr10.pfb></
usr/share/texlive/texmf-dist/fonts/type1/public/amsfonts/cm/cmr12.pfb></usr/sha
re/texlive/texmf-dist/fonts/type1/public/amsfonts/cm/cmr17.pfb></usr/share/texl
ive/texmf-dist/fonts/type1/public/amsfonts/cm/cmr5.pfb></usr/share/texlive/texm
f-dist/fonts/type1/public/amsfonts/cm/cmr7.pfb></usr/share/texlive/texmf-dist/f
onts/type1/public/amsfonts/cm/cmr9.pfb></usr/share/texlive/texmf-dist/fonts/typ
e1/public/amsfonts/cm/cmsy10.pfb></usr/share/texlive/texmf-dist/fonts/type1/pub
lic/amsfonts/cm/cmtt10.pfb>
Output written on sumarioExecutivo.pdf (7 pages, 373445 bytes).
SyncTeX written on sumarioExecutivo.synctex.gz.
Transcript written on sumarioExecutivo.log.
kite@magi:~/Dropbox/private/programacao/ufabc/ia/abV1.32TreinamentoDoAgente/artigo$ pdflatex sumarioExecutivo
This is pdfTeX, Version 3.1415926-2.4-1.40.13 (TeX Live 2012/Debian)
 restricted \write18 enabled.
entering extended mode
(./sumarioExecutivo.tex
LaTeX2e <2011/06/27>
Babel <v3.8m> and hyphenation patterns for english, dumylang, nohyphenation, po
rtuguese, loaded.
(/usr/share/texlive/texmf-dist/tex/latex/base/article.cls
Document Class: article 2007/10/19 v1.4h Standard LaTeX document class
(/usr/share/texlive/texmf-dist/tex/latex/base/size10.clo))
(/usr/share/texlive/texmf-dist/tex/generic/oberdiek/ifpdf.sty)
(/usr/share/texlive/texmf-dist/tex/latex/base/inputenc.sty
(/usr/share/texlive/texmf-dist/tex/latex/base/utf8.def
(/usr/share/texlive/texmf-dist/tex/latex/base/t1enc.dfu)
(/usr/share/texlive/texmf-dist/tex/latex/base/ot1enc.dfu)
(/usr/share/texlive/texmf-dist/tex/latex/base/omsenc.dfu)))
(/usr/share/texlive/texmf-dist/tex/generic/babel/babel.sty
(/usr/share/texlive/texmf-dist/tex/generic/babel/portuges.ldf
(/usr/share/texlive/texmf-dist/tex/generic/babel/babel.def)))
(/usr/share/texlive/texmf-dist/tex/latex/float/float.sty)
(/usr/share/texlive/texmf-dist/tex/latex/graphics/graphicx.sty
(/usr/share/texlive/texmf-dist/tex/latex/graphics/keyval.sty)
(/usr/share/texlive/texmf-dist/tex/latex/graphics/graphics.sty
(/usr/share/texlive/texmf-dist/tex/latex/graphics/trig.sty)
(/usr/share/texlive/texmf-dist/tex/latex/latexconfig/graphics.cfg)
(/usr/share/texlive/texmf-dist/tex/latex/pdftex-def/pdftex.def
(/usr/share/texlive/texmf-dist/tex/generic/oberdiek/infwarerr.sty)
(/usr/share/texlive/texmf-dist/tex/generic/oberdiek/ltxcmds.sty))))
(/usr/share/texlive/texmf-dist/tex/latex/tools/enumerate.sty)
(/usr/share/texlive/texmf-dist/tex/latex/url/url.sty)
(/usr/share/texlive/texmf-dist/tex/latex/geometry/geometry.sty
(/usr/share/texlive/texmf-dist/tex/generic/oberdiek/ifvtex.sty)
(/usr/share/texlive/texmf-dist/tex/generic/ifxetex/ifxetex.sty))
(/usr/share/texlive/texmf-dist/tex/latex/amsmath/amsmath.sty
For additional information on amsmath, use the `?' option.
(/usr/share/texlive/texmf-dist/tex/latex/amsmath/amstext.sty
(/usr/share/texlive/texmf-dist/tex/latex/amsmath/amsgen.sty))
(/usr/share/texlive/texmf-dist/tex/latex/amsmath/amsbsy.sty)
(/usr/share/texlive/texmf-dist/tex/latex/amsmath/amsopn.sty))
(/usr/share/texlive/texmf-dist/tex/latex/tools/array.sty)
(./sumarioExecutivo.aux

LaTeX Warning: Label `fig:MostrandoOCruzamentoPorCorte' multiply defined.


LaTeX Warning: Label `fig:MostrandoOCruzamentoUniforme' multiply defined.


LaTeX Warning: Label `fig:MostrandoOCruzamentoUniforme' multiply defined.


LaTeX Warning: Label `fig:MostrandoOCruzamentoUniforme' multiply defined.

) (/usr/share/texlive/texmf-dist/tex/context/base/supp-pdf.mkii
[Loading MPS to PDF converter (version 2006.09.02).]
) (/usr/share/texlive/texmf-dist/tex/generic/oberdiek/pdftexcmds.sty
(/usr/share/texlive/texmf-dist/tex/generic/oberdiek/ifluatex.sty))
(/usr/share/texlive/texmf-dist/tex/latex/oberdiek/epstopdf-base.sty
(/usr/share/texlive/texmf-dist/tex/latex/oberdiek/grfext.sty
(/usr/share/texlive/texmf-dist/tex/generic/oberdiek/kvdefinekeys.sty))
(/usr/share/texlive/texmf-dist/tex/latex/oberdiek/kvoptions.sty
(/usr/share/texlive/texmf-dist/tex/generic/oberdiek/kvsetkeys.sty
(/usr/share/texlive/texmf-dist/tex/generic/oberdiek/etexcmds.sty)))
(/usr/share/texlive/texmf-dist/tex/latex/latexconfig/epstopdf-sys.cfg))
*geometry* driver: auto-detecting
*geometry* detected driver: pdftex

Underfull \hbox (badness 10000) in paragraph at lines 23--24


Underfull \hbox (badness 10000) in paragraph at lines 23--24


Underfull \hbox (badness 10000) in paragraph at lines 25--26


Underfull \hbox (badness 10000) in paragraph at lines 25--26


LaTeX Warning: Citation `aiBirds' on page 1 undefined on input line 28.


Underfull \hbox (badness 10000) in paragraph at lines 27--29


Underfull \hbox (badness 10000) in paragraph at lines 27--29


Underfull \hbox (badness 10000) in paragraph at lines 27--29


LaTeX Warning: Citation `primeiroAUsarAG' on page 1 undefined on input line 34.



Underfull \hbox (badness 10000) in paragraph at lines 34--35


Underfull \hbox (badness 10000) in paragraph at lines 34--35

<imgs/cachorroELobo.jpg, id=1, 552.0625pt x 344.28625pt>
<use imgs/cachorroELobo.jpg>
Underfull \hbox (badness 10000) in paragraph at lines 36--42

[1{/var/lib/texmf/fonts/map/pdftex/updmap/pdftex.map}]
<imgs/tiposDeCromossomo.pdf, id=12, 762.31706pt x 200.75pt>
<use imgs/tiposDeCromossomo.pdf>
Underfull \hbox (badness 10000) in paragraph at lines 44--50


Underfull \hbox (badness 10000) in paragraph at lines 44--50


LaTeX Warning: Citation `UFRGS-Apostila-GA' on page 2 undefined on input line 5
2.


LaTeX Warning: Citation `Livro-De-IA' on page 2 undefined on input line 52.


LaTeX Warning: Citation `Livro-De-IA' on page 2 undefined on input line 52.

<imgs/diagramaCorte.pdf, id=13, 482.60298pt x 292.03165pt>
<use imgs/diagramaCorte.pdf>
Underfull \hbox (badness 10000) in paragraph at lines 52--62


Underfull \hbox (badness 10000) in paragraph at lines 52--62


Underfull \hbox (badness 10000) in paragraph at lines 52--62


Underfull \hbox (badness 10000) in paragraph at lines 52--62


Underfull \hbox (badness 10000) in paragraph at lines 52--62

[2 <./imgs/cachorroELobo.jpg> <./imgs/tiposDeCromossomo.pdf>]
<imgs/diagramaMascara.pdf, id=178, 482.60298pt x 276.26418pt>
<use imgs/diagramaMascara.pdf>
Underfull \hbox (badness 10000) in paragraph at lines 64--70


Underfull \hbox (badness 10000) in paragraph at lines 64--70


LaTeX Warning: Reference `fig:DiagramaAG' on page 3 undefined on input line 72.


<imgs/diagramaAG.pdf, id=179, 566.115pt x 528.97626pt>
<use imgs/diagramaAG.pdf>
Underfull \hbox (badness 10000) in paragraph at lines 70--78

[3 <./imgs/diagramaCorte.pdf> <./imgs/diagramaMascara.pdf

pdfTeX warning: pdflatex (file ./imgs/diagramaMascara.pdf): PDF inclusion: mult
iple pdfs with page group included in a single page
>]

LaTeX Warning: Reference `fig:AngryBirds' on page 4 undefined on input line 81.



Underfull \hbox (badness 10000) in paragraph at lines 81--83

(/usr/share/texlive/texmf-dist/tex/latex/base/omscmr.fd)

LaTeX Warning: Citation `videoMostrandoQueOjogoNaoEDeterministico' on page 4 un
defined on input line 85.

[4 <./imgs/diagramaAG.pdf>]
Underfull \hbox (badness 10000) in paragraph at lines 99--102


Underfull \hbox (badness 10000) in paragraph at lines 99--102


Underfull \hbox (badness 10000) in paragraph at lines 103--104


Underfull \hbox (badness 10000) in paragraph at lines 103--104


LaTeX Warning: Reference `fig:taxaAprendizagemTorneio' on page 5 undefined on i
nput line 107.


LaTeX Warning: Reference `fig:taxaAprendizagem2Torneio' on page 5 undefined on 
input line 107.


LaTeX Warning: Reference `fig:taxaAprendizagemRoleta' on page 5 undefined on in
put line 107.


LaTeX Warning: Reference `fig:taxaAprendizagem2Roleta' on page 5 undefined on i
nput line 107.

<use imgs/diagramaAG.pdf>
Underfull \hbox (badness 10000) in paragraph at lines 105--113


Underfull \hbox (badness 10000) in paragraph at lines 105--113


Underfull \hbox (badness 10000) in paragraph at lines 105--113


Underfull \hbox (badness 10000) in paragraph at lines 105--113

<use imgs/diagramaAG.pdf> [5] [6]

LaTeX Warning: Reference `tab:comparacao' on page 7 undefined on input line 125
.


Underfull \hbox (badness 10000) in paragraph at lines 122--138


Underfull \hbox (badness 10000) in paragraph at lines 122--138

(./sumarioExecutivo.bbl
Underfull \hbox (badness 1231) in paragraph at lines 4--9
[]\OT1/cmr/m/n/10 Diogo C. Lu-cas.  Al-go-rit-mos gen^^Seticos: uma in-trodu^^X
c~ao.  $\OT1/cmtt/m/n/10 http : / / www . inf . ufrgs . br / []alvares /
) [7] (./sumarioExecutivo.aux)

LaTeX Warning: There were undefined references.


LaTeX Warning: There were multiply-defined labels.

 )
(see the transcript file for additional information)</usr/share/texlive/texmf-d
ist/fonts/type1/public/amsfonts/cm/cmbx10.pfb></usr/share/texlive/texmf-dist/fo
nts/type1/public/amsfonts/cm/cmbx12.pfb></usr/share/texlive/texmf-dist/fonts/ty
pe1/public/amsfonts/cm/cmbx9.pfb></usr/share/texlive/texmf-dist/fonts/type1/pub
lic/amsfonts/cm/cmex10.pfb></usr/share/texlive/texmf-dist/fonts/type1/public/am
sfonts/cmextra/cmex7.pfb></usr/share/texlive/texmf-dist/fonts/type1/public/amsf
onts/cm/cmmi10.pfb></usr/share/texlive/texmf-dist/fonts/type1/public/amsfonts/c
m/cmmi5.pfb></usr/share/texlive/texmf-dist/fonts/type1/public/amsfonts/cm/cmmi7
.pfb></usr/share/texlive/texmf-dist/fonts/type1/public/amsfonts/cm/cmr10.pfb></
usr/share/texlive/texmf-dist/fonts/type1/public/amsfonts/cm/cmr12.pfb></usr/sha
re/texlive/texmf-dist/fonts/type1/public/amsfonts/cm/cmr17.pfb></usr/share/texl
ive/texmf-dist/fonts/type1/public/amsfonts/cm/cmr5.pfb></usr/share/texlive/texm
f-dist/fonts/type1/public/amsfonts/cm/cmr7.pfb></usr/share/texlive/texmf-dist/f
onts/type1/public/amsfonts/cm/cmr9.pfb></usr/share/texlive/texmf-dist/fonts/typ
e1/public/amsfonts/cm/cmsy10.pfb></usr/share/texlive/texmf-dist/fonts/type1/pub
lic/amsfonts/cm/cmtt10.pfb>
Output written on sumarioExecutivo.pdf (7 pages, 373445 bytes).
SyncTeX written on sumarioExecutivo.synctex.gz.
Transcript written on sumarioExecutivo.log.
kite@magi:~/Dropbox/private/programacao/ufabc/ia/abV1.32TreinamentoDoAgente/artigo$ pdflatex sumarioExecutivo
This is pdfTeX, Version 3.1415926-2.4-1.40.13 (TeX Live 2012/Debian)
 restricted \write18 enabled.
entering extended mode
(./sumarioExecutivo.tex
LaTeX2e <2011/06/27>
Babel <v3.8m> and hyphenation patterns for english, dumylang, nohyphenation, po
rtuguese, loaded.
(/usr/share/texlive/texmf-dist/tex/latex/base/article.cls
Document Class: article 2007/10/19 v1.4h Standard LaTeX document class
(/usr/share/texlive/texmf-dist/tex/latex/base/size10.clo))
(/usr/share/texlive/texmf-dist/tex/generic/oberdiek/ifpdf.sty)
(/usr/share/texlive/texmf-dist/tex/latex/base/inputenc.sty
(/usr/share/texlive/texmf-dist/tex/latex/base/utf8.def
(/usr/share/texlive/texmf-dist/tex/latex/base/t1enc.dfu)
(/usr/share/texlive/texmf-dist/tex/latex/base/ot1enc.dfu)
(/usr/share/texlive/texmf-dist/tex/latex/base/omsenc.dfu)))
(/usr/share/texlive/texmf-dist/tex/generic/babel/babel.sty
(/usr/share/texlive/texmf-dist/tex/generic/babel/portuges.ldf
(/usr/share/texlive/texmf-dist/tex/generic/babel/babel.def)))
(/usr/share/texlive/texmf-dist/tex/latex/float/float.sty)
(/usr/share/texlive/texmf-dist/tex/latex/graphics/graphicx.sty
(/usr/share/texlive/texmf-dist/tex/latex/graphics/keyval.sty)
(/usr/share/texlive/texmf-dist/tex/latex/graphics/graphics.sty
(/usr/share/texlive/texmf-dist/tex/latex/graphics/trig.sty)
(/usr/share/texlive/texmf-dist/tex/latex/latexconfig/graphics.cfg)
(/usr/share/texlive/texmf-dist/tex/latex/pdftex-def/pdftex.def
(/usr/share/texlive/texmf-dist/tex/generic/oberdiek/infwarerr.sty)
(/usr/share/texlive/texmf-dist/tex/generic/oberdiek/ltxcmds.sty))))
(/usr/share/texlive/texmf-dist/tex/latex/tools/enumerate.sty)
(/usr/share/texlive/texmf-dist/tex/latex/url/url.sty)
(/usr/share/texlive/texmf-dist/tex/latex/geometry/geometry.sty
(/usr/share/texlive/texmf-dist/tex/generic/oberdiek/ifvtex.sty)
(/usr/share/texlive/texmf-dist/tex/generic/ifxetex/ifxetex.sty))
(/usr/share/texlive/texmf-dist/tex/latex/amsmath/amsmath.sty
For additional information on amsmath, use the `?' option.
(/usr/share/texlive/texmf-dist/tex/latex/amsmath/amstext.sty
(/usr/share/texlive/texmf-dist/tex/latex/amsmath/amsgen.sty))
(/usr/share/texlive/texmf-dist/tex/latex/amsmath/amsbsy.sty)
(/usr/share/texlive/texmf-dist/tex/latex/amsmath/amsopn.sty))
(/usr/share/texlive/texmf-dist/tex/latex/tools/array.sty)
(./sumarioExecutivo.aux

LaTeX Warning: Label `fig:MostrandoOCruzamentoPorCorte' multiply defined.


LaTeX Warning: Label `fig:MostrandoOCruzamentoUniforme' multiply defined.


LaTeX Warning: Label `fig:MostrandoOCruzamentoUniforme' multiply defined.


LaTeX Warning: Label `fig:MostrandoOCruzamentoUniforme' multiply defined.

) (/usr/share/texlive/texmf-dist/tex/context/base/supp-pdf.mkii
[Loading MPS to PDF converter (version 2006.09.02).]
) (/usr/share/texlive/texmf-dist/tex/generic/oberdiek/pdftexcmds.sty
(/usr/share/texlive/texmf-dist/tex/generic/oberdiek/ifluatex.sty))
(/usr/share/texlive/texmf-dist/tex/latex/oberdiek/epstopdf-base.sty
(/usr/share/texlive/texmf-dist/tex/latex/oberdiek/grfext.sty
(/usr/share/texlive/texmf-dist/tex/generic/oberdiek/kvdefinekeys.sty))
(/usr/share/texlive/texmf-dist/tex/latex/oberdiek/kvoptions.sty
(/usr/share/texlive/texmf-dist/tex/generic/oberdiek/kvsetkeys.sty
(/usr/share/texlive/texmf-dist/tex/generic/oberdiek/etexcmds.sty)))
(/usr/share/texlive/texmf-dist/tex/latex/latexconfig/epstopdf-sys.cfg))
*geometry* driver: auto-detecting
*geometry* detected driver: pdftex

Underfull \hbox (badness 10000) in paragraph at lines 23--24


Underfull \hbox (badness 10000) in paragraph at lines 23--24


Underfull \hbox (badness 10000) in paragraph at lines 25--26


Underfull \hbox (badness 10000) in paragraph at lines 25--26


LaTeX Warning: Citation `aiBirds' on page 1 undefined on input line 28.


Underfull \hbox (badness 10000) in paragraph at lines 27--29


Underfull \hbox (badness 10000) in paragraph at lines 27--29


Underfull \hbox (badness 10000) in paragraph at lines 27--29


LaTeX Warning: Citation `primeiroAUsarAG' on page 1 undefined on input line 34.



Underfull \hbox (badness 10000) in paragraph at lines 34--35


Underfull \hbox (badness 10000) in paragraph at lines 34--35

<imgs/cachorroELobo.jpg, id=1, 552.0625pt x 344.28625pt>
<use imgs/cachorroELobo.jpg>
Underfull \hbox (badness 10000) in paragraph at lines 36--42

[1{/var/lib/texmf/fonts/map/pdftex/updmap/pdftex.map}]
<imgs/tiposDeCromossomo.pdf, id=12, 762.31706pt x 200.75pt>
<use imgs/tiposDeCromossomo.pdf>
Underfull \hbox (badness 10000) in paragraph at lines 44--50


Underfull \hbox (badness 10000) in paragraph at lines 44--50


LaTeX Warning: Citation `UFRGS-Apostila-GA' on page 2 undefined on input line 5
2.


LaTeX Warning: Citation `Livro-De-IA' on page 2 undefined on input line 52.


LaTeX Warning: Citation `Livro-De-IA' on page 2 undefined on input line 52.

<imgs/diagramaCorte.pdf, id=13, 482.60298pt x 292.03165pt>
<use imgs/diagramaCorte.pdf>
Underfull \hbox (badness 10000) in paragraph at lines 52--62


Underfull \hbox (badness 10000) in paragraph at lines 52--62


Underfull \hbox (badness 10000) in paragraph at lines 52--62


Underfull \hbox (badness 10000) in paragraph at lines 52--62


Underfull \hbox (badness 10000) in paragraph at lines 52--62

[2 <./imgs/cachorroELobo.jpg> <./imgs/tiposDeCromossomo.pdf>]
<imgs/diagramaMascara.pdf, id=178, 482.60298pt x 276.26418pt>
<use imgs/diagramaMascara.pdf>
Underfull \hbox (badness 10000) in paragraph at lines 64--70


Underfull \hbox (badness 10000) in paragraph at lines 64--70


LaTeX Warning: Reference `fig:DiagramaAG' on page 3 undefined on input line 72.


<imgs/diagramaAG.pdf, id=179, 566.115pt x 528.97626pt>
<use imgs/diagramaAG.pdf>
Underfull \hbox (badness 10000) in paragraph at lines 70--78

[3 <./imgs/diagramaCorte.pdf> <./imgs/diagramaMascara.pdf

pdfTeX warning: pdflatex (file ./imgs/diagramaMascara.pdf): PDF inclusion: mult
iple pdfs with page group included in a single page
>]

LaTeX Warning: Reference `fig:AngryBirds' on page 4 undefined on input line 81.



Underfull \hbox (badness 10000) in paragraph at lines 81--83

(/usr/share/texlive/texmf-dist/tex/latex/base/omscmr.fd)

LaTeX Warning: Citation `videoMostrandoQueOjogoNaoEDeterministico' on page 4 un
defined on input line 85.

[4 <./imgs/diagramaAG.pdf>]
Underfull \hbox (badness 10000) in paragraph at lines 99--102


Underfull \hbox (badness 10000) in paragraph at lines 99--102


Underfull \hbox (badness 10000) in paragraph at lines 103--104


Underfull \hbox (badness 10000) in paragraph at lines 103--104


LaTeX Warning: Reference `fig:taxaAprendizagemTorneio' on page 5 undefined on i
nput line 107.


LaTeX Warning: Reference `fig:taxaAprendizagem2Torneio' on page 5 undefined on 
input line 107.


LaTeX Warning: Reference `fig:taxaAprendizagemRoleta' on page 5 undefined on in
put line 107.


LaTeX Warning: Reference `fig:taxaAprendizagem2Roleta' on page 5 undefined on i
nput line 107.

<use imgs/diagramaAG.pdf>
Underfull \hbox (badness 10000) in paragraph at lines 105--113


Underfull \hbox (badness 10000) in paragraph at lines 105--113


Underfull \hbox (badness 10000) in paragraph at lines 105--113


Underfull \hbox (badness 10000) in paragraph at lines 105--113

<use imgs/diagramaAG.pdf> [5] [6]

LaTeX Warning: Reference `tab:comparacao' on page 7 undefined on input line 125
.


Underfull \hbox (badness 10000) in paragraph at lines 122--138


Underfull \hbox (badness 10000) in paragraph at lines 122--138

(./sumarioExecutivo.bbl
Underfull \hbox (badness 1231) in paragraph at lines 4--9
[]\OT1/cmr/m/n/10 Diogo C. Lu-cas.  Al-go-rit-mos gen^^Seticos: uma in-trodu^^X
c~ao.  $\OT1/cmtt/m/n/10 http : / / www . inf . ufrgs . br / []alvares /
) [7] (./sumarioExecutivo.aux)

LaTeX Warning: There were undefined references.


LaTeX Warning: There were multiply-defined labels.

 )
(see the transcript file for additional information)</usr/share/texlive/texmf-d
ist/fonts/type1/public/amsfonts/cm/cmbx10.pfb></usr/share/texlive/texmf-dist/fo
nts/type1/public/amsfonts/cm/cmbx12.pfb></usr/share/texlive/texmf-dist/fonts/ty
pe1/public/amsfonts/cm/cmbx9.pfb></usr/share/texlive/texmf-dist/fonts/type1/pub
lic/amsfonts/cm/cmex10.pfb></usr/share/texlive/texmf-dist/fonts/type1/public/am
sfonts/cmextra/cmex7.pfb></usr/share/texlive/texmf-dist/fonts/type1/public/amsf
onts/cm/cmmi10.pfb></usr/share/texlive/texmf-dist/fonts/type1/public/amsfonts/c
m/cmmi5.pfb></usr/share/texlive/texmf-dist/fonts/type1/public/amsfonts/cm/cmmi7
.pfb></usr/share/texlive/texmf-dist/fonts/type1/public/amsfonts/cm/cmr10.pfb></
usr/share/texlive/texmf-dist/fonts/type1/public/amsfonts/cm/cmr12.pfb></usr/sha
re/texlive/texmf-dist/fonts/type1/public/amsfonts/cm/cmr17.pfb></usr/share/texl
ive/texmf-dist/fonts/type1/public/amsfonts/cm/cmr5.pfb></usr/share/texlive/texm
f-dist/fonts/type1/public/amsfonts/cm/cmr7.pfb></usr/share/texlive/texmf-dist/f
onts/type1/public/amsfonts/cm/cmr9.pfb></usr/share/texlive/texmf-dist/fonts/typ
e1/public/amsfonts/cm/cmsy10.pfb></usr/share/texlive/texmf-dist/fonts/type1/pub
lic/amsfonts/cm/cmtt10.pfb>
Output written on sumarioExecutivo.pdf (7 pages, 373436 bytes).
SyncTeX written on sumarioExecutivo.synctex.gz.
Transcript written on sumarioExecutivo.log.
kite@magi:~/Dropbox/private/programacao/ufabc/ia/abV1.32TreinamentoDoAgente/artigo$ pdflatex sumarioExecutivo
This is pdfTeX, Version 3.1415926-2.4-1.40.13 (TeX Live 2012/Debian)
 restricted \write18 enabled.
entering extended mode
(./sumarioExecutivo.tex
LaTeX2e <2011/06/27>
Babel <v3.8m> and hyphenation patterns for english, dumylang, nohyphenation, po
rtuguese, loaded.
(/usr/share/texlive/texmf-dist/tex/latex/base/article.cls
Document Class: article 2007/10/19 v1.4h Standard LaTeX document class
(/usr/share/texlive/texmf-dist/tex/latex/base/size10.clo))
(/usr/share/texlive/texmf-dist/tex/generic/oberdiek/ifpdf.sty)
(/usr/share/texlive/texmf-dist/tex/latex/base/inputenc.sty
(/usr/share/texlive/texmf-dist/tex/latex/base/utf8.def
(/usr/share/texlive/texmf-dist/tex/latex/base/t1enc.dfu)
(/usr/share/texlive/texmf-dist/tex/latex/base/ot1enc.dfu)
(/usr/share/texlive/texmf-dist/tex/latex/base/omsenc.dfu)))
(/usr/share/texlive/texmf-dist/tex/generic/babel/babel.sty
(/usr/share/texlive/texmf-dist/tex/generic/babel/portuges.ldf
(/usr/share/texlive/texmf-dist/tex/generic/babel/babel.def)))
(/usr/share/texlive/texmf-dist/tex/latex/float/float.sty)
(/usr/share/texlive/texmf-dist/tex/latex/graphics/graphicx.sty
(/usr/share/texlive/texmf-dist/tex/latex/graphics/keyval.sty)
(/usr/share/texlive/texmf-dist/tex/latex/graphics/graphics.sty
(/usr/share/texlive/texmf-dist/tex/latex/graphics/trig.sty)
(/usr/share/texlive/texmf-dist/tex/latex/latexconfig/graphics.cfg)
(/usr/share/texlive/texmf-dist/tex/latex/pdftex-def/pdftex.def
(/usr/share/texlive/texmf-dist/tex/generic/oberdiek/infwarerr.sty)
(/usr/share/texlive/texmf-dist/tex/generic/oberdiek/ltxcmds.sty))))
(/usr/share/texlive/texmf-dist/tex/latex/tools/enumerate.sty)
(/usr/share/texlive/texmf-dist/tex/latex/url/url.sty)
(/usr/share/texlive/texmf-dist/tex/latex/geometry/geometry.sty
(/usr/share/texlive/texmf-dist/tex/generic/oberdiek/ifvtex.sty)
(/usr/share/texlive/texmf-dist/tex/generic/ifxetex/ifxetex.sty))
(/usr/share/texlive/texmf-dist/tex/latex/amsmath/amsmath.sty
For additional information on amsmath, use the `?' option.
(/usr/share/texlive/texmf-dist/tex/latex/amsmath/amstext.sty
(/usr/share/texlive/texmf-dist/tex/latex/amsmath/amsgen.sty))
(/usr/share/texlive/texmf-dist/tex/latex/amsmath/amsbsy.sty)
(/usr/share/texlive/texmf-dist/tex/latex/amsmath/amsopn.sty))
(/usr/share/texlive/texmf-dist/tex/latex/tools/array.sty)
(./sumarioExecutivo.aux

LaTeX Warning: Label `fig:MostrandoOCruzamentoPorCorte' multiply defined.


LaTeX Warning: Label `fig:MostrandoOCruzamentoUniforme' multiply defined.


LaTeX Warning: Label `fig:MostrandoOCruzamentoUniforme' multiply defined.


LaTeX Warning: Label `fig:MostrandoOCruzamentoUniforme' multiply defined.

) (/usr/share/texlive/texmf-dist/tex/context/base/supp-pdf.mkii
[Loading MPS to PDF converter (version 2006.09.02).]
) (/usr/share/texlive/texmf-dist/tex/generic/oberdiek/pdftexcmds.sty
(/usr/share/texlive/texmf-dist/tex/generic/oberdiek/ifluatex.sty))
(/usr/share/texlive/texmf-dist/tex/latex/oberdiek/epstopdf-base.sty
(/usr/share/texlive/texmf-dist/tex/latex/oberdiek/grfext.sty
(/usr/share/texlive/texmf-dist/tex/generic/oberdiek/kvdefinekeys.sty))
(/usr/share/texlive/texmf-dist/tex/latex/oberdiek/kvoptions.sty
(/usr/share/texlive/texmf-dist/tex/generic/oberdiek/kvsetkeys.sty
(/usr/share/texlive/texmf-dist/tex/generic/oberdiek/etexcmds.sty)))
(/usr/share/texlive/texmf-dist/tex/latex/latexconfig/epstopdf-sys.cfg))
*geometry* driver: auto-detecting
*geometry* detected driver: pdftex

Underfull \hbox (badness 10000) in paragraph at lines 23--24


Underfull \hbox (badness 10000) in paragraph at lines 23--24


Underfull \hbox (badness 10000) in paragraph at lines 25--26


Underfull \hbox (badness 10000) in paragraph at lines 25--26


LaTeX Warning: Citation `aiBirds' on page 1 undefined on input line 28.


Underfull \hbox (badness 10000) in paragraph at lines 27--29


Underfull \hbox (badness 10000) in paragraph at lines 27--29


Underfull \hbox (badness 10000) in paragraph at lines 27--29


LaTeX Warning: Citation `primeiroAUsarAG' on page 1 undefined on input line 34.



Underfull \hbox (badness 10000) in paragraph at lines 34--35


Underfull \hbox (badness 10000) in paragraph at lines 34--35

<imgs/cachorroELobo.jpg, id=1, 552.0625pt x 344.28625pt>
<use imgs/cachorroELobo.jpg>
Underfull \hbox (badness 10000) in paragraph at lines 36--42

[1{/var/lib/texmf/fonts/map/pdftex/updmap/pdftex.map}]
<imgs/tiposDeCromossomo.pdf, id=12, 762.31706pt x 200.75pt>
<use imgs/tiposDeCromossomo.pdf>
Underfull \hbox (badness 10000) in paragraph at lines 44--50


Underfull \hbox (badness 10000) in paragraph at lines 44--50


LaTeX Warning: Citation `UFRGS-Apostila-GA' on page 2 undefined on input line 5
2.


LaTeX Warning: Citation `Livro-De-IA' on page 2 undefined on input line 52.


LaTeX Warning: Citation `Livro-De-IA' on page 2 undefined on input line 52.

<imgs/diagramaCorte.pdf, id=13, 482.60298pt x 292.03165pt>
<use imgs/diagramaCorte.pdf>
Underfull \hbox (badness 10000) in paragraph at lines 52--62


Underfull \hbox (badness 10000) in paragraph at lines 52--62


Underfull \hbox (badness 10000) in paragraph at lines 52--62


Underfull \hbox (badness 10000) in paragraph at lines 52--62


Underfull \hbox (badness 10000) in paragraph at lines 52--62

[2 <./imgs/cachorroELobo.jpg> <./imgs/tiposDeCromossomo.pdf>]
<imgs/diagramaMascara.pdf, id=178, 482.60298pt x 276.26418pt>
<use imgs/diagramaMascara.pdf>
Underfull \hbox (badness 10000) in paragraph at lines 64--70


Underfull \hbox (badness 10000) in paragraph at lines 64--70


LaTeX Warning: Reference `fig:DiagramaAG' on page 3 undefined on input line 72.


<imgs/diagramaAG.pdf, id=179, 566.115pt x 528.97626pt>
<use imgs/diagramaAG.pdf>
Underfull \hbox (badness 10000) in paragraph at lines 70--78

[3 <./imgs/diagramaCorte.pdf> <./imgs/diagramaMascara.pdf

pdfTeX warning: pdflatex (file ./imgs/diagramaMascara.pdf): PDF inclusion: mult
iple pdfs with page group included in a single page
>]

LaTeX Warning: Reference `fig:AngryBirds' on page 4 undefined on input line 81.



Underfull \hbox (badness 10000) in paragraph at lines 81--83

(/usr/share/texlive/texmf-dist/tex/latex/base/omscmr.fd)

LaTeX Warning: Citation `videoMostrandoQueOjogoNaoEDeterministico' on page 4 un
defined on input line 85.

[4 <./imgs/diagramaAG.pdf>]
Underfull \hbox (badness 10000) in paragraph at lines 99--102


Underfull \hbox (badness 10000) in paragraph at lines 99--102


Underfull \hbox (badness 10000) in paragraph at lines 103--104


Underfull \hbox (badness 10000) in paragraph at lines 103--104


LaTeX Warning: Reference `fig:taxaAprendizagemTorneio' on page 5 undefined on i
nput line 107.


LaTeX Warning: Reference `fig:taxaAprendizagem2Torneio' on page 5 undefined on 
input line 107.


LaTeX Warning: Reference `fig:taxaAprendizagemRoleta' on page 5 undefined on in
put line 107.


LaTeX Warning: Reference `fig:taxaAprendizagem2Roleta' on page 5 undefined on i
nput line 107.

<use imgs/diagramaAG.pdf>
Underfull \hbox (badness 10000) in paragraph at lines 105--113


Underfull \hbox (badness 10000) in paragraph at lines 105--113


Underfull \hbox (badness 10000) in paragraph at lines 105--113


Underfull \hbox (badness 10000) in paragraph at lines 105--113

<use imgs/diagramaAG.pdf> [5] [6]

LaTeX Warning: Reference `tab:comparacao' on page 7 undefined on input line 125
.


Underfull \hbox (badness 10000) in paragraph at lines 122--138


Underfull \hbox (badness 10000) in paragraph at lines 122--138

(./sumarioExecutivo.bbl
Underfull \hbox (badness 1231) in paragraph at lines 4--9
[]\OT1/cmr/m/n/10 Diogo C. Lu-cas.  Al-go-rit-mos gen^^Seticos: uma in-trodu^^X
c~ao.  $\OT1/cmtt/m/n/10 http : / / www . inf . ufrgs . br / []alvares /
) [7] (./sumarioExecutivo.aux)

LaTeX Warning: There were undefined references.


LaTeX Warning: There were multiply-defined labels.

 )
(see the transcript file for additional information)</usr/share/texlive/texmf-d
ist/fonts/type1/public/amsfonts/cm/cmbx10.pfb></usr/share/texlive/texmf-dist/fo
nts/type1/public/amsfonts/cm/cmbx12.pfb></usr/share/texlive/texmf-dist/fonts/ty
pe1/public/amsfonts/cm/cmbx9.pfb></usr/share/texlive/texmf-dist/fonts/type1/pub
lic/amsfonts/cm/cmex10.pfb></usr/share/texlive/texmf-dist/fonts/type1/public/am
sfonts/cmextra/cmex7.pfb></usr/share/texlive/texmf-dist/fonts/type1/public/amsf
onts/cm/cmmi10.pfb></usr/share/texlive/texmf-dist/fonts/type1/public/amsfonts/c
m/cmmi5.pfb></usr/share/texlive/texmf-dist/fonts/type1/public/amsfonts/cm/cmmi7
.pfb></usr/share/texlive/texmf-dist/fonts/type1/public/amsfonts/cm/cmr10.pfb></
usr/share/texlive/texmf-dist/fonts/type1/public/amsfonts/cm/cmr12.pfb></usr/sha
re/texlive/texmf-dist/fonts/type1/public/amsfonts/cm/cmr17.pfb></usr/share/texl
ive/texmf-dist/fonts/type1/public/amsfonts/cm/cmr5.pfb></usr/share/texlive/texm
f-dist/fonts/type1/public/amsfonts/cm/cmr7.pfb></usr/share/texlive/texmf-dist/f
onts/type1/public/amsfonts/cm/cmr9.pfb></usr/share/texlive/texmf-dist/fonts/typ
e1/public/amsfonts/cm/cmsy10.pfb></usr/share/texlive/texmf-dist/fonts/type1/pub
lic/amsfonts/cm/cmtt10.pfb>
Output written on sumarioExecutivo.pdf (7 pages, 373429 bytes).
SyncTeX written on sumarioExecutivo.synctex.gz.
Transcript written on sumarioExecutivo.log.
kite@magi:~/Dropbox/private/programacao/ufabc/ia/abV1.32TreinamentoDoAgente/artigo$ pdflatex sumarioExecutivo
This is pdfTeX, Version 3.1415926-2.4-1.40.13 (TeX Live 2012/Debian)
 restricted \write18 enabled.
entering extended mode
(./sumarioExecutivo.tex
LaTeX2e <2011/06/27>
Babel <v3.8m> and hyphenation patterns for english, dumylang, nohyphenation, po
rtuguese, loaded.
(/usr/share/texlive/texmf-dist/tex/latex/base/article.cls
Document Class: article 2007/10/19 v1.4h Standard LaTeX document class
(/usr/share/texlive/texmf-dist/tex/latex/base/size10.clo))
(/usr/share/texlive/texmf-dist/tex/generic/oberdiek/ifpdf.sty)
(/usr/share/texlive/texmf-dist/tex/latex/base/inputenc.sty
(/usr/share/texlive/texmf-dist/tex/latex/base/utf8.def
(/usr/share/texlive/texmf-dist/tex/latex/base/t1enc.dfu)
(/usr/share/texlive/texmf-dist/tex/latex/base/ot1enc.dfu)
(/usr/share/texlive/texmf-dist/tex/latex/base/omsenc.dfu)))
(/usr/share/texlive/texmf-dist/tex/generic/babel/babel.sty
(/usr/share/texlive/texmf-dist/tex/generic/babel/portuges.ldf
(/usr/share/texlive/texmf-dist/tex/generic/babel/babel.def)))
(/usr/share/texlive/texmf-dist/tex/latex/float/float.sty)
(/usr/share/texlive/texmf-dist/tex/latex/graphics/graphicx.sty
(/usr/share/texlive/texmf-dist/tex/latex/graphics/keyval.sty)
(/usr/share/texlive/texmf-dist/tex/latex/graphics/graphics.sty
(/usr/share/texlive/texmf-dist/tex/latex/graphics/trig.sty)
(/usr/share/texlive/texmf-dist/tex/latex/latexconfig/graphics.cfg)
(/usr/share/texlive/texmf-dist/tex/latex/pdftex-def/pdftex.def
(/usr/share/texlive/texmf-dist/tex/generic/oberdiek/infwarerr.sty)
(/usr/share/texlive/texmf-dist/tex/generic/oberdiek/ltxcmds.sty))))
(/usr/share/texlive/texmf-dist/tex/latex/tools/enumerate.sty)
(/usr/share/texlive/texmf-dist/tex/latex/url/url.sty)
(/usr/share/texlive/texmf-dist/tex/latex/geometry/geometry.sty
(/usr/share/texlive/texmf-dist/tex/generic/oberdiek/ifvtex.sty)
(/usr/share/texlive/texmf-dist/tex/generic/ifxetex/ifxetex.sty))
(/usr/share/texlive/texmf-dist/tex/latex/amsmath/amsmath.sty
For additional information on amsmath, use the `?' option.
(/usr/share/texlive/texmf-dist/tex/latex/amsmath/amstext.sty
(/usr/share/texlive/texmf-dist/tex/latex/amsmath/amsgen.sty))
(/usr/share/texlive/texmf-dist/tex/latex/amsmath/amsbsy.sty)
(/usr/share/texlive/texmf-dist/tex/latex/amsmath/amsopn.sty))
(/usr/share/texlive/texmf-dist/tex/latex/tools/array.sty)
(./sumarioExecutivo.aux

LaTeX Warning: Label `fig:MostrandoOCruzamentoPorCorte' multiply defined.


LaTeX Warning: Label `fig:MostrandoOCruzamentoUniforme' multiply defined.


LaTeX Warning: Label `fig:MostrandoOCruzamentoUniforme' multiply defined.


LaTeX Warning: Label `fig:MostrandoOCruzamentoUniforme' multiply defined.

) (/usr/share/texlive/texmf-dist/tex/context/base/supp-pdf.mkii
[Loading MPS to PDF converter (version 2006.09.02).]
) (/usr/share/texlive/texmf-dist/tex/generic/oberdiek/pdftexcmds.sty
(/usr/share/texlive/texmf-dist/tex/generic/oberdiek/ifluatex.sty))
(/usr/share/texlive/texmf-dist/tex/latex/oberdiek/epstopdf-base.sty
(/usr/share/texlive/texmf-dist/tex/latex/oberdiek/grfext.sty
(/usr/share/texlive/texmf-dist/tex/generic/oberdiek/kvdefinekeys.sty))
(/usr/share/texlive/texmf-dist/tex/latex/oberdiek/kvoptions.sty
(/usr/share/texlive/texmf-dist/tex/generic/oberdiek/kvsetkeys.sty
(/usr/share/texlive/texmf-dist/tex/generic/oberdiek/etexcmds.sty)))
(/usr/share/texlive/texmf-dist/tex/latex/latexconfig/epstopdf-sys.cfg))
*geometry* driver: auto-detecting
*geometry* detected driver: pdftex

Underfull \hbox (badness 10000) in paragraph at lines 23--24


Underfull \hbox (badness 10000) in paragraph at lines 23--24


Underfull \hbox (badness 10000) in paragraph at lines 25--26


Underfull \hbox (badness 10000) in paragraph at lines 25--26


LaTeX Warning: Citation `aiBirds' on page 1 undefined on input line 28.


Underfull \hbox (badness 10000) in paragraph at lines 27--29


Underfull \hbox (badness 10000) in paragraph at lines 27--29


Underfull \hbox (badness 10000) in paragraph at lines 27--29


LaTeX Warning: Citation `primeiroAUsarAG' on page 1 undefined on input line 34.



Underfull \hbox (badness 10000) in paragraph at lines 34--35


Underfull \hbox (badness 10000) in paragraph at lines 34--35

<imgs/cachorroELobo.jpg, id=1, 552.0625pt x 344.28625pt>
<use imgs/cachorroELobo.jpg>
Underfull \hbox (badness 10000) in paragraph at lines 36--42

[1{/var/lib/texmf/fonts/map/pdftex/updmap/pdftex.map}]
<imgs/tiposDeCromossomo.pdf, id=12, 762.31706pt x 200.75pt>
<use imgs/tiposDeCromossomo.pdf>
Underfull \hbox (badness 10000) in paragraph at lines 44--50


Underfull \hbox (badness 10000) in paragraph at lines 44--50


LaTeX Warning: Citation `UFRGS-Apostila-GA' on page 2 undefined on input line 5
2.


LaTeX Warning: Citation `Livro-De-IA' on page 2 undefined on input line 52.


LaTeX Warning: Citation `Livro-De-IA' on page 2 undefined on input line 52.

<imgs/diagramaCorte.pdf, id=13, 482.60298pt x 292.03165pt>
<use imgs/diagramaCorte.pdf>
Underfull \hbox (badness 10000) in paragraph at lines 52--62


Underfull \hbox (badness 10000) in paragraph at lines 52--62


Underfull \hbox (badness 10000) in paragraph at lines 52--62


Underfull \hbox (badness 10000) in paragraph at lines 52--62


Underfull \hbox (badness 10000) in paragraph at lines 52--62

[2 <./imgs/cachorroELobo.jpg> <./imgs/tiposDeCromossomo.pdf>]
<imgs/diagramaMascara.pdf, id=178, 482.60298pt x 276.26418pt>
<use imgs/diagramaMascara.pdf>
Underfull \hbox (badness 10000) in paragraph at lines 64--70


Underfull \hbox (badness 10000) in paragraph at lines 64--70


LaTeX Warning: Reference `fig:DiagramaAG' on page 3 undefined on input line 72.


<imgs/diagramaAG.pdf, id=179, 566.115pt x 528.97626pt>
<use imgs/diagramaAG.pdf>
Underfull \hbox (badness 10000) in paragraph at lines 70--78

[3 <./imgs/diagramaCorte.pdf> <./imgs/diagramaMascara.pdf

pdfTeX warning: pdflatex (file ./imgs/diagramaMascara.pdf): PDF inclusion: mult
iple pdfs with page group included in a single page
>]

LaTeX Warning: Reference `fig:AngryBirds' on page 4 undefined on input line 81.



Underfull \hbox (badness 10000) in paragraph at lines 81--83

(/usr/share/texlive/texmf-dist/tex/latex/base/omscmr.fd)

LaTeX Warning: Citation `videoMostrandoQueOjogoNaoEDeterministico' on page 4 un
defined on input line 85.

[4 <./imgs/diagramaAG.pdf>]
Underfull \hbox (badness 10000) in paragraph at lines 99--102


Underfull \hbox (badness 10000) in paragraph at lines 99--102


Underfull \hbox (badness 10000) in paragraph at lines 103--104


Underfull \hbox (badness 10000) in paragraph at lines 103--104


LaTeX Warning: Reference `fig:taxaAprendizagemTorneio' on page 5 undefined on i
nput line 107.


LaTeX Warning: Reference `fig:taxaAprendizagem2Torneio' on page 5 undefined on 
input line 107.


LaTeX Warning: Reference `fig:taxaAprendizagemRoleta' on page 5 undefined on in
put line 107.


LaTeX Warning: Reference `fig:taxaAprendizagem2Roleta' on page 5 undefined on i
nput line 107.

<use imgs/diagramaAG.pdf>
Underfull \hbox (badness 10000) in paragraph at lines 105--113


Underfull \hbox (badness 10000) in paragraph at lines 105--113


Underfull \hbox (badness 10000) in paragraph at lines 105--113


Underfull \hbox (badness 10000) in paragraph at lines 105--113

<use imgs/diagramaAG.pdf> [5] [6]

LaTeX Warning: Reference `tab:comparacao' on page 7 undefined on input line 125
.


Underfull \hbox (badness 10000) in paragraph at lines 122--138


Underfull \hbox (badness 10000) in paragraph at lines 122--138

(./sumarioExecutivo.bbl
Underfull \hbox (badness 1231) in paragraph at lines 4--9
[]\OT1/cmr/m/n/10 Diogo C. Lu-cas.  Al-go-rit-mos gen^^Seticos: uma in-trodu^^X
c~ao.  $\OT1/cmtt/m/n/10 http : / / www . inf . ufrgs . br / []alvares /
) [7] (./sumarioExecutivo.aux)

LaTeX Warning: There were undefined references.


LaTeX Warning: There were multiply-defined labels.

 )
(see the transcript file for additional information)</usr/share/texlive/texmf-d
ist/fonts/type1/public/amsfonts/cm/cmbx10.pfb></usr/share/texlive/texmf-dist/fo
nts/type1/public/amsfonts/cm/cmbx12.pfb></usr/share/texlive/texmf-dist/fonts/ty
pe1/public/amsfonts/cm/cmbx9.pfb></usr/share/texlive/texmf-dist/fonts/type1/pub
lic/amsfonts/cm/cmex10.pfb></usr/share/texlive/texmf-dist/fonts/type1/public/am
sfonts/cmextra/cmex7.pfb></usr/share/texlive/texmf-dist/fonts/type1/public/amsf
onts/cm/cmmi10.pfb></usr/share/texlive/texmf-dist/fonts/type1/public/amsfonts/c
m/cmmi5.pfb></usr/share/texlive/texmf-dist/fonts/type1/public/amsfonts/cm/cmmi7
.pfb></usr/share/texlive/texmf-dist/fonts/type1/public/amsfonts/cm/cmr10.pfb></
usr/share/texlive/texmf-dist/fonts/type1/public/amsfonts/cm/cmr12.pfb></usr/sha
re/texlive/texmf-dist/fonts/type1/public/amsfonts/cm/cmr17.pfb></usr/share/texl
ive/texmf-dist/fonts/type1/public/amsfonts/cm/cmr5.pfb></usr/share/texlive/texm
f-dist/fonts/type1/public/amsfonts/cm/cmr7.pfb></usr/share/texlive/texmf-dist/f
onts/type1/public/amsfonts/cm/cmr9.pfb></usr/share/texlive/texmf-dist/fonts/typ
e1/public/amsfonts/cm/cmsy10.pfb></usr/share/texlive/texmf-dist/fonts/type1/pub
lic/amsfonts/cm/cmtt10.pfb>
Output written on sumarioExecutivo.pdf (7 pages, 373429 bytes).
SyncTeX written on sumarioExecutivo.synctex.gz.
Transcript written on sumarioExecutivo.log.
kite@magi:~/Dropbox/private/programacao/ufabc/ia/abV1.32TreinamentoDoAgente/artigo$ pdflatex sumarioExecutivo
This is pdfTeX, Version 3.1415926-2.4-1.40.13 (TeX Live 2012/Debian)
 restricted \write18 enabled.
entering extended mode
(./sumarioExecutivo.tex
LaTeX2e <2011/06/27>
Babel <v3.8m> and hyphenation patterns for english, dumylang, nohyphenation, po
rtuguese, loaded.
(/usr/share/texlive/texmf-dist/tex/latex/base/article.cls
Document Class: article 2007/10/19 v1.4h Standard LaTeX document class
(/usr/share/texlive/texmf-dist/tex/latex/base/size10.clo))
(/usr/share/texlive/texmf-dist/tex/generic/oberdiek/ifpdf.sty)
(/usr/share/texlive/texmf-dist/tex/latex/base/inputenc.sty
(/usr/share/texlive/texmf-dist/tex/latex/base/utf8.def
(/usr/share/texlive/texmf-dist/tex/latex/base/t1enc.dfu)
(/usr/share/texlive/texmf-dist/tex/latex/base/ot1enc.dfu)
(/usr/share/texlive/texmf-dist/tex/latex/base/omsenc.dfu)))
(/usr/share/texlive/texmf-dist/tex/generic/babel/babel.sty
(/usr/share/texlive/texmf-dist/tex/generic/babel/portuges.ldf
(/usr/share/texlive/texmf-dist/tex/generic/babel/babel.def)))
(/usr/share/texlive/texmf-dist/tex/latex/float/float.sty)
(/usr/share/texlive/texmf-dist/tex/latex/graphics/graphicx.sty
(/usr/share/texlive/texmf-dist/tex/latex/graphics/keyval.sty)
(/usr/share/texlive/texmf-dist/tex/latex/graphics/graphics.sty
(/usr/share/texlive/texmf-dist/tex/latex/graphics/trig.sty)
(/usr/share/texlive/texmf-dist/tex/latex/latexconfig/graphics.cfg)
(/usr/share/texlive/texmf-dist/tex/latex/pdftex-def/pdftex.def
(/usr/share/texlive/texmf-dist/tex/generic/oberdiek/infwarerr.sty)
(/usr/share/texlive/texmf-dist/tex/generic/oberdiek/ltxcmds.sty))))
(/usr/share/texlive/texmf-dist/tex/latex/tools/enumerate.sty)
(/usr/share/texlive/texmf-dist/tex/latex/url/url.sty)
(/usr/share/texlive/texmf-dist/tex/latex/geometry/geometry.sty
(/usr/share/texlive/texmf-dist/tex/generic/oberdiek/ifvtex.sty)
(/usr/share/texlive/texmf-dist/tex/generic/ifxetex/ifxetex.sty))
(/usr/share/texlive/texmf-dist/tex/latex/amsmath/amsmath.sty
For additional information on amsmath, use the `?' option.
(/usr/share/texlive/texmf-dist/tex/latex/amsmath/amstext.sty
(/usr/share/texlive/texmf-dist/tex/latex/amsmath/amsgen.sty))
(/usr/share/texlive/texmf-dist/tex/latex/amsmath/amsbsy.sty)
(/usr/share/texlive/texmf-dist/tex/latex/amsmath/amsopn.sty))
(/usr/share/texlive/texmf-dist/tex/latex/tools/array.sty)
(./sumarioExecutivo.aux

LaTeX Warning: Label `fig:MostrandoOCruzamentoPorCorte' multiply defined.


LaTeX Warning: Label `fig:MostrandoOCruzamentoUniforme' multiply defined.


LaTeX Warning: Label `fig:MostrandoOCruzamentoUniforme' multiply defined.


LaTeX Warning: Label `fig:MostrandoOCruzamentoUniforme' multiply defined.

) (/usr/share/texlive/texmf-dist/tex/context/base/supp-pdf.mkii
[Loading MPS to PDF converter (version 2006.09.02).]
) (/usr/share/texlive/texmf-dist/tex/generic/oberdiek/pdftexcmds.sty
(/usr/share/texlive/texmf-dist/tex/generic/oberdiek/ifluatex.sty))
(/usr/share/texlive/texmf-dist/tex/latex/oberdiek/epstopdf-base.sty
(/usr/share/texlive/texmf-dist/tex/latex/oberdiek/grfext.sty
(/usr/share/texlive/texmf-dist/tex/generic/oberdiek/kvdefinekeys.sty))
(/usr/share/texlive/texmf-dist/tex/latex/oberdiek/kvoptions.sty
(/usr/share/texlive/texmf-dist/tex/generic/oberdiek/kvsetkeys.sty
(/usr/share/texlive/texmf-dist/tex/generic/oberdiek/etexcmds.sty)))
(/usr/share/texlive/texmf-dist/tex/latex/latexconfig/epstopdf-sys.cfg))
*geometry* driver: auto-detecting
*geometry* detected driver: pdftex

Underfull \hbox (badness 10000) in paragraph at lines 23--24


Underfull \hbox (badness 10000) in paragraph at lines 23--24


Underfull \hbox (badness 10000) in paragraph at lines 25--26


Underfull \hbox (badness 10000) in paragraph at lines 25--26


LaTeX Warning: Citation `aiBirds' on page 1 undefined on input line 28.


Underfull \hbox (badness 10000) in paragraph at lines 27--29


Underfull \hbox (badness 10000) in paragraph at lines 27--29


Underfull \hbox (badness 10000) in paragraph at lines 27--29


LaTeX Warning: Citation `primeiroAUsarAG' on page 1 undefined on input line 34.



Underfull \hbox (badness 10000) in paragraph at lines 34--35


Underfull \hbox (badness 10000) in paragraph at lines 34--35

<imgs/cachorroELobo.jpg, id=1, 552.0625pt x 344.28625pt>
<use imgs/cachorroELobo.jpg>
Underfull \hbox (badness 10000) in paragraph at lines 36--42

[1{/var/lib/texmf/fonts/map/pdftex/updmap/pdftex.map}]
<imgs/tiposDeCromossomo.pdf, id=12, 762.31706pt x 200.75pt>
<use imgs/tiposDeCromossomo.pdf>
Underfull \hbox (badness 10000) in paragraph at lines 44--50


Underfull \hbox (badness 10000) in paragraph at lines 44--50


LaTeX Warning: Citation `UFRGS-Apostila-GA' on page 2 undefined on input line 5
2.


LaTeX Warning: Citation `Livro-De-IA' on page 2 undefined on input line 52.


LaTeX Warning: Citation `Livro-De-IA' on page 2 undefined on input line 52.

<imgs/diagramaCorte.pdf, id=13, 482.60298pt x 292.03165pt>
<use imgs/diagramaCorte.pdf>
Underfull \hbox (badness 10000) in paragraph at lines 52--62


Underfull \hbox (badness 10000) in paragraph at lines 52--62


Underfull \hbox (badness 10000) in paragraph at lines 52--62


Underfull \hbox (badness 10000) in paragraph at lines 52--62


Underfull \hbox (badness 10000) in paragraph at lines 52--62

[2 <./imgs/cachorroELobo.jpg> <./imgs/tiposDeCromossomo.pdf>]
<imgs/diagramaMascara.pdf, id=178, 482.60298pt x 276.26418pt>
<use imgs/diagramaMascara.pdf>
Underfull \hbox (badness 10000) in paragraph at lines 64--70


Underfull \hbox (badness 10000) in paragraph at lines 64--70


LaTeX Warning: Reference `fig:DiagramaAG' on page 3 undefined on input line 72.


<imgs/diagramaAG.pdf, id=179, 566.115pt x 528.97626pt>
<use imgs/diagramaAG.pdf>
Underfull \hbox (badness 10000) in paragraph at lines 70--78

[3 <./imgs/diagramaCorte.pdf> <./imgs/diagramaMascara.pdf

pdfTeX warning: pdflatex (file ./imgs/diagramaMascara.pdf): PDF inclusion: mult
iple pdfs with page group included in a single page
>]

LaTeX Warning: Reference `fig:AngryBirds' on page 4 undefined on input line 81.



Underfull \hbox (badness 10000) in paragraph at lines 81--83

(/usr/share/texlive/texmf-dist/tex/latex/base/omscmr.fd)

LaTeX Warning: Citation `videoMostrandoQueOjogoNaoEDeterministico' on page 4 un
defined on input line 85.

[4 <./imgs/diagramaAG.pdf>]
Underfull \hbox (badness 10000) in paragraph at lines 99--102


Underfull \hbox (badness 10000) in paragraph at lines 99--102


Underfull \hbox (badness 10000) in paragraph at lines 103--104


Underfull \hbox (badness 10000) in paragraph at lines 103--104


LaTeX Warning: Reference `fig:taxaAprendizagemTorneio' on page 5 undefined on i
nput line 107.


LaTeX Warning: Reference `fig:taxaAprendizagem2Torneio' on page 5 undefined on 
input line 107.


LaTeX Warning: Reference `fig:taxaAprendizagemRoleta' on page 5 undefined on in
put line 107.


LaTeX Warning: Reference `fig:taxaAprendizagem2Roleta' on page 5 undefined on i
nput line 107.

<use imgs/diagramaAG.pdf>
Underfull \hbox (badness 10000) in paragraph at lines 105--113


Underfull \hbox (badness 10000) in paragraph at lines 105--113


Underfull \hbox (badness 10000) in paragraph at lines 105--113


Underfull \hbox (badness 10000) in paragraph at lines 105--113

<use imgs/diagramaAG.pdf> [5] [6]

LaTeX Warning: Reference `tab:comparacao' on page 7 undefined on input line 125
.


Underfull \hbox (badness 10000) in paragraph at lines 122--138


Underfull \hbox (badness 10000) in paragraph at lines 122--138

(./sumarioExecutivo.bbl
Underfull \hbox (badness 1231) in paragraph at lines 4--9
[]\OT1/cmr/m/n/10 Diogo C. Lu-cas.  Al-go-rit-mos gen^^Seticos: uma in-trodu^^X
c~ao.  $\OT1/cmtt/m/n/10 http : / / www . inf . ufrgs . br / []alvares /
) [7] (./sumarioExecutivo.aux)

LaTeX Warning: There were undefined references.


LaTeX Warning: There were multiply-defined labels.

 )
(see the transcript file for additional information)</usr/share/texlive/texmf-d
ist/fonts/type1/public/amsfonts/cm/cmbx10.pfb></usr/share/texlive/texmf-dist/fo
nts/type1/public/amsfonts/cm/cmbx12.pfb></usr/share/texlive/texmf-dist/fonts/ty
pe1/public/amsfonts/cm/cmbx9.pfb></usr/share/texlive/texmf-dist/fonts/type1/pub
lic/amsfonts/cm/cmex10.pfb></usr/share/texlive/texmf-dist/fonts/type1/public/am
sfonts/cmextra/cmex7.pfb></usr/share/texlive/texmf-dist/fonts/type1/public/amsf
onts/cm/cmmi10.pfb></usr/share/texlive/texmf-dist/fonts/type1/public/amsfonts/c
m/cmmi5.pfb></usr/share/texlive/texmf-dist/fonts/type1/public/amsfonts/cm/cmmi7
.pfb></usr/share/texlive/texmf-dist/fonts/type1/public/amsfonts/cm/cmr10.pfb></
usr/share/texlive/texmf-dist/fonts/type1/public/amsfonts/cm/cmr12.pfb></usr/sha
re/texlive/texmf-dist/fonts/type1/public/amsfonts/cm/cmr17.pfb></usr/share/texl
ive/texmf-dist/fonts/type1/public/amsfonts/cm/cmr5.pfb></usr/share/texlive/texm
f-dist/fonts/type1/public/amsfonts/cm/cmr7.pfb></usr/share/texlive/texmf-dist/f
onts/type1/public/amsfonts/cm/cmr9.pfb></usr/share/texlive/texmf-dist/fonts/typ
e1/public/amsfonts/cm/cmsy10.pfb></usr/share/texlive/texmf-dist/fonts/type1/pub
lic/amsfonts/cm/cmtt10.pfb>
Output written on sumarioExecutivo.pdf (7 pages, 373432 bytes).
SyncTeX written on sumarioExecutivo.synctex.gz.
Transcript written on sumarioExecutivo.log.
kite@magi:~/Dropbox/private/programacao/ufabc/ia/abV1.32TreinamentoDoAgente/artigo$ pdflatex sumarioExecutivo
This is pdfTeX, Version 3.1415926-2.4-1.40.13 (TeX Live 2012/Debian)
 restricted \write18 enabled.
entering extended mode
(./sumarioExecutivo.tex
LaTeX2e <2011/06/27>
Babel <v3.8m> and hyphenation patterns for english, dumylang, nohyphenation, po
rtuguese, loaded.
(/usr/share/texlive/texmf-dist/tex/latex/base/article.cls
Document Class: article 2007/10/19 v1.4h Standard LaTeX document class
(/usr/share/texlive/texmf-dist/tex/latex/base/size10.clo))
(/usr/share/texlive/texmf-dist/tex/generic/oberdiek/ifpdf.sty)
(/usr/share/texlive/texmf-dist/tex/latex/base/inputenc.sty
(/usr/share/texlive/texmf-dist/tex/latex/base/utf8.def
(/usr/share/texlive/texmf-dist/tex/latex/base/t1enc.dfu)
(/usr/share/texlive/texmf-dist/tex/latex/base/ot1enc.dfu)
(/usr/share/texlive/texmf-dist/tex/latex/base/omsenc.dfu)))
(/usr/share/texlive/texmf-dist/tex/generic/babel/babel.sty
(/usr/share/texlive/texmf-dist/tex/generic/babel/portuges.ldf
(/usr/share/texlive/texmf-dist/tex/generic/babel/babel.def)))
(/usr/share/texlive/texmf-dist/tex/latex/float/float.sty)
(/usr/share/texlive/texmf-dist/tex/latex/graphics/graphicx.sty
(/usr/share/texlive/texmf-dist/tex/latex/graphics/keyval.sty)
(/usr/share/texlive/texmf-dist/tex/latex/graphics/graphics.sty
(/usr/share/texlive/texmf-dist/tex/latex/graphics/trig.sty)
(/usr/share/texlive/texmf-dist/tex/latex/latexconfig/graphics.cfg)
(/usr/share/texlive/texmf-dist/tex/latex/pdftex-def/pdftex.def
(/usr/share/texlive/texmf-dist/tex/generic/oberdiek/infwarerr.sty)
(/usr/share/texlive/texmf-dist/tex/generic/oberdiek/ltxcmds.sty))))
(/usr/share/texlive/texmf-dist/tex/latex/tools/enumerate.sty)
(/usr/share/texlive/texmf-dist/tex/latex/url/url.sty)
(/usr/share/texlive/texmf-dist/tex/latex/geometry/geometry.sty
(/usr/share/texlive/texmf-dist/tex/generic/oberdiek/ifvtex.sty)
(/usr/share/texlive/texmf-dist/tex/generic/ifxetex/ifxetex.sty))
(/usr/share/texlive/texmf-dist/tex/latex/amsmath/amsmath.sty
For additional information on amsmath, use the `?' option.
(/usr/share/texlive/texmf-dist/tex/latex/amsmath/amstext.sty
(/usr/share/texlive/texmf-dist/tex/latex/amsmath/amsgen.sty))
(/usr/share/texlive/texmf-dist/tex/latex/amsmath/amsbsy.sty)
(/usr/share/texlive/texmf-dist/tex/latex/amsmath/amsopn.sty))
(/usr/share/texlive/texmf-dist/tex/latex/tools/array.sty)
(./sumarioExecutivo.aux

LaTeX Warning: Label `fig:MostrandoOCruzamentoPorCorte' multiply defined.


LaTeX Warning: Label `fig:MostrandoOCruzamentoUniforme' multiply defined.


LaTeX Warning: Label `fig:MostrandoOCruzamentoUniforme' multiply defined.


LaTeX Warning: Label `fig:MostrandoOCruzamentoUniforme' multiply defined.

) (/usr/share/texlive/texmf-dist/tex/context/base/supp-pdf.mkii
[Loading MPS to PDF converter (version 2006.09.02).]
) (/usr/share/texlive/texmf-dist/tex/generic/oberdiek/pdftexcmds.sty
(/usr/share/texlive/texmf-dist/tex/generic/oberdiek/ifluatex.sty))
(/usr/share/texlive/texmf-dist/tex/latex/oberdiek/epstopdf-base.sty
(/usr/share/texlive/texmf-dist/tex/latex/oberdiek/grfext.sty
(/usr/share/texlive/texmf-dist/tex/generic/oberdiek/kvdefinekeys.sty))
(/usr/share/texlive/texmf-dist/tex/latex/oberdiek/kvoptions.sty
(/usr/share/texlive/texmf-dist/tex/generic/oberdiek/kvsetkeys.sty
(/usr/share/texlive/texmf-dist/tex/generic/oberdiek/etexcmds.sty)))
(/usr/share/texlive/texmf-dist/tex/latex/latexconfig/epstopdf-sys.cfg))
*geometry* driver: auto-detecting
*geometry* detected driver: pdftex

Underfull \hbox (badness 10000) in paragraph at lines 23--24


Underfull \hbox (badness 10000) in paragraph at lines 23--24


Underfull \hbox (badness 10000) in paragraph at lines 25--26


Underfull \hbox (badness 10000) in paragraph at lines 25--26


LaTeX Warning: Citation `aiBirds' on page 1 undefined on input line 28.


Underfull \hbox (badness 10000) in paragraph at lines 27--29


Underfull \hbox (badness 10000) in paragraph at lines 27--29


Underfull \hbox (badness 10000) in paragraph at lines 27--29


LaTeX Warning: Citation `primeiroAUsarAG' on page 1 undefined on input line 34.



Underfull \hbox (badness 10000) in paragraph at lines 34--35


Underfull \hbox (badness 10000) in paragraph at lines 34--35

<imgs/cachorroELobo.jpg, id=1, 552.0625pt x 344.28625pt>
<use imgs/cachorroELobo.jpg>
Underfull \hbox (badness 10000) in paragraph at lines 36--42

[1{/var/lib/texmf/fonts/map/pdftex/updmap/pdftex.map}]
<imgs/tiposDeCromossomo.pdf, id=12, 762.31706pt x 200.75pt>
<use imgs/tiposDeCromossomo.pdf>
Underfull \hbox (badness 10000) in paragraph at lines 44--50


Underfull \hbox (badness 10000) in paragraph at lines 44--50


LaTeX Warning: Citation `UFRGS-Apostila-GA' on page 2 undefined on input line 5
2.


LaTeX Warning: Citation `Livro-De-IA' on page 2 undefined on input line 52.


LaTeX Warning: Citation `Livro-De-IA' on page 2 undefined on input line 52.

<imgs/diagramaCorte.pdf, id=13, 482.60298pt x 292.03165pt>
<use imgs/diagramaCorte.pdf>
Underfull \hbox (badness 10000) in paragraph at lines 52--62


Underfull \hbox (badness 10000) in paragraph at lines 52--62


Underfull \hbox (badness 10000) in paragraph at lines 52--62


Underfull \hbox (badness 10000) in paragraph at lines 52--62


Underfull \hbox (badness 10000) in paragraph at lines 52--62

[2 <./imgs/cachorroELobo.jpg> <./imgs/tiposDeCromossomo.pdf>]
<imgs/diagramaMascara.pdf, id=178, 482.60298pt x 276.26418pt>
<use imgs/diagramaMascara.pdf>
Underfull \hbox (badness 10000) in paragraph at lines 64--70


Underfull \hbox (badness 10000) in paragraph at lines 64--70


LaTeX Warning: Reference `fig:DiagramaAG' on page 3 undefined on input line 72.


<imgs/diagramaAG.pdf, id=179, 566.115pt x 528.97626pt>
<use imgs/diagramaAG.pdf>
Underfull \hbox (badness 10000) in paragraph at lines 70--78

[3 <./imgs/diagramaCorte.pdf> <./imgs/diagramaMascara.pdf

pdfTeX warning: pdflatex (file ./imgs/diagramaMascara.pdf): PDF inclusion: mult
iple pdfs with page group included in a single page
>]

LaTeX Warning: Reference `fig:AngryBirds' on page 4 undefined on input line 81.



Underfull \hbox (badness 10000) in paragraph at lines 81--83

(/usr/share/texlive/texmf-dist/tex/latex/base/omscmr.fd)

LaTeX Warning: Citation `videoMostrandoQueOjogoNaoEDeterministico' on page 4 un
defined on input line 85.

[4 <./imgs/diagramaAG.pdf>]
Underfull \hbox (badness 10000) in paragraph at lines 99--102


Underfull \hbox (badness 10000) in paragraph at lines 99--102


Underfull \hbox (badness 10000) in paragraph at lines 103--104


Underfull \hbox (badness 10000) in paragraph at lines 103--104


LaTeX Warning: Reference `fig:taxaAprendizagemTorneio' on page 5 undefined on i
nput line 107.


LaTeX Warning: Reference `fig:taxaAprendizagem2Torneio' on page 5 undefined on 
input line 107.


LaTeX Warning: Reference `fig:taxaAprendizagemRoleta' on page 5 undefined on in
put line 107.


LaTeX Warning: Reference `fig:taxaAprendizagem2Roleta' on page 5 undefined on i
nput line 107.

<use imgs/diagramaAG.pdf>
Underfull \hbox (badness 10000) in paragraph at lines 105--113


Underfull \hbox (badness 10000) in paragraph at lines 105--113


Underfull \hbox (badness 10000) in paragraph at lines 105--113


Underfull \hbox (badness 10000) in paragraph at lines 105--113

<use imgs/diagramaAG.pdf> [5] [6]

LaTeX Warning: Reference `tab:comparacao' on page 7 undefined on input line 125
.


Overfull \hbox (3.36682pt too wide) in paragraph at lines 128--135
[][] 

Underfull \hbox (badness 10000) in paragraph at lines 122--138


Underfull \hbox (badness 10000) in paragraph at lines 122--138

(./sumarioExecutivo.bbl
Underfull \hbox (badness 1231) in paragraph at lines 4--9
[]\OT1/cmr/m/n/10 Diogo C. Lu-cas.  Al-go-rit-mos gen^^Seticos: uma in-trodu^^X
c~ao.  $\OT1/cmtt/m/n/10 http : / / www . inf . ufrgs . br / []alvares /
) [7] (./sumarioExecutivo.aux)

LaTeX Warning: There were undefined references.


LaTeX Warning: There were multiply-defined labels.

 )
(see the transcript file for additional information)</usr/share/texlive/texmf-d
ist/fonts/type1/public/amsfonts/cm/cmbx10.pfb></usr/share/texlive/texmf-dist/fo
nts/type1/public/amsfonts/cm/cmbx12.pfb></usr/share/texlive/texmf-dist/fonts/ty
pe1/public/amsfonts/cm/cmbx9.pfb></usr/share/texlive/texmf-dist/fonts/type1/pub
lic/amsfonts/cm/cmex10.pfb></usr/share/texlive/texmf-dist/fonts/type1/public/am
sfonts/cmextra/cmex7.pfb></usr/share/texlive/texmf-dist/fonts/type1/public/amsf
onts/cm/cmmi10.pfb></usr/share/texlive/texmf-dist/fonts/type1/public/amsfonts/c
m/cmmi5.pfb></usr/share/texlive/texmf-dist/fonts/type1/public/amsfonts/cm/cmmi7
.pfb></usr/share/texlive/texmf-dist/fonts/type1/public/amsfonts/cm/cmr10.pfb></
usr/share/texlive/texmf-dist/fonts/type1/public/amsfonts/cm/cmr12.pfb></usr/sha
re/texlive/texmf-dist/fonts/type1/public/amsfonts/cm/cmr17.pfb></usr/share/texl
ive/texmf-dist/fonts/type1/public/amsfonts/cm/cmr5.pfb></usr/share/texlive/texm
f-dist/fonts/type1/public/amsfonts/cm/cmr7.pfb></usr/share/texlive/texmf-dist/f
onts/type1/public/amsfonts/cm/cmr9.pfb></usr/share/texlive/texmf-dist/fonts/typ
e1/public/amsfonts/cm/cmsy10.pfb></usr/share/texlive/texmf-dist/fonts/type1/pub
lic/amsfonts/cm/cmtt10.pfb>
Output written on sumarioExecutivo.pdf (7 pages, 373394 bytes).
SyncTeX written on sumarioExecutivo.synctex.gz.
Transcript written on sumarioExecutivo.log.
kite@magi:~/Dropbox/private/programacao/ufabc/ia/abV1.32TreinamentoDoAgente/artigo$ pdflatex sumarioExecutivo
This is pdfTeX, Version 3.1415926-2.4-1.40.13 (TeX Live 2012/Debian)
 restricted \write18 enabled.
entering extended mode
(./sumarioExecutivo.tex
LaTeX2e <2011/06/27>
Babel <v3.8m> and hyphenation patterns for english, dumylang, nohyphenation, po
rtuguese, loaded.
(/usr/share/texlive/texmf-dist/tex/latex/base/article.cls
Document Class: article 2007/10/19 v1.4h Standard LaTeX document class
(/usr/share/texlive/texmf-dist/tex/latex/base/size10.clo))
(/usr/share/texlive/texmf-dist/tex/generic/oberdiek/ifpdf.sty)
(/usr/share/texlive/texmf-dist/tex/latex/base/inputenc.sty
(/usr/share/texlive/texmf-dist/tex/latex/base/utf8.def
(/usr/share/texlive/texmf-dist/tex/latex/base/t1enc.dfu)
(/usr/share/texlive/texmf-dist/tex/latex/base/ot1enc.dfu)
(/usr/share/texlive/texmf-dist/tex/latex/base/omsenc.dfu)))
(/usr/share/texlive/texmf-dist/tex/generic/babel/babel.sty
(/usr/share/texlive/texmf-dist/tex/generic/babel/portuges.ldf
(/usr/share/texlive/texmf-dist/tex/generic/babel/babel.def)))
(/usr/share/texlive/texmf-dist/tex/latex/float/float.sty)
(/usr/share/texlive/texmf-dist/tex/latex/graphics/graphicx.sty
(/usr/share/texlive/texmf-dist/tex/latex/graphics/keyval.sty)
(/usr/share/texlive/texmf-dist/tex/latex/graphics/graphics.sty
(/usr/share/texlive/texmf-dist/tex/latex/graphics/trig.sty)
(/usr/share/texlive/texmf-dist/tex/latex/latexconfig/graphics.cfg)
(/usr/share/texlive/texmf-dist/tex/latex/pdftex-def/pdftex.def
(/usr/share/texlive/texmf-dist/tex/generic/oberdiek/infwarerr.sty)
(/usr/share/texlive/texmf-dist/tex/generic/oberdiek/ltxcmds.sty))))
(/usr/share/texlive/texmf-dist/tex/latex/tools/enumerate.sty)
(/usr/share/texlive/texmf-dist/tex/latex/url/url.sty)
(/usr/share/texlive/texmf-dist/tex/latex/geometry/geometry.sty
(/usr/share/texlive/texmf-dist/tex/generic/oberdiek/ifvtex.sty)
(/usr/share/texlive/texmf-dist/tex/generic/ifxetex/ifxetex.sty))
(/usr/share/texlive/texmf-dist/tex/latex/amsmath/amsmath.sty
For additional information on amsmath, use the `?' option.
(/usr/share/texlive/texmf-dist/tex/latex/amsmath/amstext.sty
(/usr/share/texlive/texmf-dist/tex/latex/amsmath/amsgen.sty))
(/usr/share/texlive/texmf-dist/tex/latex/amsmath/amsbsy.sty)
(/usr/share/texlive/texmf-dist/tex/latex/amsmath/amsopn.sty))
(/usr/share/texlive/texmf-dist/tex/latex/tools/array.sty)
(./sumarioExecutivo.aux

LaTeX Warning: Label `fig:MostrandoOCruzamentoPorCorte' multiply defined.


LaTeX Warning: Label `fig:MostrandoOCruzamentoUniforme' multiply defined.


LaTeX Warning: Label `fig:MostrandoOCruzamentoUniforme' multiply defined.


LaTeX Warning: Label `fig:MostrandoOCruzamentoUniforme' multiply defined.

) (/usr/share/texlive/texmf-dist/tex/context/base/supp-pdf.mkii
[Loading MPS to PDF converter (version 2006.09.02).]
) (/usr/share/texlive/texmf-dist/tex/generic/oberdiek/pdftexcmds.sty
(/usr/share/texlive/texmf-dist/tex/generic/oberdiek/ifluatex.sty))
(/usr/share/texlive/texmf-dist/tex/latex/oberdiek/epstopdf-base.sty
(/usr/share/texlive/texmf-dist/tex/latex/oberdiek/grfext.sty
(/usr/share/texlive/texmf-dist/tex/generic/oberdiek/kvdefinekeys.sty))
(/usr/share/texlive/texmf-dist/tex/latex/oberdiek/kvoptions.sty
(/usr/share/texlive/texmf-dist/tex/generic/oberdiek/kvsetkeys.sty
(/usr/share/texlive/texmf-dist/tex/generic/oberdiek/etexcmds.sty)))
(/usr/share/texlive/texmf-dist/tex/latex/latexconfig/epstopdf-sys.cfg))
*geometry* driver: auto-detecting
*geometry* detected driver: pdftex

Underfull \hbox (badness 10000) in paragraph at lines 23--24


Underfull \hbox (badness 10000) in paragraph at lines 23--24


Underfull \hbox (badness 10000) in paragraph at lines 25--26


Underfull \hbox (badness 10000) in paragraph at lines 25--26


LaTeX Warning: Citation `aiBirds' on page 1 undefined on input line 28.


Underfull \hbox (badness 10000) in paragraph at lines 27--29


Underfull \hbox (badness 10000) in paragraph at lines 27--29


Underfull \hbox (badness 10000) in paragraph at lines 27--29


LaTeX Warning: Citation `primeiroAUsarAG' on page 1 undefined on input line 34.



Underfull \hbox (badness 10000) in paragraph at lines 34--35


Underfull \hbox (badness 10000) in paragraph at lines 34--35

<imgs/cachorroELobo.jpg, id=1, 552.0625pt x 344.28625pt>
<use imgs/cachorroELobo.jpg>
Underfull \hbox (badness 10000) in paragraph at lines 36--42

[1{/var/lib/texmf/fonts/map/pdftex/updmap/pdftex.map}]
<imgs/tiposDeCromossomo.pdf, id=12, 762.31706pt x 200.75pt>
<use imgs/tiposDeCromossomo.pdf>
Underfull \hbox (badness 10000) in paragraph at lines 44--50


Underfull \hbox (badness 10000) in paragraph at lines 44--50


LaTeX Warning: Citation `UFRGS-Apostila-GA' on page 2 undefined on input line 5
2.


LaTeX Warning: Citation `Livro-De-IA' on page 2 undefined on input line 52.


LaTeX Warning: Citation `Livro-De-IA' on page 2 undefined on input line 52.

<imgs/diagramaCorte.pdf, id=13, 482.60298pt x 292.03165pt>
<use imgs/diagramaCorte.pdf>
Underfull \hbox (badness 10000) in paragraph at lines 52--62


Underfull \hbox (badness 10000) in paragraph at lines 52--62


Underfull \hbox (badness 10000) in paragraph at lines 52--62


Underfull \hbox (badness 10000) in paragraph at lines 52--62


Underfull \hbox (badness 10000) in paragraph at lines 52--62

[2 <./imgs/cachorroELobo.jpg> <./imgs/tiposDeCromossomo.pdf>]
<imgs/diagramaMascara.pdf, id=178, 482.60298pt x 276.26418pt>
<use imgs/diagramaMascara.pdf>
Underfull \hbox (badness 10000) in paragraph at lines 64--70


Underfull \hbox (badness 10000) in paragraph at lines 64--70


LaTeX Warning: Reference `fig:DiagramaAG' on page 3 undefined on input line 72.


<imgs/diagramaAG.pdf, id=179, 566.115pt x 528.97626pt>
<use imgs/diagramaAG.pdf>
Underfull \hbox (badness 10000) in paragraph at lines 70--78

[3 <./imgs/diagramaCorte.pdf> <./imgs/diagramaMascara.pdf

pdfTeX warning: pdflatex (file ./imgs/diagramaMascara.pdf): PDF inclusion: mult
iple pdfs with page group included in a single page
>]

LaTeX Warning: Reference `fig:AngryBirds' on page 4 undefined on input line 81.



Underfull \hbox (badness 10000) in paragraph at lines 81--83

(/usr/share/texlive/texmf-dist/tex/latex/base/omscmr.fd)

LaTeX Warning: Citation `videoMostrandoQueOjogoNaoEDeterministico' on page 4 un
defined on input line 85.

[4 <./imgs/diagramaAG.pdf>]
Underfull \hbox (badness 10000) in paragraph at lines 99--102


Underfull \hbox (badness 10000) in paragraph at lines 99--102


Underfull \hbox (badness 10000) in paragraph at lines 103--104


Underfull \hbox (badness 10000) in paragraph at lines 103--104


LaTeX Warning: Reference `fig:taxaAprendizagemTorneio' on page 5 undefined on i
nput line 107.


LaTeX Warning: Reference `fig:taxaAprendizagem2Torneio' on page 5 undefined on 
input line 107.


LaTeX Warning: Reference `fig:taxaAprendizagemRoleta' on page 5 undefined on in
put line 107.


LaTeX Warning: Reference `fig:taxaAprendizagem2Roleta' on page 5 undefined on i
nput line 107.

<use imgs/diagramaAG.pdf>
Underfull \hbox (badness 10000) in paragraph at lines 105--113


Underfull \hbox (badness 10000) in paragraph at lines 105--113


Underfull \hbox (badness 10000) in paragraph at lines 105--113


Underfull \hbox (badness 10000) in paragraph at lines 105--113

<use imgs/diagramaAG.pdf> [5] [6]

LaTeX Warning: Reference `tab:comparacao' on page 7 undefined on input line 125
.


Underfull \hbox (badness 10000) in paragraph at lines 122--138


Underfull \hbox (badness 10000) in paragraph at lines 122--138

(./sumarioExecutivo.bbl
Underfull \hbox (badness 1231) in paragraph at lines 4--9
[]\OT1/cmr/m/n/10 Diogo C. Lu-cas.  Al-go-rit-mos gen^^Seticos: uma in-trodu^^X
c~ao.  $\OT1/cmtt/m/n/10 http : / / www . inf . ufrgs . br / []alvares /
) [7] (./sumarioExecutivo.aux)

LaTeX Warning: There were undefined references.


LaTeX Warning: There were multiply-defined labels.

 )
(see the transcript file for additional information)</usr/share/texlive/texmf-d
ist/fonts/type1/public/amsfonts/cm/cmbx10.pfb></usr/share/texlive/texmf-dist/fo
nts/type1/public/amsfonts/cm/cmbx12.pfb></usr/share/texlive/texmf-dist/fonts/ty
pe1/public/amsfonts/cm/cmbx9.pfb></usr/share/texlive/texmf-dist/fonts/type1/pub
lic/amsfonts/cm/cmex10.pfb></usr/share/texlive/texmf-dist/fonts/type1/public/am
sfonts/cmextra/cmex7.pfb></usr/share/texlive/texmf-dist/fonts/type1/public/amsf
onts/cm/cmmi10.pfb></usr/share/texlive/texmf-dist/fonts/type1/public/amsfonts/c
m/cmmi5.pfb></usr/share/texlive/texmf-dist/fonts/type1/public/amsfonts/cm/cmmi7
.pfb></usr/share/texlive/texmf-dist/fonts/type1/public/amsfonts/cm/cmr10.pfb></
usr/share/texlive/texmf-dist/fonts/type1/public/amsfonts/cm/cmr12.pfb></usr/sha
re/texlive/texmf-dist/fonts/type1/public/amsfonts/cm/cmr17.pfb></usr/share/texl
ive/texmf-dist/fonts/type1/public/amsfonts/cm/cmr5.pfb></usr/share/texlive/texm
f-dist/fonts/type1/public/amsfonts/cm/cmr7.pfb></usr/share/texlive/texmf-dist/f
onts/type1/public/amsfonts/cm/cmr9.pfb></usr/share/texlive/texmf-dist/fonts/typ
e1/public/amsfonts/cm/cmsy10.pfb></usr/share/texlive/texmf-dist/fonts/type1/pub
lic/amsfonts/cm/cmtt10.pfb>
Output written on sumarioExecutivo.pdf (7 pages, 373432 bytes).
SyncTeX written on sumarioExecutivo.synctex.gz.
Transcript written on sumarioExecutivo.log.
kite@magi:~/Dropbox/private/programacao/ufabc/ia/abV1.32TreinamentoDoAgente/artigo$ pdflatex sumarioExecutivo
This is pdfTeX, Version 3.1415926-2.4-1.40.13 (TeX Live 2012/Debian)
 restricted \write18 enabled.
entering extended mode
(./sumarioExecutivo.tex
LaTeX2e <2011/06/27>
Babel <v3.8m> and hyphenation patterns for english, dumylang, nohyphenation, po
rtuguese, loaded.
(/usr/share/texlive/texmf-dist/tex/latex/base/article.cls
Document Class: article 2007/10/19 v1.4h Standard LaTeX document class
(/usr/share/texlive/texmf-dist/tex/latex/base/size10.clo))
(/usr/share/texlive/texmf-dist/tex/generic/oberdiek/ifpdf.sty)
(/usr/share/texlive/texmf-dist/tex/latex/base/inputenc.sty
(/usr/share/texlive/texmf-dist/tex/latex/base/utf8.def
(/usr/share/texlive/texmf-dist/tex/latex/base/t1enc.dfu)
(/usr/share/texlive/texmf-dist/tex/latex/base/ot1enc.dfu)
(/usr/share/texlive/texmf-dist/tex/latex/base/omsenc.dfu)))
(/usr/share/texlive/texmf-dist/tex/generic/babel/babel.sty
(/usr/share/texlive/texmf-dist/tex/generic/babel/portuges.ldf
(/usr/share/texlive/texmf-dist/tex/generic/babel/babel.def)))
(/usr/share/texlive/texmf-dist/tex/latex/float/float.sty)
(/usr/share/texlive/texmf-dist/tex/latex/graphics/graphicx.sty
(/usr/share/texlive/texmf-dist/tex/latex/graphics/keyval.sty)
(/usr/share/texlive/texmf-dist/tex/latex/graphics/graphics.sty
(/usr/share/texlive/texmf-dist/tex/latex/graphics/trig.sty)
(/usr/share/texlive/texmf-dist/tex/latex/latexconfig/graphics.cfg)
(/usr/share/texlive/texmf-dist/tex/latex/pdftex-def/pdftex.def
(/usr/share/texlive/texmf-dist/tex/generic/oberdiek/infwarerr.sty)
(/usr/share/texlive/texmf-dist/tex/generic/oberdiek/ltxcmds.sty))))
(/usr/share/texlive/texmf-dist/tex/latex/tools/enumerate.sty)
(/usr/share/texlive/texmf-dist/tex/latex/url/url.sty)
(/usr/share/texlive/texmf-dist/tex/latex/geometry/geometry.sty
(/usr/share/texlive/texmf-dist/tex/generic/oberdiek/ifvtex.sty)
(/usr/share/texlive/texmf-dist/tex/generic/ifxetex/ifxetex.sty))
(/usr/share/texlive/texmf-dist/tex/latex/amsmath/amsmath.sty
For additional information on amsmath, use the `?' option.
(/usr/share/texlive/texmf-dist/tex/latex/amsmath/amstext.sty
(/usr/share/texlive/texmf-dist/tex/latex/amsmath/amsgen.sty))
(/usr/share/texlive/texmf-dist/tex/latex/amsmath/amsbsy.sty)
(/usr/share/texlive/texmf-dist/tex/latex/amsmath/amsopn.sty))
(/usr/share/texlive/texmf-dist/tex/latex/tools/array.sty)
(./sumarioExecutivo.aux

LaTeX Warning: Label `fig:MostrandoOCruzamentoPorCorte' multiply defined.


LaTeX Warning: Label `fig:MostrandoOCruzamentoUniforme' multiply defined.


LaTeX Warning: Label `fig:MostrandoOCruzamentoUniforme' multiply defined.


LaTeX Warning: Label `fig:MostrandoOCruzamentoUniforme' multiply defined.

) (/usr/share/texlive/texmf-dist/tex/context/base/supp-pdf.mkii
[Loading MPS to PDF converter (version 2006.09.02).]
) (/usr/share/texlive/texmf-dist/tex/generic/oberdiek/pdftexcmds.sty
(/usr/share/texlive/texmf-dist/tex/generic/oberdiek/ifluatex.sty))
(/usr/share/texlive/texmf-dist/tex/latex/oberdiek/epstopdf-base.sty
(/usr/share/texlive/texmf-dist/tex/latex/oberdiek/grfext.sty
(/usr/share/texlive/texmf-dist/tex/generic/oberdiek/kvdefinekeys.sty))
(/usr/share/texlive/texmf-dist/tex/latex/oberdiek/kvoptions.sty
(/usr/share/texlive/texmf-dist/tex/generic/oberdiek/kvsetkeys.sty
(/usr/share/texlive/texmf-dist/tex/generic/oberdiek/etexcmds.sty)))
(/usr/share/texlive/texmf-dist/tex/latex/latexconfig/epstopdf-sys.cfg))
*geometry* driver: auto-detecting
*geometry* detected driver: pdftex

Underfull \hbox (badness 10000) in paragraph at lines 23--24


Underfull \hbox (badness 10000) in paragraph at lines 23--24


Underfull \hbox (badness 10000) in paragraph at lines 25--26


Underfull \hbox (badness 10000) in paragraph at lines 25--26


LaTeX Warning: Citation `aiBirds' on page 1 undefined on input line 28.


Underfull \hbox (badness 10000) in paragraph at lines 27--29


Underfull \hbox (badness 10000) in paragraph at lines 27--29


Underfull \hbox (badness 10000) in paragraph at lines 27--29


LaTeX Warning: Citation `primeiroAUsarAG' on page 1 undefined on input line 34.



Underfull \hbox (badness 10000) in paragraph at lines 34--35


Underfull \hbox (badness 10000) in paragraph at lines 34--35

<imgs/cachorroELobo.jpg, id=1, 552.0625pt x 344.28625pt>
<use imgs/cachorroELobo.jpg>
Underfull \hbox (badness 10000) in paragraph at lines 36--42

[1{/var/lib/texmf/fonts/map/pdftex/updmap/pdftex.map}]
<imgs/tiposDeCromossomo.pdf, id=12, 762.31706pt x 200.75pt>
<use imgs/tiposDeCromossomo.pdf>
Underfull \hbox (badness 10000) in paragraph at lines 44--50


Underfull \hbox (badness 10000) in paragraph at lines 44--50


LaTeX Warning: Citation `UFRGS-Apostila-GA' on page 2 undefined on input line 5
2.


LaTeX Warning: Citation `Livro-De-IA' on page 2 undefined on input line 52.


LaTeX Warning: Citation `Livro-De-IA' on page 2 undefined on input line 52.

<imgs/diagramaCorte.pdf, id=13, 482.60298pt x 292.03165pt>
<use imgs/diagramaCorte.pdf>
Underfull \hbox (badness 10000) in paragraph at lines 52--62


Underfull \hbox (badness 10000) in paragraph at lines 52--62


Underfull \hbox (badness 10000) in paragraph at lines 52--62


Underfull \hbox (badness 10000) in paragraph at lines 52--62


Underfull \hbox (badness 10000) in paragraph at lines 52--62

[2 <./imgs/cachorroELobo.jpg> <./imgs/tiposDeCromossomo.pdf>]
<imgs/diagramaMascara.pdf, id=178, 482.60298pt x 276.26418pt>
<use imgs/diagramaMascara.pdf>
Underfull \hbox (badness 10000) in paragraph at lines 64--70


Underfull \hbox (badness 10000) in paragraph at lines 64--70


LaTeX Warning: Reference `fig:DiagramaAG' on page 3 undefined on input line 72.


<imgs/diagramaAG.pdf, id=179, 566.115pt x 528.97626pt>
<use imgs/diagramaAG.pdf>
Underfull \hbox (badness 10000) in paragraph at lines 70--78

[3 <./imgs/diagramaCorte.pdf> <./imgs/diagramaMascara.pdf

pdfTeX warning: pdflatex (file ./imgs/diagramaMascara.pdf): PDF inclusion: mult
iple pdfs with page group included in a single page
>]

LaTeX Warning: Reference `fig:AngryBirds' on page 4 undefined on input line 81.



Underfull \hbox (badness 10000) in paragraph at lines 81--83

(/usr/share/texlive/texmf-dist/tex/latex/base/omscmr.fd)

LaTeX Warning: Citation `videoMostrandoQueOjogoNaoEDeterministico' on page 4 un
defined on input line 85.

[4 <./imgs/diagramaAG.pdf>]
Underfull \hbox (badness 10000) in paragraph at lines 99--102


Underfull \hbox (badness 10000) in paragraph at lines 99--102


Underfull \hbox (badness 10000) in paragraph at lines 103--104


Underfull \hbox (badness 10000) in paragraph at lines 103--104


LaTeX Warning: Reference `fig:taxaAprendizagemTorneio' on page 5 undefined on i
nput line 107.


LaTeX Warning: Reference `fig:taxaAprendizagem2Torneio' on page 5 undefined on 
input line 107.


LaTeX Warning: Reference `fig:taxaAprendizagemRoleta' on page 5 undefined on in
put line 107.


LaTeX Warning: Reference `fig:taxaAprendizagem2Roleta' on page 5 undefined on i
nput line 107.

<use imgs/diagramaAG.pdf>
Underfull \hbox (badness 10000) in paragraph at lines 105--113


Underfull \hbox (badness 10000) in paragraph at lines 105--113


Underfull \hbox (badness 10000) in paragraph at lines 105--113


Underfull \hbox (badness 10000) in paragraph at lines 105--113

<use imgs/diagramaAG.pdf> [5] [6]

LaTeX Warning: Reference `tab:comparacao' on page 7 undefined on input line 125
.


Underfull \hbox (badness 10000) in paragraph at lines 122--138


Underfull \hbox (badness 10000) in paragraph at lines 122--138

(./sumarioExecutivo.bbl
Underfull \hbox (badness 1231) in paragraph at lines 4--9
[]\OT1/cmr/m/n/10 Diogo C. Lu-cas.  Al-go-rit-mos gen^^Seticos: uma in-trodu^^X
c~ao.  $\OT1/cmtt/m/n/10 http : / / www . inf . ufrgs . br / []alvares /
) [7] (./sumarioExecutivo.aux)

LaTeX Warning: There were undefined references.


LaTeX Warning: There were multiply-defined labels.

 )
(see the transcript file for additional information)</usr/share/texlive/texmf-d
ist/fonts/type1/public/amsfonts/cm/cmbx10.pfb></usr/share/texlive/texmf-dist/fo
nts/type1/public/amsfonts/cm/cmbx12.pfb></usr/share/texlive/texmf-dist/fonts/ty
pe1/public/amsfonts/cm/cmbx9.pfb></usr/share/texlive/texmf-dist/fonts/type1/pub
lic/amsfonts/cm/cmex10.pfb></usr/share/texlive/texmf-dist/fonts/type1/public/am
sfonts/cmextra/cmex7.pfb></usr/share/texlive/texmf-dist/fonts/type1/public/amsf
onts/cm/cmmi10.pfb></usr/share/texlive/texmf-dist/fonts/type1/public/amsfonts/c
m/cmmi5.pfb></usr/share/texlive/texmf-dist/fonts/type1/public/amsfonts/cm/cmmi7
.pfb></usr/share/texlive/texmf-dist/fonts/type1/public/amsfonts/cm/cmr10.pfb></
usr/share/texlive/texmf-dist/fonts/type1/public/amsfonts/cm/cmr12.pfb></usr/sha
re/texlive/texmf-dist/fonts/type1/public/amsfonts/cm/cmr17.pfb></usr/share/texl
ive/texmf-dist/fonts/type1/public/amsfonts/cm/cmr5.pfb></usr/share/texlive/texm
f-dist/fonts/type1/public/amsfonts/cm/cmr7.pfb></usr/share/texlive/texmf-dist/f
onts/type1/public/amsfonts/cm/cmr9.pfb></usr/share/texlive/texmf-dist/fonts/typ
e1/public/amsfonts/cm/cmsy10.pfb></usr/share/texlive/texmf-dist/fonts/type1/pub
lic/amsfonts/cm/cmtt10.pfb>
Output written on sumarioExecutivo.pdf (7 pages, 373432 bytes).
SyncTeX written on sumarioExecutivo.synctex.gz.
Transcript written on sumarioExecutivo.log.
kite@magi:~/Dropbox/private/programacao/ufabc/ia/abV1.32TreinamentoDoAgente/artigo$ pdflatex sumarioExecutivo
This is pdfTeX, Version 3.1415926-2.4-1.40.13 (TeX Live 2012/Debian)
 restricted \write18 enabled.
entering extended mode
(./sumarioExecutivo.tex
LaTeX2e <2011/06/27>
Babel <v3.8m> and hyphenation patterns for english, dumylang, nohyphenation, po
rtuguese, loaded.
(/usr/share/texlive/texmf-dist/tex/latex/base/article.cls
Document Class: article 2007/10/19 v1.4h Standard LaTeX document class
(/usr/share/texlive/texmf-dist/tex/latex/base/size10.clo))
(/usr/share/texlive/texmf-dist/tex/generic/oberdiek/ifpdf.sty)
(/usr/share/texlive/texmf-dist/tex/latex/base/inputenc.sty
(/usr/share/texlive/texmf-dist/tex/latex/base/utf8.def
(/usr/share/texlive/texmf-dist/tex/latex/base/t1enc.dfu)
(/usr/share/texlive/texmf-dist/tex/latex/base/ot1enc.dfu)
(/usr/share/texlive/texmf-dist/tex/latex/base/omsenc.dfu)))
(/usr/share/texlive/texmf-dist/tex/generic/babel/babel.sty
(/usr/share/texlive/texmf-dist/tex/generic/babel/portuges.ldf
(/usr/share/texlive/texmf-dist/tex/generic/babel/babel.def)))
(/usr/share/texlive/texmf-dist/tex/latex/float/float.sty)
(/usr/share/texlive/texmf-dist/tex/latex/graphics/graphicx.sty
(/usr/share/texlive/texmf-dist/tex/latex/graphics/keyval.sty)
(/usr/share/texlive/texmf-dist/tex/latex/graphics/graphics.sty
(/usr/share/texlive/texmf-dist/tex/latex/graphics/trig.sty)
(/usr/share/texlive/texmf-dist/tex/latex/latexconfig/graphics.cfg)
(/usr/share/texlive/texmf-dist/tex/latex/pdftex-def/pdftex.def
(/usr/share/texlive/texmf-dist/tex/generic/oberdiek/infwarerr.sty)
(/usr/share/texlive/texmf-dist/tex/generic/oberdiek/ltxcmds.sty))))
(/usr/share/texlive/texmf-dist/tex/latex/tools/enumerate.sty)
(/usr/share/texlive/texmf-dist/tex/latex/url/url.sty)
(/usr/share/texlive/texmf-dist/tex/latex/geometry/geometry.sty
(/usr/share/texlive/texmf-dist/tex/generic/oberdiek/ifvtex.sty)
(/usr/share/texlive/texmf-dist/tex/generic/ifxetex/ifxetex.sty))
(/usr/share/texlive/texmf-dist/tex/latex/amsmath/amsmath.sty
For additional information on amsmath, use the `?' option.
(/usr/share/texlive/texmf-dist/tex/latex/amsmath/amstext.sty
(/usr/share/texlive/texmf-dist/tex/latex/amsmath/amsgen.sty))
(/usr/share/texlive/texmf-dist/tex/latex/amsmath/amsbsy.sty)
(/usr/share/texlive/texmf-dist/tex/latex/amsmath/amsopn.sty))
(/usr/share/texlive/texmf-dist/tex/latex/tools/array.sty)
(./sumarioExecutivo.aux

LaTeX Warning: Label `fig:MostrandoOCruzamentoPorCorte' multiply defined.


LaTeX Warning: Label `fig:MostrandoOCruzamentoUniforme' multiply defined.


LaTeX Warning: Label `fig:MostrandoOCruzamentoUniforme' multiply defined.


LaTeX Warning: Label `fig:MostrandoOCruzamentoUniforme' multiply defined.

) (/usr/share/texlive/texmf-dist/tex/context/base/supp-pdf.mkii
[Loading MPS to PDF converter (version 2006.09.02).]
) (/usr/share/texlive/texmf-dist/tex/generic/oberdiek/pdftexcmds.sty
(/usr/share/texlive/texmf-dist/tex/generic/oberdiek/ifluatex.sty))
(/usr/share/texlive/texmf-dist/tex/latex/oberdiek/epstopdf-base.sty
(/usr/share/texlive/texmf-dist/tex/latex/oberdiek/grfext.sty
(/usr/share/texlive/texmf-dist/tex/generic/oberdiek/kvdefinekeys.sty))
(/usr/share/texlive/texmf-dist/tex/latex/oberdiek/kvoptions.sty
(/usr/share/texlive/texmf-dist/tex/generic/oberdiek/kvsetkeys.sty
(/usr/share/texlive/texmf-dist/tex/generic/oberdiek/etexcmds.sty)))
(/usr/share/texlive/texmf-dist/tex/latex/latexconfig/epstopdf-sys.cfg))
*geometry* driver: auto-detecting
*geometry* detected driver: pdftex

Underfull \hbox (badness 10000) in paragraph at lines 23--24


Underfull \hbox (badness 10000) in paragraph at lines 23--24


Underfull \hbox (badness 10000) in paragraph at lines 25--26


Underfull \hbox (badness 10000) in paragraph at lines 25--26


LaTeX Warning: Citation `aiBirds' on page 1 undefined on input line 28.


Underfull \hbox (badness 10000) in paragraph at lines 27--29


Underfull \hbox (badness 10000) in paragraph at lines 27--29


Underfull \hbox (badness 10000) in paragraph at lines 27--29


LaTeX Warning: Citation `primeiroAUsarAG' on page 1 undefined on input line 34.



Underfull \hbox (badness 10000) in paragraph at lines 34--35


Underfull \hbox (badness 10000) in paragraph at lines 34--35

<imgs/cachorroELobo.jpg, id=1, 552.0625pt x 344.28625pt>
<use imgs/cachorroELobo.jpg>
Underfull \hbox (badness 10000) in paragraph at lines 36--42

[1{/var/lib/texmf/fonts/map/pdftex/updmap/pdftex.map}]
<imgs/tiposDeCromossomo.pdf, id=12, 762.31706pt x 200.75pt>
<use imgs/tiposDeCromossomo.pdf>
Underfull \hbox (badness 10000) in paragraph at lines 44--50


Underfull \hbox (badness 10000) in paragraph at lines 44--50


LaTeX Warning: Citation `UFRGS-Apostila-GA' on page 2 undefined on input line 5
2.


LaTeX Warning: Citation `Livro-De-IA' on page 2 undefined on input line 52.


LaTeX Warning: Citation `Livro-De-IA' on page 2 undefined on input line 52.

<imgs/diagramaCorte.pdf, id=13, 482.60298pt x 292.03165pt>
<use imgs/diagramaCorte.pdf>
Underfull \hbox (badness 10000) in paragraph at lines 52--62


Underfull \hbox (badness 10000) in paragraph at lines 52--62


Underfull \hbox (badness 10000) in paragraph at lines 52--62


Underfull \hbox (badness 10000) in paragraph at lines 52--62


Underfull \hbox (badness 10000) in paragraph at lines 52--62

[2 <./imgs/cachorroELobo.jpg> <./imgs/tiposDeCromossomo.pdf>]
<imgs/diagramaMascara.pdf, id=178, 482.60298pt x 276.26418pt>
<use imgs/diagramaMascara.pdf>
Underfull \hbox (badness 10000) in paragraph at lines 64--70


Underfull \hbox (badness 10000) in paragraph at lines 64--70


LaTeX Warning: Reference `fig:DiagramaAG' on page 3 undefined on input line 72.


<imgs/diagramaAG.pdf, id=179, 566.115pt x 528.97626pt>
<use imgs/diagramaAG.pdf>
Underfull \hbox (badness 10000) in paragraph at lines 70--78

[3 <./imgs/diagramaCorte.pdf> <./imgs/diagramaMascara.pdf

pdfTeX warning: pdflatex (file ./imgs/diagramaMascara.pdf): PDF inclusion: mult
iple pdfs with page group included in a single page
>]

LaTeX Warning: Reference `fig:AngryBirds' on page 4 undefined on input line 81.



Underfull \hbox (badness 10000) in paragraph at lines 81--83

(/usr/share/texlive/texmf-dist/tex/latex/base/omscmr.fd)

LaTeX Warning: Citation `videoMostrandoQueOjogoNaoEDeterministico' on page 4 un
defined on input line 85.

[4 <./imgs/diagramaAG.pdf>]
Underfull \hbox (badness 10000) in paragraph at lines 99--102


Underfull \hbox (badness 10000) in paragraph at lines 99--102


Underfull \hbox (badness 10000) in paragraph at lines 103--104


Underfull \hbox (badness 10000) in paragraph at lines 103--104


LaTeX Warning: Reference `fig:taxaAprendizagemTorneio' on page 5 undefined on i
nput line 107.


LaTeX Warning: Reference `fig:taxaAprendizagem2Torneio' on page 5 undefined on 
input line 107.


LaTeX Warning: Reference `fig:taxaAprendizagemRoleta' on page 5 undefined on in
put line 107.


LaTeX Warning: Reference `fig:taxaAprendizagem2Roleta' on page 5 undefined on i
nput line 107.

<use imgs/diagramaAG.pdf>
Underfull \hbox (badness 10000) in paragraph at lines 105--113


Underfull \hbox (badness 10000) in paragraph at lines 105--113


Underfull \hbox (badness 10000) in paragraph at lines 105--113


Underfull \hbox (badness 10000) in paragraph at lines 105--113

<use imgs/diagramaAG.pdf> [5] [6]

LaTeX Warning: Reference `tab:comparacao' on page 7 undefined on input line 125
.


Underfull \hbox (badness 10000) in paragraph at lines 122--138


Underfull \hbox (badness 10000) in paragraph at lines 122--138

(./sumarioExecutivo.bbl
Underfull \hbox (badness 1231) in paragraph at lines 4--9
[]\OT1/cmr/m/n/10 Diogo C. Lu-cas.  Al-go-rit-mos gen^^Seticos: uma in-trodu^^X
c~ao.  $\OT1/cmtt/m/n/10 http : / / www . inf . ufrgs . br / []alvares /
) [7] (./sumarioExecutivo.aux)

LaTeX Warning: There were undefined references.


LaTeX Warning: There were multiply-defined labels.

 )
(see the transcript file for additional information)</usr/share/texlive/texmf-d
ist/fonts/type1/public/amsfonts/cm/cmbx10.pfb></usr/share/texlive/texmf-dist/fo
nts/type1/public/amsfonts/cm/cmbx12.pfb></usr/share/texlive/texmf-dist/fonts/ty
pe1/public/amsfonts/cm/cmbx9.pfb></usr/share/texlive/texmf-dist/fonts/type1/pub
lic/amsfonts/cm/cmex10.pfb></usr/share/texlive/texmf-dist/fonts/type1/public/am
sfonts/cmextra/cmex7.pfb></usr/share/texlive/texmf-dist/fonts/type1/public/amsf
onts/cm/cmmi10.pfb></usr/share/texlive/texmf-dist/fonts/type1/public/amsfonts/c
m/cmmi5.pfb></usr/share/texlive/texmf-dist/fonts/type1/public/amsfonts/cm/cmmi7
.pfb></usr/share/texlive/texmf-dist/fonts/type1/public/amsfonts/cm/cmr10.pfb></
usr/share/texlive/texmf-dist/fonts/type1/public/amsfonts/cm/cmr12.pfb></usr/sha
re/texlive/texmf-dist/fonts/type1/public/amsfonts/cm/cmr17.pfb></usr/share/texl
ive/texmf-dist/fonts/type1/public/amsfonts/cm/cmr5.pfb></usr/share/texlive/texm
f-dist/fonts/type1/public/amsfonts/cm/cmr7.pfb></usr/share/texlive/texmf-dist/f
onts/type1/public/amsfonts/cm/cmr9.pfb></usr/share/texlive/texmf-dist/fonts/typ
e1/public/amsfonts/cm/cmsy10.pfb></usr/share/texlive/texmf-dist/fonts/type1/pub
lic/amsfonts/cm/cmtt10.pfb>
Output written on sumarioExecutivo.pdf (7 pages, 373432 bytes).
SyncTeX written on sumarioExecutivo.synctex.gz.
Transcript written on sumarioExecutivo.log.
kite@magi:~/Dropbox/private/programacao/ufabc/ia/abV1.32TreinamentoDoAgente/artigo$ 